[2026-05-23T09:45:19.821+0000] {local_task_job_runner.py:123} INFO - ::group::Pre task execution logs
[2026-05-23T09:45:19.829+0000] {taskinstance.py:2632} INFO - Dependencies all met for dep_context=non-requeueable deps ti=<TaskInstance: fraud_pipeline_bronze_hourly.run_spark_pyspark_job scheduled__2026-05-23T09:35:00+00:00 [queued]>
[2026-05-23T09:45:19.831+0000] {taskinstance.py:2632} INFO - Dependencies all met for dep_context=requeueable deps ti=<TaskInstance: fraud_pipeline_bronze_hourly.run_spark_pyspark_job scheduled__2026-05-23T09:35:00+00:00 [queued]>
[2026-05-23T09:45:19.831+0000] {taskinstance.py:2885} INFO - Starting attempt 2 of 3
[2026-05-23T09:45:19.835+0000] {taskinstance.py:2908} INFO - Executing <Task(BashOperator): run_spark_pyspark_job> on 2026-05-23 09:35:00+00:00
[2026-05-23T09:45:19.837+0000] {logging_mixin.py:190} WARNING - /home/airflow/.local/lib/python3.12/site-packages/airflow/task/task_runner/standard_task_runner.py:70 DeprecationWarning: This process (pid=694) is multi-threaded, use of fork() may lead to deadlocks in the child.
[2026-05-23T09:45:19.838+0000] {standard_task_runner.py:72} INFO - Started process 695 to run task
[2026-05-23T09:45:19.837+0000] {standard_task_runner.py:104} INFO - Running: ['airflow', 'tasks', 'run', 'fraud_pipeline_bronze_hourly', 'run_spark_pyspark_job', 'scheduled__2026-05-23T09:35:00+00:00', '--job-id', '5', '--raw', '--subdir', 'DAGS_FOLDER/spark_interval_ingestion.py', '--cfg-path', '/tmp/tmpoqh2h31s']
[2026-05-23T09:45:19.839+0000] {standard_task_runner.py:105} INFO - Job 5: Subtask run_spark_pyspark_job
[2026-05-23T09:45:19.859+0000] {task_command.py:467} INFO - Running <TaskInstance: fraud_pipeline_bronze_hourly.run_spark_pyspark_job scheduled__2026-05-23T09:35:00+00:00 [running]> on host 72e09788f9a7
[2026-05-23T09:45:19.884+0000] {taskinstance.py:3158} INFO - Exporting env vars: AIRFLOW_CTX_DAG_EMAIL='bjk18261910@gmail.com' AIRFLOW_CTX_DAG_OWNER='agungpribadi' AIRFLOW_CTX_DAG_ID='fraud_pipeline_bronze_hourly' AIRFLOW_CTX_TASK_ID='run_spark_pyspark_job' AIRFLOW_CTX_EXECUTION_DATE='2026-05-23T09:35:00+00:00' AIRFLOW_CTX_TRY_NUMBER='2' AIRFLOW_CTX_DAG_RUN_ID='scheduled__2026-05-23T09:35:00+00:00'
[2026-05-23T09:45:19.884+0000] {taskinstance.py:740} INFO - ::endgroup::
[2026-05-23T09:45:19.889+0000] {subprocess.py:78} INFO - Tmp dir root location: /tmp
[2026-05-23T09:45:19.890+0000] {subprocess.py:88} INFO - Running command: ['/usr/bin/bash', '-c', 'cd /app && python bronze_ingestion.py']
[2026-05-23T09:45:19.892+0000] {subprocess.py:99} INFO - Output:
[2026-05-23T09:45:20.223+0000] {subprocess.py:106} INFO - WARNING: Using incubator modules: jdk.incubator.vector
[2026-05-23T09:45:20.588+0000] {subprocess.py:106} INFO - :: loading settings :: url = jar:file:/home/airflow/.local/lib/python3.12/site-packages/pyspark/jars/ivy-2.5.3.jar!/org/apache/ivy/core/settings/ivysettings.xml
[2026-05-23T09:45:20.607+0000] {subprocess.py:106} INFO - Ivy Default Cache set to: /home/airflow/.ivy2.5.2/cache
[2026-05-23T09:45:20.607+0000] {subprocess.py:106} INFO - The jars for the packages stored in: /home/airflow/.ivy2.5.2/jars
[2026-05-23T09:45:20.608+0000] {subprocess.py:106} INFO - org.apache.spark#spark-sql-kafka-0-10_2.13 added as a dependency
[2026-05-23T09:45:20.608+0000] {subprocess.py:106} INFO - :: resolving dependencies :: org.apache.spark#spark-submit-parent-261745c5-684d-4cc2-b774-50d0fcfab9ea;1.0
[2026-05-23T09:45:20.608+0000] {subprocess.py:106} INFO - 	confs: [default]
[2026-05-23T09:45:20.657+0000] {subprocess.py:106} INFO - 	found org.apache.spark#spark-sql-kafka-0-10_2.13;4.1.1 in central
[2026-05-23T09:45:20.676+0000] {subprocess.py:106} INFO - 	found org.apache.spark#spark-token-provider-kafka-0-10_2.13;4.1.1 in central
[2026-05-23T09:45:20.684+0000] {subprocess.py:106} INFO - 	found org.apache.kafka#kafka-clients;3.9.1 in central
[2026-05-23T09:45:20.691+0000] {subprocess.py:106} INFO - 	found org.lz4#lz4-java;1.8.0 in central
[2026-05-23T09:45:20.697+0000] {subprocess.py:106} INFO - 	found org.xerial.snappy#snappy-java;1.1.10.8 in central
[2026-05-23T09:45:20.702+0000] {subprocess.py:106} INFO - 	found org.slf4j#slf4j-api;2.0.17 in central
[2026-05-23T09:45:20.709+0000] {subprocess.py:106} INFO - 	found org.apache.hadoop#hadoop-client-runtime;3.4.2 in central
[2026-05-23T09:45:20.719+0000] {subprocess.py:106} INFO - 	found org.apache.hadoop#hadoop-client-api;3.4.2 in central
[2026-05-23T09:45:20.727+0000] {subprocess.py:106} INFO - 	found com.google.code.findbugs#jsr305;3.0.0 in central
[2026-05-23T09:45:20.732+0000] {subprocess.py:106} INFO - 	found org.scala-lang.modules#scala-parallel-collections_2.13;1.2.0 in central
[2026-05-23T09:45:20.737+0000] {subprocess.py:106} INFO - 	found org.apache.commons#commons-pool2;2.12.1 in central
[2026-05-23T09:45:21.092+0000] {subprocess.py:106} INFO - downloading https://repo1.maven.org/maven2/org/apache/hadoop/hadoop-client-runtime/3.4.2/hadoop-client-runtime-3.4.2.jar ...
[2026-05-23T09:45:48.572+0000] {subprocess.py:106} INFO - downloading https://repo1.maven.org/maven2/org/apache/hadoop/hadoop-client-api/3.4.2/hadoop-client-api-3.4.2.jar ...
[2026-05-23T09:46:07.451+0000] {subprocess.py:106} INFO - :: resolution report :: resolve 134ms :: artifacts dl 46708ms
[2026-05-23T09:46:07.456+0000] {subprocess.py:106} INFO - 	:: modules in use:
[2026-05-23T09:46:07.456+0000] {subprocess.py:106} INFO - 	com.google.code.findbugs#jsr305;3.0.0 from central in [default]
[2026-05-23T09:46:07.457+0000] {subprocess.py:106} INFO - 	org.apache.commons#commons-pool2;2.12.1 from central in [default]
[2026-05-23T09:46:07.458+0000] {subprocess.py:106} INFO - 	org.apache.hadoop#hadoop-client-api;3.4.2 from central in [default]
[2026-05-23T09:46:07.458+0000] {subprocess.py:106} INFO - 	org.apache.hadoop#hadoop-client-runtime;3.4.2 from central in [default]
[2026-05-23T09:46:07.458+0000] {subprocess.py:106} INFO - 	org.apache.kafka#kafka-clients;3.9.1 from central in [default]
[2026-05-23T09:46:07.458+0000] {subprocess.py:106} INFO - 	org.apache.spark#spark-sql-kafka-0-10_2.13;4.1.1 from central in [default]
[2026-05-23T09:46:07.459+0000] {subprocess.py:106} INFO - 	org.apache.spark#spark-token-provider-kafka-0-10_2.13;4.1.1 from central in [default]
[2026-05-23T09:46:07.459+0000] {subprocess.py:106} INFO - 	org.lz4#lz4-java;1.8.0 from central in [default]
[2026-05-23T09:46:07.459+0000] {subprocess.py:106} INFO - 	org.scala-lang.modules#scala-parallel-collections_2.13;1.2.0 from central in [default]
[2026-05-23T09:46:07.459+0000] {subprocess.py:106} INFO - 	org.slf4j#slf4j-api;2.0.17 from central in [default]
[2026-05-23T09:46:07.459+0000] {subprocess.py:106} INFO - 	org.xerial.snappy#snappy-java;1.1.10.8 from central in [default]
[2026-05-23T09:46:07.459+0000] {subprocess.py:106} INFO - 	---------------------------------------------------------------------
[2026-05-23T09:46:07.460+0000] {subprocess.py:106} INFO - 	|                  |            modules            ||   artifacts   |
[2026-05-23T09:46:07.460+0000] {subprocess.py:106} INFO - 	|       conf       | number| search|dwnlded|evicted|| number|dwnlded|
[2026-05-23T09:46:07.460+0000] {subprocess.py:106} INFO - 	---------------------------------------------------------------------
[2026-05-23T09:46:07.460+0000] {subprocess.py:106} INFO - 	|      default     |   11  |   0   |   0   |   0   ||   11  |   0   |
[2026-05-23T09:46:07.461+0000] {subprocess.py:106} INFO - 	---------------------------------------------------------------------
[2026-05-23T09:46:07.461+0000] {subprocess.py:106} INFO - 
[2026-05-23T09:46:07.462+0000] {subprocess.py:106} INFO - :: problems summary ::
[2026-05-23T09:46:07.462+0000] {subprocess.py:106} INFO - :::: WARNINGS
[2026-05-23T09:46:07.462+0000] {subprocess.py:106} INFO - 		[FAILED     ] org.apache.hadoop#hadoop-client-runtime;3.4.2!hadoop-client-runtime.jar: Downloaded file size (0) doesn't match expected Content Length (30502934) for https://repo1.maven.org/maven2/org/apache/hadoop/hadoop-client-runtime/3.4.2/hadoop-client-runtime-3.4.2.jar. Please retry. (27732ms)
[2026-05-23T09:46:07.462+0000] {subprocess.py:106} INFO - 
[2026-05-23T09:46:07.463+0000] {subprocess.py:106} INFO - 		[FAILED     ] org.apache.hadoop#hadoop-client-runtime;3.4.2!hadoop-client-runtime.jar: Downloaded file size (0) doesn't match expected Content Length (30502934) for https://repo1.maven.org/maven2/org/apache/hadoop/hadoop-client-runtime/3.4.2/hadoop-client-runtime-3.4.2.jar. Please retry. (27732ms)
[2026-05-23T09:46:07.463+0000] {subprocess.py:106} INFO - 
[2026-05-23T09:46:07.463+0000] {subprocess.py:106} INFO - 	==== central: tried
[2026-05-23T09:46:07.464+0000] {subprocess.py:106} INFO - 
[2026-05-23T09:46:07.464+0000] {subprocess.py:106} INFO - 	  https://repo1.maven.org/maven2/org/apache/hadoop/hadoop-client-runtime/3.4.2/hadoop-client-runtime-3.4.2.jar
[2026-05-23T09:46:07.464+0000] {subprocess.py:106} INFO - 
[2026-05-23T09:46:07.465+0000] {subprocess.py:106} INFO - 		[FAILED     ] org.apache.hadoop#hadoop-client-api;3.4.2!hadoop-client-api.jar: Downloaded file size (0) doesn't match expected Content Length (19665963) for https://repo1.maven.org/maven2/org/apache/hadoop/hadoop-client-api/3.4.2/hadoop-client-api-3.4.2.jar. Please retry. (18965ms)
[2026-05-23T09:46:07.465+0000] {subprocess.py:106} INFO - 
[2026-05-23T09:46:07.465+0000] {subprocess.py:106} INFO - 		[FAILED     ] org.apache.hadoop#hadoop-client-api;3.4.2!hadoop-client-api.jar: Downloaded file size (0) doesn't match expected Content Length (19665963) for https://repo1.maven.org/maven2/org/apache/hadoop/hadoop-client-api/3.4.2/hadoop-client-api-3.4.2.jar. Please retry. (18965ms)
[2026-05-23T09:46:07.465+0000] {subprocess.py:106} INFO - 
[2026-05-23T09:46:07.466+0000] {subprocess.py:106} INFO - 	==== central: tried
[2026-05-23T09:46:07.466+0000] {subprocess.py:106} INFO - 
[2026-05-23T09:46:07.466+0000] {subprocess.py:106} INFO - 	  https://repo1.maven.org/maven2/org/apache/hadoop/hadoop-client-api/3.4.2/hadoop-client-api-3.4.2.jar
[2026-05-23T09:46:07.466+0000] {subprocess.py:106} INFO - 
[2026-05-23T09:46:07.466+0000] {subprocess.py:106} INFO - 		::::::::::::::::::::::::::::::::::::::::::::::
[2026-05-23T09:46:07.466+0000] {subprocess.py:106} INFO - 
[2026-05-23T09:46:07.467+0000] {subprocess.py:106} INFO - 		::              FAILED DOWNLOADS            ::
[2026-05-23T09:46:07.467+0000] {subprocess.py:106} INFO - 
[2026-05-23T09:46:07.467+0000] {subprocess.py:106} INFO - 		:: ^ see resolution messages for details  ^ ::
[2026-05-23T09:46:07.467+0000] {subprocess.py:106} INFO - 
[2026-05-23T09:46:07.467+0000] {subprocess.py:106} INFO - 		::::::::::::::::::::::::::::::::::::::::::::::
[2026-05-23T09:46:07.468+0000] {subprocess.py:106} INFO - 
[2026-05-23T09:46:07.468+0000] {subprocess.py:106} INFO - 		:: org.apache.hadoop#hadoop-client-runtime;3.4.2!hadoop-client-runtime.jar
[2026-05-23T09:46:07.468+0000] {subprocess.py:106} INFO - 
[2026-05-23T09:46:07.469+0000] {subprocess.py:106} INFO - 		:: org.apache.hadoop#hadoop-client-api;3.4.2!hadoop-client-api.jar
[2026-05-23T09:46:07.469+0000] {subprocess.py:106} INFO - 
[2026-05-23T09:46:07.469+0000] {subprocess.py:106} INFO - 		::::::::::::::::::::::::::::::::::::::::::::::
[2026-05-23T09:46:07.469+0000] {subprocess.py:106} INFO - 
[2026-05-23T09:46:07.470+0000] {subprocess.py:106} INFO - 
[2026-05-23T09:46:07.470+0000] {subprocess.py:106} INFO - 
[2026-05-23T09:46:07.470+0000] {subprocess.py:106} INFO - :: USE VERBOSE OR DEBUG MESSAGE LEVEL FOR MORE DETAILS
[2026-05-23T09:46:07.470+0000] {subprocess.py:106} INFO - Exception in thread "main" java.lang.RuntimeException: [download failed: org.apache.hadoop#hadoop-client-runtime;3.4.2!hadoop-client-runtime.jar, download failed: org.apache.hadoop#hadoop-client-api;3.4.2!hadoop-client-api.jar]
[2026-05-23T09:46:07.470+0000] {subprocess.py:106} INFO - 	at org.apache.spark.util.MavenUtils$.resolveMavenCoordinates(MavenUtils.scala:539)
[2026-05-23T09:46:07.471+0000] {subprocess.py:106} INFO - 	at org.apache.spark.util.DependencyUtils$.resolveMavenDependencies(DependencyUtils.scala:122)
[2026-05-23T09:46:07.471+0000] {subprocess.py:106} INFO - 	at org.apache.spark.deploy.SparkSubmit.prepareSubmitEnvironment(SparkSubmit.scala:340)
[2026-05-23T09:46:07.471+0000] {subprocess.py:106} INFO - 	at org.apache.spark.deploy.SparkSubmit.org$apache$spark$deploy$SparkSubmit$$runMain(SparkSubmit.scala:962)
[2026-05-23T09:46:07.471+0000] {subprocess.py:106} INFO - 	at org.apache.spark.deploy.SparkSubmit.doRunMain$1(SparkSubmit.scala:203)
[2026-05-23T09:46:07.471+0000] {subprocess.py:106} INFO - 	at org.apache.spark.deploy.SparkSubmit.submit(SparkSubmit.scala:226)
[2026-05-23T09:46:07.471+0000] {subprocess.py:106} INFO - 	at org.apache.spark.deploy.SparkSubmit.doSubmit(SparkSubmit.scala:95)
[2026-05-23T09:46:07.471+0000] {subprocess.py:106} INFO - 	at org.apache.spark.deploy.SparkSubmit$$anon$2.doSubmit(SparkSubmit.scala:1168)
[2026-05-23T09:46:07.472+0000] {subprocess.py:106} INFO - 	at org.apache.spark.deploy.SparkSubmit$.main(SparkSubmit.scala:1177)
[2026-05-23T09:46:07.472+0000] {subprocess.py:106} INFO - 	at org.apache.spark.deploy.SparkSubmit.main(SparkSubmit.scala)
[2026-05-23T09:46:07.543+0000] {subprocess.py:106} INFO - Traceback (most recent call last):
[2026-05-23T09:46:07.543+0000] {subprocess.py:106} INFO -   File "/app/bronze_ingestion.py", line 8, in <module>
[2026-05-23T09:46:07.543+0000] {subprocess.py:106} INFO -     .getOrCreate()
[2026-05-23T09:46:07.543+0000] {subprocess.py:106} INFO -      ^^^^^^^^^^^^^
[2026-05-23T09:46:07.543+0000] {subprocess.py:106} INFO -   File "/home/airflow/.local/lib/python3.12/site-packages/pyspark/sql/session.py", line 557, in getOrCreate
[2026-05-23T09:46:07.544+0000] {subprocess.py:106} INFO -     sc = SparkContext.getOrCreate(sparkConf)
[2026-05-23T09:46:07.544+0000] {subprocess.py:106} INFO -          ^^^^^^^^^^^^^^^^^^^^^^^^^^^^^^^^^^^
[2026-05-23T09:46:07.544+0000] {subprocess.py:106} INFO -   File "/home/airflow/.local/lib/python3.12/site-packages/pyspark/core/context.py", line 542, in getOrCreate
[2026-05-23T09:46:07.544+0000] {subprocess.py:106} INFO -     SparkContext(conf=conf or SparkConf())
[2026-05-23T09:46:07.544+0000] {subprocess.py:106} INFO -   File "/home/airflow/.local/lib/python3.12/site-packages/pyspark/core/context.py", line 206, in __init__
[2026-05-23T09:46:07.544+0000] {subprocess.py:106} INFO -     SparkContext._ensure_initialized(self, gateway=gateway, conf=conf)
[2026-05-23T09:46:07.544+0000] {subprocess.py:106} INFO -   File "/home/airflow/.local/lib/python3.12/site-packages/pyspark/core/context.py", line 463, in _ensure_initialized
[2026-05-23T09:46:07.544+0000] {subprocess.py:106} INFO -     SparkContext._gateway = gateway or launch_gateway(conf)
[2026-05-23T09:46:07.545+0000] {subprocess.py:106} INFO -                                        ^^^^^^^^^^^^^^^^^^^^
[2026-05-23T09:46:07.545+0000] {subprocess.py:106} INFO -   File "/home/airflow/.local/lib/python3.12/site-packages/pyspark/java_gateway.py", line 111, in launch_gateway
[2026-05-23T09:46:07.545+0000] {subprocess.py:106} INFO -     raise PySparkRuntimeError(
[2026-05-23T09:46:07.545+0000] {subprocess.py:106} INFO - pyspark.errors.exceptions.base.PySparkRuntimeError: [JAVA_GATEWAY_EXITED] Java gateway process exited before sending its port number.
[2026-05-23T09:46:07.590+0000] {subprocess.py:110} INFO - Command exited with return code 1
[2026-05-23T09:46:07.606+0000] {taskinstance.py:3337} ERROR - Task failed with exception
Traceback (most recent call last):
  File "/home/airflow/.local/lib/python3.12/site-packages/airflow/models/taskinstance.py", line 776, in _execute_task
    result = _execute_callable(context=context, **execute_callable_kwargs)
             ^^^^^^^^^^^^^^^^^^^^^^^^^^^^^^^^^^^^^^^^^^^^^^^^^^^^^^^^^^^^^
  File "/home/airflow/.local/lib/python3.12/site-packages/airflow/models/taskinstance.py", line 742, in _execute_callable
    return ExecutionCallableRunner(
           ^^^^^^^^^^^^^^^^^^^^^^^^
  File "/home/airflow/.local/lib/python3.12/site-packages/airflow/utils/operator_helpers.py", line 252, in run
    return self.func(*args, **kwargs)
           ^^^^^^^^^^^^^^^^^^^^^^^^^^
  File "/home/airflow/.local/lib/python3.12/site-packages/airflow/models/baseoperator.py", line 425, in wrapper
    return func(self, *args, **kwargs)
           ^^^^^^^^^^^^^^^^^^^^^^^^^^^
  File "/home/airflow/.local/lib/python3.12/site-packages/airflow/operators/bash.py", line 276, in execute
    raise AirflowException(
airflow.exceptions.AirflowException: Bash command failed. The command returned a non-zero exit code 1.
[2026-05-23T09:46:07.611+0000] {taskinstance.py:1242} INFO - Marking task as UP_FOR_RETRY. dag_id=fraud_pipeline_bronze_hourly, task_id=run_spark_pyspark_job, run_id=scheduled__2026-05-23T09:35:00+00:00, execution_date=20260523T093500, start_date=20260523T094519, end_date=20260523T094607
[2026-05-23T09:46:07.625+0000] {taskinstance.py:349} INFO - ::group::Post task execution logs
[2026-05-23T09:46:07.626+0000] {standard_task_runner.py:124} ERROR - Failed to execute job 5 for task run_spark_pyspark_job (Bash command failed. The command returned a non-zero exit code 1.; 695)
Traceback (most recent call last):
  File "/home/airflow/.local/lib/python3.12/site-packages/airflow/task/task_runner/standard_task_runner.py", line 117, in _start_by_fork
    ret = args.func(args, dag=self.dag)
          ^^^^^^^^^^^^^^^^^^^^^^^^^^^^^
  File "/home/airflow/.local/lib/python3.12/site-packages/airflow/cli/cli_config.py", line 49, in command
    return func(*args, **kwargs)
           ^^^^^^^^^^^^^^^^^^^^^
  File "/home/airflow/.local/lib/python3.12/site-packages/airflow/utils/cli.py", line 116, in wrapper
    return f(*args, **kwargs)
           ^^^^^^^^^^^^^^^^^^
  File "/home/airflow/.local/lib/python3.12/site-packages/airflow/cli/commands/task_command.py", line 483, in task_run
    task_return_code = _run_task_by_selected_method(args, _dag, ti)
                       ^^^^^^^^^^^^^^^^^^^^^^^^^^^^^^^^^^^^^^^^^^^^
  File "/home/airflow/.local/lib/python3.12/site-packages/airflow/cli/commands/task_command.py", line 256, in _run_task_by_selected_method
    return _run_raw_task(args, ti)
           ^^^^^^^^^^^^^^^^^^^^^^^
  File "/home/airflow/.local/lib/python3.12/site-packages/airflow/cli/commands/task_command.py", line 341, in _run_raw_task
    return ti._run_raw_task(
           ^^^^^^^^^^^^^^^^^
  File "/home/airflow/.local/lib/python3.12/site-packages/airflow/utils/session.py", line 97, in wrapper
    return func(*args, session=session, **kwargs)
           ^^^^^^^^^^^^^^^^^^^^^^^^^^^^^^^^^^^^^^
  File "/home/airflow/.local/lib/python3.12/site-packages/airflow/models/taskinstance.py", line 3030, in _run_raw_task
    return _run_raw_task(
           ^^^^^^^^^^^^^^
  File "/home/airflow/.local/lib/python3.12/site-packages/airflow/models/taskinstance.py", line 282, in _run_raw_task
    TaskInstance._execute_task_with_callbacks(
  File "/home/airflow/.local/lib/python3.12/site-packages/airflow/models/taskinstance.py", line 3185, in _execute_task_with_callbacks
    result = self._execute_task(context, task_orig)
             ^^^^^^^^^^^^^^^^^^^^^^^^^^^^^^^^^^^^^^
  File "/home/airflow/.local/lib/python3.12/site-packages/airflow/models/taskinstance.py", line 3209, in _execute_task
    return _execute_task(self, context, task_orig)
           ^^^^^^^^^^^^^^^^^^^^^^^^^^^^^^^^^^^^^^^
  File "/home/airflow/.local/lib/python3.12/site-packages/airflow/models/taskinstance.py", line 776, in _execute_task
    result = _execute_callable(context=context, **execute_callable_kwargs)
             ^^^^^^^^^^^^^^^^^^^^^^^^^^^^^^^^^^^^^^^^^^^^^^^^^^^^^^^^^^^^^
  File "/home/airflow/.local/lib/python3.12/site-packages/airflow/models/taskinstance.py", line 742, in _execute_callable
    return ExecutionCallableRunner(
           ^^^^^^^^^^^^^^^^^^^^^^^^
  File "/home/airflow/.local/lib/python3.12/site-packages/airflow/utils/operator_helpers.py", line 252, in run
    return self.func(*args, **kwargs)
           ^^^^^^^^^^^^^^^^^^^^^^^^^^
  File "/home/airflow/.local/lib/python3.12/site-packages/airflow/models/baseoperator.py", line 425, in wrapper
    return func(self, *args, **kwargs)
           ^^^^^^^^^^^^^^^^^^^^^^^^^^^
  File "/home/airflow/.local/lib/python3.12/site-packages/airflow/operators/bash.py", line 276, in execute
    raise AirflowException(
airflow.exceptions.AirflowException: Bash command failed. The command returned a non-zero exit code 1.
[2026-05-23T09:46:07.629+0000] {local_task_job_runner.py:266} INFO - Task exited with return code 1
[2026-05-23T09:46:07.637+0000] {taskinstance.py:3925} INFO - 0 downstream tasks scheduled from follow-on schedule check
[2026-05-23T09:46:07.638+0000] {local_task_job_runner.py:245} INFO - ::endgroup::
