[2026-05-23T10:12:56.854+0000] {local_task_job_runner.py:123} INFO - ::group::Pre task execution logs
[2026-05-23T10:12:56.861+0000] {taskinstance.py:2632} INFO - Dependencies all met for dep_context=non-requeueable deps ti=<TaskInstance: fraud_pipeline_bronze_hourly.run_spark_pyspark_job scheduled__2026-05-23T10:05:00+00:00 [queued]>
[2026-05-23T10:12:56.864+0000] {taskinstance.py:2632} INFO - Dependencies all met for dep_context=requeueable deps ti=<TaskInstance: fraud_pipeline_bronze_hourly.run_spark_pyspark_job scheduled__2026-05-23T10:05:00+00:00 [queued]>
[2026-05-23T10:12:56.864+0000] {taskinstance.py:2885} INFO - Starting attempt 1 of 2
[2026-05-23T10:12:56.867+0000] {taskinstance.py:2908} INFO - Executing <Task(BashOperator): run_spark_pyspark_job> on 2026-05-23 10:05:00+00:00
[2026-05-23T10:12:56.870+0000] {logging_mixin.py:190} WARNING - /home/airflow/.local/lib/python3.12/site-packages/airflow/task/task_runner/standard_task_runner.py:70 DeprecationWarning: This process (pid=189) is multi-threaded, use of fork() may lead to deadlocks in the child.
[2026-05-23T10:12:56.870+0000] {standard_task_runner.py:72} INFO - Started process 190 to run task
[2026-05-23T10:12:56.870+0000] {standard_task_runner.py:104} INFO - Running: ['airflow', 'tasks', 'run', 'fraud_pipeline_bronze_hourly', 'run_spark_pyspark_job', 'scheduled__2026-05-23T10:05:00+00:00', '--job-id', '2', '--raw', '--subdir', 'DAGS_FOLDER/spark_interval_ingestion.py', '--cfg-path', '/tmp/tmpf4_zbhsp']
[2026-05-23T10:12:56.873+0000] {standard_task_runner.py:105} INFO - Job 2: Subtask run_spark_pyspark_job
[2026-05-23T10:12:56.891+0000] {task_command.py:467} INFO - Running <TaskInstance: fraud_pipeline_bronze_hourly.run_spark_pyspark_job scheduled__2026-05-23T10:05:00+00:00 [running]> on host ad11640717d7
[2026-05-23T10:12:56.923+0000] {taskinstance.py:3158} INFO - Exporting env vars: AIRFLOW_CTX_DAG_EMAIL='bjk18261910@gmail.com' AIRFLOW_CTX_DAG_OWNER='agungpribadi' AIRFLOW_CTX_DAG_ID='fraud_pipeline_bronze_hourly' AIRFLOW_CTX_TASK_ID='run_spark_pyspark_job' AIRFLOW_CTX_EXECUTION_DATE='2026-05-23T10:05:00+00:00' AIRFLOW_CTX_TRY_NUMBER='1' AIRFLOW_CTX_DAG_RUN_ID='scheduled__2026-05-23T10:05:00+00:00'
[2026-05-23T10:12:56.924+0000] {taskinstance.py:740} INFO - ::endgroup::
[2026-05-23T10:12:56.938+0000] {subprocess.py:78} INFO - Tmp dir root location: /tmp
[2026-05-23T10:12:56.939+0000] {subprocess.py:88} INFO - Running command: ['/usr/bin/bash', '-c', 'cd /app && python bronze_ingestion.py']
[2026-05-23T10:12:56.942+0000] {subprocess.py:99} INFO - Output:
[2026-05-23T10:12:57.400+0000] {subprocess.py:106} INFO - WARNING: Using incubator modules: jdk.incubator.vector
[2026-05-23T10:12:57.761+0000] {subprocess.py:106} INFO - :: loading settings :: url = jar:file:/home/airflow/.local/lib/python3.12/site-packages/pyspark/jars/ivy-2.5.3.jar!/org/apache/ivy/core/settings/ivysettings.xml
[2026-05-23T10:12:57.782+0000] {subprocess.py:106} INFO - Ivy Default Cache set to: /home/airflow/.ivy2.5.2/cache
[2026-05-23T10:12:57.782+0000] {subprocess.py:106} INFO - The jars for the packages stored in: /home/airflow/.ivy2.5.2/jars
[2026-05-23T10:12:57.783+0000] {subprocess.py:106} INFO - org.apache.spark#spark-sql-kafka-0-10_2.13 added as a dependency
[2026-05-23T10:12:57.784+0000] {subprocess.py:106} INFO - :: resolving dependencies :: org.apache.spark#spark-submit-parent-fd9fe210-9031-4ee3-bf40-90f1450b5a2b;1.0
[2026-05-23T10:12:57.784+0000] {subprocess.py:106} INFO - 	confs: [default]
[2026-05-23T10:13:05.948+0000] {subprocess.py:106} INFO - 	found org.apache.spark#spark-sql-kafka-0-10_2.13;4.1.1 in central
[2026-05-23T10:13:06.117+0000] {subprocess.py:106} INFO - 	found org.apache.spark#spark-token-provider-kafka-0-10_2.13;4.1.1 in central
[2026-05-23T10:13:06.228+0000] {subprocess.py:106} INFO - 	found org.apache.kafka#kafka-clients;3.9.1 in central
[2026-05-23T10:13:06.326+0000] {subprocess.py:106} INFO - 	found org.lz4#lz4-java;1.8.0 in central
[2026-05-23T10:13:06.422+0000] {subprocess.py:106} INFO - 	found org.xerial.snappy#snappy-java;1.1.10.8 in central
[2026-05-23T10:13:08.167+0000] {subprocess.py:106} INFO - 	found org.slf4j#slf4j-api;2.0.17 in central
[2026-05-23T10:13:09.814+0000] {subprocess.py:106} INFO - 	found org.apache.hadoop#hadoop-client-runtime;3.4.2 in central
[2026-05-23T10:13:09.947+0000] {subprocess.py:106} INFO - 	found org.apache.hadoop#hadoop-client-api;3.4.2 in central
[2026-05-23T10:13:10.046+0000] {subprocess.py:106} INFO - 	found com.google.code.findbugs#jsr305;3.0.0 in central
[2026-05-23T10:13:10.141+0000] {subprocess.py:106} INFO - 	found org.scala-lang.modules#scala-parallel-collections_2.13;1.2.0 in central
[2026-05-23T10:13:12.574+0000] {subprocess.py:106} INFO - 	found org.apache.commons#commons-pool2;2.12.1 in central
[2026-05-23T10:13:12.634+0000] {subprocess.py:106} INFO - downloading https://repo1.maven.org/maven2/org/apache/spark/spark-sql-kafka-0-10_2.13/4.1.1/spark-sql-kafka-0-10_2.13-4.1.1.jar ...
[2026-05-23T10:13:12.773+0000] {subprocess.py:106} INFO - 	[SUCCESSFUL ] org.apache.spark#spark-sql-kafka-0-10_2.13;4.1.1!spark-sql-kafka-0-10_2.13.jar (192ms)
[2026-05-23T10:13:12.817+0000] {subprocess.py:106} INFO - downloading https://repo1.maven.org/maven2/org/apache/spark/spark-token-provider-kafka-0-10_2.13/4.1.1/spark-token-provider-kafka-0-10_2.13-4.1.1.jar ...
[2026-05-23T10:13:12.867+0000] {subprocess.py:106} INFO - 	[SUCCESSFUL ] org.apache.spark#spark-token-provider-kafka-0-10_2.13;4.1.1!spark-token-provider-kafka-0-10_2.13.jar (92ms)
[2026-05-23T10:13:12.912+0000] {subprocess.py:106} INFO - downloading https://repo1.maven.org/maven2/org/scala-lang/modules/scala-parallel-collections_2.13/1.2.0/scala-parallel-collections_2.13-1.2.0.jar ...
[2026-05-23T10:13:13.230+0000] {subprocess.py:106} INFO - 	[SUCCESSFUL ] org.scala-lang.modules#scala-parallel-collections_2.13;1.2.0!scala-parallel-collections_2.13.jar (364ms)
[2026-05-23T10:13:13.274+0000] {subprocess.py:106} INFO - downloading https://repo1.maven.org/maven2/org/apache/kafka/kafka-clients/3.9.1/kafka-clients-3.9.1.jar ...
[2026-05-23T10:13:19.959+0000] {subprocess.py:106} INFO - 	[SUCCESSFUL ] org.apache.kafka#kafka-clients;3.9.1!kafka-clients.jar (6728ms)
[2026-05-23T10:13:20.001+0000] {subprocess.py:106} INFO - downloading https://repo1.maven.org/maven2/com/google/code/findbugs/jsr305/3.0.0/jsr305-3.0.0.jar ...
[2026-05-23T10:13:20.063+0000] {subprocess.py:106} INFO - 	[SUCCESSFUL ] com.google.code.findbugs#jsr305;3.0.0!jsr305.jar (103ms)
[2026-05-23T10:13:20.109+0000] {subprocess.py:106} INFO - downloading https://repo1.maven.org/maven2/org/apache/commons/commons-pool2/2.12.1/commons-pool2-2.12.1.jar ...
[2026-05-23T10:13:20.236+0000] {subprocess.py:106} INFO - 	[SUCCESSFUL ] org.apache.commons#commons-pool2;2.12.1!commons-pool2.jar (172ms)
[2026-05-23T10:13:20.284+0000] {subprocess.py:106} INFO - downloading https://repo1.maven.org/maven2/org/apache/hadoop/hadoop-client-runtime/3.4.2/hadoop-client-runtime-3.4.2.jar ...
[2026-05-23T10:13:33.043+0000] {subprocess.py:106} INFO - 	[SUCCESSFUL ] org.apache.hadoop#hadoop-client-runtime;3.4.2!hadoop-client-runtime.jar (12805ms)
[2026-05-23T10:13:33.088+0000] {subprocess.py:106} INFO - downloading https://repo1.maven.org/maven2/org/lz4/lz4-java/1.8.0/lz4-java-1.8.0.jar ...
[2026-05-23T10:13:33.376+0000] {subprocess.py:106} INFO - 	[SUCCESSFUL ] org.lz4#lz4-java;1.8.0!lz4-java.jar (332ms)
[2026-05-23T10:13:33.424+0000] {subprocess.py:106} INFO - downloading https://repo1.maven.org/maven2/org/xerial/snappy/snappy-java/1.1.10.8/snappy-java-1.1.10.8.jar ...
[2026-05-23T10:13:34.387+0000] {subprocess.py:106} INFO - 	[SUCCESSFUL ] org.xerial.snappy#snappy-java;1.1.10.8!snappy-java.jar(bundle) (1010ms)
[2026-05-23T10:13:34.431+0000] {subprocess.py:106} INFO - downloading https://repo1.maven.org/maven2/org/slf4j/slf4j-api/2.0.17/slf4j-api-2.0.17.jar ...
[2026-05-23T10:13:34.495+0000] {subprocess.py:106} INFO - 	[SUCCESSFUL ] org.slf4j#slf4j-api;2.0.17!slf4j-api.jar (107ms)
[2026-05-23T10:13:34.539+0000] {subprocess.py:106} INFO - downloading https://repo1.maven.org/maven2/org/apache/hadoop/hadoop-client-api/3.4.2/hadoop-client-api-3.4.2.jar ...
[2026-05-23T10:13:45.460+0000] {subprocess.py:106} INFO - 	[SUCCESSFUL ] org.apache.hadoop#hadoop-client-api;3.4.2!hadoop-client-api.jar (10965ms)
[2026-05-23T10:13:45.461+0000] {subprocess.py:106} INFO - :: resolution report :: resolve 14796ms :: artifacts dl 32881ms
[2026-05-23T10:13:45.462+0000] {subprocess.py:106} INFO - 	:: modules in use:
[2026-05-23T10:13:45.462+0000] {subprocess.py:106} INFO - 	com.google.code.findbugs#jsr305;3.0.0 from central in [default]
[2026-05-23T10:13:45.462+0000] {subprocess.py:106} INFO - 	org.apache.commons#commons-pool2;2.12.1 from central in [default]
[2026-05-23T10:13:45.462+0000] {subprocess.py:106} INFO - 	org.apache.hadoop#hadoop-client-api;3.4.2 from central in [default]
[2026-05-23T10:13:45.463+0000] {subprocess.py:106} INFO - 	org.apache.hadoop#hadoop-client-runtime;3.4.2 from central in [default]
[2026-05-23T10:13:45.463+0000] {subprocess.py:106} INFO - 	org.apache.kafka#kafka-clients;3.9.1 from central in [default]
[2026-05-23T10:13:45.463+0000] {subprocess.py:106} INFO - 	org.apache.spark#spark-sql-kafka-0-10_2.13;4.1.1 from central in [default]
[2026-05-23T10:13:45.463+0000] {subprocess.py:106} INFO - 	org.apache.spark#spark-token-provider-kafka-0-10_2.13;4.1.1 from central in [default]
[2026-05-23T10:13:45.463+0000] {subprocess.py:106} INFO - 	org.lz4#lz4-java;1.8.0 from central in [default]
[2026-05-23T10:13:45.464+0000] {subprocess.py:106} INFO - 	org.scala-lang.modules#scala-parallel-collections_2.13;1.2.0 from central in [default]
[2026-05-23T10:13:45.464+0000] {subprocess.py:106} INFO - 	org.slf4j#slf4j-api;2.0.17 from central in [default]
[2026-05-23T10:13:45.464+0000] {subprocess.py:106} INFO - 	org.xerial.snappy#snappy-java;1.1.10.8 from central in [default]
[2026-05-23T10:13:45.464+0000] {subprocess.py:106} INFO - 	---------------------------------------------------------------------
[2026-05-23T10:13:45.464+0000] {subprocess.py:106} INFO - 	|                  |            modules            ||   artifacts   |
[2026-05-23T10:13:45.465+0000] {subprocess.py:106} INFO - 	|       conf       | number| search|dwnlded|evicted|| number|dwnlded|
[2026-05-23T10:13:45.465+0000] {subprocess.py:106} INFO - 	---------------------------------------------------------------------
[2026-05-23T10:13:45.465+0000] {subprocess.py:106} INFO - 	|      default     |   11  |   11  |   11  |   0   ||   11  |   11  |
[2026-05-23T10:13:45.465+0000] {subprocess.py:106} INFO - 	---------------------------------------------------------------------
[2026-05-23T10:13:45.470+0000] {subprocess.py:106} INFO - :: retrieving :: org.apache.spark#spark-submit-parent-fd9fe210-9031-4ee3-bf40-90f1450b5a2b
[2026-05-23T10:13:45.470+0000] {subprocess.py:106} INFO - 	confs: [default]
[2026-05-23T10:13:45.529+0000] {subprocess.py:106} INFO - 	11 artifacts copied, 0 already retrieved (62936kB/59ms)
[2026-05-23T10:13:45.614+0000] {subprocess.py:106} INFO - 26/05/23 10:13:45 WARN NativeCodeLoader: Unable to load native-hadoop library for your platform... using builtin-java classes where applicable
[2026-05-23T10:13:45.678+0000] {subprocess.py:106} INFO - Using Spark's default log4j profile: org/apache/spark/log4j2-defaults.properties
[2026-05-23T10:13:45.678+0000] {subprocess.py:106} INFO - Setting default log level to "WARN".
[2026-05-23T10:13:45.678+0000] {subprocess.py:106} INFO - To adjust logging level use sc.setLogLevel(newLevel). For SparkR, use setLogLevel(newLevel).
[2026-05-23T10:13:47.933+0000] {subprocess.py:106} INFO - 26/05/23 10:13:47 WARN ResolveWriteToStream: spark.sql.adaptive.enabled is not supported in streaming DataFrames/Datasets and will be disabled.
[2026-05-23T10:13:49.512+0000] {subprocess.py:106} INFO - [Stage 0:>                                                          (0 + 1) / 1]                                                                                Connecting to Kafka Cluster over SSL...
[2026-05-23T10:13:49.512+0000] {subprocess.py:106} INFO - Stream configured with VARIANT! Waiting for data...
[2026-05-23T10:13:49.512+0000] {subprocess.py:106} INFO - Batch processing complete. Exiting cleanly.
[2026-05-23T10:13:49.971+0000] {subprocess.py:110} INFO - Command exited with return code 0
[2026-05-23T10:13:50.009+0000] {taskinstance.py:349} INFO - ::group::Post task execution logs
[2026-05-23T10:13:50.010+0000] {taskinstance.py:361} INFO - Marking task as SUCCESS. dag_id=fraud_pipeline_bronze_hourly, task_id=run_spark_pyspark_job, run_id=scheduled__2026-05-23T10:05:00+00:00, execution_date=20260523T100500, start_date=20260523T101256, end_date=20260523T101350
[2026-05-23T10:13:50.025+0000] {local_task_job_runner.py:266} INFO - Task exited with return code 0
[2026-05-23T10:13:50.032+0000] {taskinstance.py:3925} INFO - 0 downstream tasks scheduled from follow-on schedule check
[2026-05-23T10:13:50.033+0000] {local_task_job_runner.py:245} INFO - ::endgroup::
