[2026-05-23T11:55:00.369+0000] {local_task_job_runner.py:123} INFO - ::group::Pre task execution logs
[2026-05-23T11:55:00.377+0000] {taskinstance.py:2632} INFO - Dependencies all met for dep_context=non-requeueable deps ti=<TaskInstance: fraud_pipeline_bronze_hourly.run_spark_pyspark_job scheduled__2026-05-23T11:50:00+00:00 [queued]>
[2026-05-23T11:55:00.380+0000] {taskinstance.py:2632} INFO - Dependencies all met for dep_context=requeueable deps ti=<TaskInstance: fraud_pipeline_bronze_hourly.run_spark_pyspark_job scheduled__2026-05-23T11:50:00+00:00 [queued]>
[2026-05-23T11:55:00.380+0000] {taskinstance.py:2885} INFO - Starting attempt 1 of 2
[2026-05-23T11:55:00.385+0000] {taskinstance.py:2908} INFO - Executing <Task(BashOperator): run_spark_pyspark_job> on 2026-05-23 11:50:00+00:00
[2026-05-23T11:55:00.388+0000] {logging_mixin.py:190} WARNING - /home/airflow/.local/lib/python3.12/site-packages/airflow/task/task_runner/standard_task_runner.py:70 DeprecationWarning: This process (pid=6474) is multi-threaded, use of fork() may lead to deadlocks in the child.
[2026-05-23T11:55:00.388+0000] {standard_task_runner.py:72} INFO - Started process 6475 to run task
[2026-05-23T11:55:00.388+0000] {standard_task_runner.py:104} INFO - Running: ['airflow', 'tasks', 'run', 'fraud_pipeline_bronze_hourly', 'run_spark_pyspark_job', 'scheduled__2026-05-23T11:50:00+00:00', '--job-id', '19', '--raw', '--subdir', 'DAGS_FOLDER/spark_interval_ingestion.py', '--cfg-path', '/tmp/tmpbwnx3c9d']
[2026-05-23T11:55:00.390+0000] {standard_task_runner.py:105} INFO - Job 19: Subtask run_spark_pyspark_job
[2026-05-23T11:55:00.415+0000] {task_command.py:467} INFO - Running <TaskInstance: fraud_pipeline_bronze_hourly.run_spark_pyspark_job scheduled__2026-05-23T11:50:00+00:00 [running]> on host 03f8e21ba966
[2026-05-23T11:55:00.453+0000] {taskinstance.py:3158} INFO - Exporting env vars: AIRFLOW_CTX_DAG_EMAIL='bjk18261910@gmail.com' AIRFLOW_CTX_DAG_OWNER='agungpribadi' AIRFLOW_CTX_DAG_ID='fraud_pipeline_bronze_hourly' AIRFLOW_CTX_TASK_ID='run_spark_pyspark_job' AIRFLOW_CTX_EXECUTION_DATE='2026-05-23T11:50:00+00:00' AIRFLOW_CTX_TRY_NUMBER='1' AIRFLOW_CTX_DAG_RUN_ID='scheduled__2026-05-23T11:50:00+00:00'
[2026-05-23T11:55:00.453+0000] {taskinstance.py:740} INFO - ::endgroup::
[2026-05-23T11:55:00.461+0000] {subprocess.py:78} INFO - Tmp dir root location: /tmp
[2026-05-23T11:55:00.461+0000] {subprocess.py:88} INFO - Running command: ['/usr/bin/bash', '-c', 'cd /app && python bronze_ingestion.py']
[2026-05-23T11:55:00.465+0000] {subprocess.py:99} INFO - Output:
[2026-05-23T11:55:00.859+0000] {subprocess.py:106} INFO - WARNING: Using incubator modules: jdk.incubator.vector
[2026-05-23T11:55:01.304+0000] {subprocess.py:106} INFO - :: loading settings :: url = jar:file:/home/airflow/.local/lib/python3.12/site-packages/pyspark/jars/ivy-2.5.3.jar!/org/apache/ivy/core/settings/ivysettings.xml
[2026-05-23T11:55:01.326+0000] {subprocess.py:106} INFO - Ivy Default Cache set to: /home/airflow/.ivy2.5.2/cache
[2026-05-23T11:55:01.327+0000] {subprocess.py:106} INFO - The jars for the packages stored in: /home/airflow/.ivy2.5.2/jars
[2026-05-23T11:55:01.328+0000] {subprocess.py:106} INFO - org.apache.spark#spark-sql-kafka-0-10_2.13 added as a dependency
[2026-05-23T11:55:01.328+0000] {subprocess.py:106} INFO - :: resolving dependencies :: org.apache.spark#spark-submit-parent-736a7d3e-c5b2-46e6-900c-fcb54396e3ae;1.0
[2026-05-23T11:55:01.328+0000] {subprocess.py:106} INFO - 	confs: [default]
[2026-05-23T11:55:01.385+0000] {subprocess.py:106} INFO - 	found org.apache.spark#spark-sql-kafka-0-10_2.13;4.1.1 in central
[2026-05-23T11:55:01.409+0000] {subprocess.py:106} INFO - 	found org.apache.spark#spark-token-provider-kafka-0-10_2.13;4.1.1 in central
[2026-05-23T11:55:01.421+0000] {subprocess.py:106} INFO - 	found org.apache.kafka#kafka-clients;3.9.1 in central
[2026-05-23T11:55:01.432+0000] {subprocess.py:106} INFO - 	found org.lz4#lz4-java;1.8.0 in central
[2026-05-23T11:55:01.443+0000] {subprocess.py:106} INFO - 	found org.xerial.snappy#snappy-java;1.1.10.8 in central
[2026-05-23T11:55:01.451+0000] {subprocess.py:106} INFO - 	found org.slf4j#slf4j-api;2.0.17 in central
[2026-05-23T11:55:01.459+0000] {subprocess.py:106} INFO - 	found org.apache.hadoop#hadoop-client-runtime;3.4.2 in central
[2026-05-23T11:55:01.470+0000] {subprocess.py:106} INFO - 	found org.apache.hadoop#hadoop-client-api;3.4.2 in central
[2026-05-23T11:55:01.480+0000] {subprocess.py:106} INFO - 	found com.google.code.findbugs#jsr305;3.0.0 in central
[2026-05-23T11:55:01.485+0000] {subprocess.py:106} INFO - 	found org.scala-lang.modules#scala-parallel-collections_2.13;1.2.0 in central
[2026-05-23T11:55:01.490+0000] {subprocess.py:106} INFO - 	found org.apache.commons#commons-pool2;2.12.1 in central
[2026-05-23T11:55:01.501+0000] {subprocess.py:106} INFO - :: resolution report :: resolve 169ms :: artifacts dl 4ms
[2026-05-23T11:55:01.502+0000] {subprocess.py:106} INFO - 	:: modules in use:
[2026-05-23T11:55:01.502+0000] {subprocess.py:106} INFO - 	com.google.code.findbugs#jsr305;3.0.0 from central in [default]
[2026-05-23T11:55:01.502+0000] {subprocess.py:106} INFO - 	org.apache.commons#commons-pool2;2.12.1 from central in [default]
[2026-05-23T11:55:01.502+0000] {subprocess.py:106} INFO - 	org.apache.hadoop#hadoop-client-api;3.4.2 from central in [default]
[2026-05-23T11:55:01.502+0000] {subprocess.py:106} INFO - 	org.apache.hadoop#hadoop-client-runtime;3.4.2 from central in [default]
[2026-05-23T11:55:01.502+0000] {subprocess.py:106} INFO - 	org.apache.kafka#kafka-clients;3.9.1 from central in [default]
[2026-05-23T11:55:01.502+0000] {subprocess.py:106} INFO - 	org.apache.spark#spark-sql-kafka-0-10_2.13;4.1.1 from central in [default]
[2026-05-23T11:55:01.503+0000] {subprocess.py:106} INFO - 	org.apache.spark#spark-token-provider-kafka-0-10_2.13;4.1.1 from central in [default]
[2026-05-23T11:55:01.503+0000] {subprocess.py:106} INFO - 	org.lz4#lz4-java;1.8.0 from central in [default]
[2026-05-23T11:55:01.503+0000] {subprocess.py:106} INFO - 	org.scala-lang.modules#scala-parallel-collections_2.13;1.2.0 from central in [default]
[2026-05-23T11:55:01.503+0000] {subprocess.py:106} INFO - 	org.slf4j#slf4j-api;2.0.17 from central in [default]
[2026-05-23T11:55:01.503+0000] {subprocess.py:106} INFO - 	org.xerial.snappy#snappy-java;1.1.10.8 from central in [default]
[2026-05-23T11:55:01.503+0000] {subprocess.py:106} INFO - 	---------------------------------------------------------------------
[2026-05-23T11:55:01.503+0000] {subprocess.py:106} INFO - 	|                  |            modules            ||   artifacts   |
[2026-05-23T11:55:01.503+0000] {subprocess.py:106} INFO - 	|       conf       | number| search|dwnlded|evicted|| number|dwnlded|
[2026-05-23T11:55:01.504+0000] {subprocess.py:106} INFO - 	---------------------------------------------------------------------
[2026-05-23T11:55:01.504+0000] {subprocess.py:106} INFO - 	|      default     |   11  |   0   |   0   |   0   ||   11  |   0   |
[2026-05-23T11:55:01.504+0000] {subprocess.py:106} INFO - 	---------------------------------------------------------------------
[2026-05-23T11:55:01.504+0000] {subprocess.py:106} INFO - :: retrieving :: org.apache.spark#spark-submit-parent-736a7d3e-c5b2-46e6-900c-fcb54396e3ae
[2026-05-23T11:55:01.504+0000] {subprocess.py:106} INFO - 	confs: [default]
[2026-05-23T11:55:01.509+0000] {subprocess.py:106} INFO - 	0 artifacts copied, 11 already retrieved (0kB/5ms)
[2026-05-23T11:55:01.606+0000] {subprocess.py:106} INFO - 26/05/23 11:55:01 WARN NativeCodeLoader: Unable to load native-hadoop library for your platform... using builtin-java classes where applicable
[2026-05-23T11:55:01.671+0000] {subprocess.py:106} INFO - Using Spark's default log4j profile: org/apache/spark/log4j2-defaults.properties
[2026-05-23T11:55:01.672+0000] {subprocess.py:106} INFO - Setting default log level to "WARN".
[2026-05-23T11:55:01.672+0000] {subprocess.py:106} INFO - To adjust logging level use sc.setLogLevel(newLevel). For SparkR, use setLogLevel(newLevel).
[2026-05-23T11:55:03.749+0000] {subprocess.py:106} INFO - 26/05/23 11:55:03 WARN ResolveWriteToStream: spark.sql.adaptive.enabled is not supported in streaming DataFrames/Datasets and will be disabled.
[2026-05-23T11:55:06.131+0000] {subprocess.py:106} INFO - [Stage 0:>                                                          (0 + 3) / 3]                                                                                Connecting to Kafka Cluster over SSL...
[2026-05-23T11:55:06.131+0000] {subprocess.py:106} INFO - Batch processing complete. Exiting cleanly.
[2026-05-23T11:55:06.585+0000] {subprocess.py:110} INFO - Command exited with return code 0
[2026-05-23T11:55:06.603+0000] {taskinstance.py:349} INFO - ::group::Post task execution logs
[2026-05-23T11:55:06.604+0000] {taskinstance.py:361} INFO - Marking task as SUCCESS. dag_id=fraud_pipeline_bronze_hourly, task_id=run_spark_pyspark_job, run_id=scheduled__2026-05-23T11:50:00+00:00, execution_date=20260523T115000, start_date=20260523T115500, end_date=20260523T115506
[2026-05-23T11:55:06.619+0000] {local_task_job_runner.py:266} INFO - Task exited with return code 0
[2026-05-23T11:55:06.626+0000] {taskinstance.py:3925} INFO - 0 downstream tasks scheduled from follow-on schedule check
[2026-05-23T11:55:06.627+0000] {local_task_job_runner.py:245} INFO - ::endgroup::
