[2026-05-23T12:54:50.212+0000] {local_task_job_runner.py:123} INFO - ::group::Pre task execution logs
[2026-05-23T12:54:50.225+0000] {taskinstance.py:2632} INFO - Dependencies all met for dep_context=non-requeueable deps ti=<TaskInstance: fraud_medallion_pipeline.run_bronze_layer scheduled__2026-05-23T12:40:00+00:00 [queued]>
[2026-05-23T12:54:50.231+0000] {taskinstance.py:2632} INFO - Dependencies all met for dep_context=requeueable deps ti=<TaskInstance: fraud_medallion_pipeline.run_bronze_layer scheduled__2026-05-23T12:40:00+00:00 [queued]>
[2026-05-23T12:54:50.231+0000] {taskinstance.py:2885} INFO - Starting attempt 1 of 2
[2026-05-23T12:54:50.239+0000] {taskinstance.py:2908} INFO - Executing <Task(BashOperator): run_bronze_layer> on 2026-05-23 12:40:00+00:00
[2026-05-23T12:54:50.246+0000] {logging_mixin.py:190} WARNING - /home/airflow/.local/lib/python3.12/site-packages/airflow/task/task_runner/standard_task_runner.py:70 DeprecationWarning: This process (pid=64743) is multi-threaded, use of fork() may lead to deadlocks in the child.
[2026-05-23T12:54:50.249+0000] {standard_task_runner.py:72} INFO - Started process 64748 to run task
[2026-05-23T12:54:50.245+0000] {standard_task_runner.py:104} INFO - Running: ['airflow', 'tasks', 'run', 'fraud_medallion_pipeline', 'run_bronze_layer', 'scheduled__2026-05-23T12:40:00+00:00', '--job-id', '39', '--raw', '--subdir', 'DAGS_FOLDER/spark_interval_ingestion.py', '--cfg-path', '/tmp/tmpcdcgn3ri']
[2026-05-23T12:54:50.250+0000] {standard_task_runner.py:105} INFO - Job 39: Subtask run_bronze_layer
[2026-05-23T12:54:50.296+0000] {task_command.py:467} INFO - Running <TaskInstance: fraud_medallion_pipeline.run_bronze_layer scheduled__2026-05-23T12:40:00+00:00 [running]> on host 03f8e21ba966
[2026-05-23T12:54:50.337+0000] {taskinstance.py:3158} INFO - Exporting env vars: AIRFLOW_CTX_DAG_EMAIL='bjk18261910@gmail.com' AIRFLOW_CTX_DAG_OWNER='agungpribadi' AIRFLOW_CTX_DAG_ID='fraud_medallion_pipeline' AIRFLOW_CTX_TASK_ID='run_bronze_layer' AIRFLOW_CTX_EXECUTION_DATE='2026-05-23T12:40:00+00:00' AIRFLOW_CTX_TRY_NUMBER='1' AIRFLOW_CTX_DAG_RUN_ID='scheduled__2026-05-23T12:40:00+00:00'
[2026-05-23T12:54:50.338+0000] {taskinstance.py:740} INFO - ::endgroup::
[2026-05-23T12:54:50.349+0000] {subprocess.py:78} INFO - Tmp dir root location: /tmp
[2026-05-23T12:54:50.350+0000] {subprocess.py:88} INFO - Running command: ['/usr/bin/bash', '-c', 'cd /app && python bronze_ingestion.py']
[2026-05-23T12:54:50.354+0000] {subprocess.py:99} INFO - Output:
[2026-05-23T12:54:50.733+0000] {subprocess.py:106} INFO - WARNING: Using incubator modules: jdk.incubator.vector
[2026-05-23T12:54:51.274+0000] {subprocess.py:106} INFO - :: loading settings :: url = jar:file:/home/airflow/.local/lib/python3.12/site-packages/pyspark/jars/ivy-2.5.3.jar!/org/apache/ivy/core/settings/ivysettings.xml
[2026-05-23T12:54:51.308+0000] {subprocess.py:106} INFO - Ivy Default Cache set to: /home/airflow/.ivy2.5.2/cache
[2026-05-23T12:54:51.309+0000] {subprocess.py:106} INFO - The jars for the packages stored in: /home/airflow/.ivy2.5.2/jars
[2026-05-23T12:54:51.311+0000] {subprocess.py:106} INFO - org.apache.spark#spark-sql-kafka-0-10_2.13 added as a dependency
[2026-05-23T12:54:51.311+0000] {subprocess.py:106} INFO - :: resolving dependencies :: org.apache.spark#spark-submit-parent-a8f5d51d-49c5-4a77-a97a-08c3765d3280;1.0
[2026-05-23T12:54:51.311+0000] {subprocess.py:106} INFO - 	confs: [default]
[2026-05-23T12:54:51.394+0000] {subprocess.py:106} INFO - 	found org.apache.spark#spark-sql-kafka-0-10_2.13;4.1.1 in central
[2026-05-23T12:54:51.433+0000] {subprocess.py:106} INFO - 	found org.apache.spark#spark-token-provider-kafka-0-10_2.13;4.1.1 in central
[2026-05-23T12:54:51.449+0000] {subprocess.py:106} INFO - 	found org.apache.kafka#kafka-clients;3.9.1 in central
[2026-05-23T12:54:51.461+0000] {subprocess.py:106} INFO - 	found org.lz4#lz4-java;1.8.0 in central
[2026-05-23T12:54:51.471+0000] {subprocess.py:106} INFO - 	found org.xerial.snappy#snappy-java;1.1.10.8 in central
[2026-05-23T12:54:51.486+0000] {subprocess.py:106} INFO - 	found org.slf4j#slf4j-api;2.0.17 in central
[2026-05-23T12:54:51.502+0000] {subprocess.py:106} INFO - 	found org.apache.hadoop#hadoop-client-runtime;3.4.2 in central
[2026-05-23T12:54:51.527+0000] {subprocess.py:106} INFO - 	found org.apache.hadoop#hadoop-client-api;3.4.2 in central
[2026-05-23T12:54:51.541+0000] {subprocess.py:106} INFO - 	found com.google.code.findbugs#jsr305;3.0.0 in central
[2026-05-23T12:54:51.550+0000] {subprocess.py:106} INFO - 	found org.scala-lang.modules#scala-parallel-collections_2.13;1.2.0 in central
[2026-05-23T12:54:51.562+0000] {subprocess.py:106} INFO - 	found org.apache.commons#commons-pool2;2.12.1 in central
[2026-05-23T12:54:51.580+0000] {subprocess.py:106} INFO - :: resolution report :: resolve 260ms :: artifacts dl 9ms
[2026-05-23T12:54:51.581+0000] {subprocess.py:106} INFO - 	:: modules in use:
[2026-05-23T12:54:51.581+0000] {subprocess.py:106} INFO - 	com.google.code.findbugs#jsr305;3.0.0 from central in [default]
[2026-05-23T12:54:51.581+0000] {subprocess.py:106} INFO - 	org.apache.commons#commons-pool2;2.12.1 from central in [default]
[2026-05-23T12:54:51.582+0000] {subprocess.py:106} INFO - 	org.apache.hadoop#hadoop-client-api;3.4.2 from central in [default]
[2026-05-23T12:54:51.582+0000] {subprocess.py:106} INFO - 	org.apache.hadoop#hadoop-client-runtime;3.4.2 from central in [default]
[2026-05-23T12:54:51.582+0000] {subprocess.py:106} INFO - 	org.apache.kafka#kafka-clients;3.9.1 from central in [default]
[2026-05-23T12:54:51.582+0000] {subprocess.py:106} INFO - 	org.apache.spark#spark-sql-kafka-0-10_2.13;4.1.1 from central in [default]
[2026-05-23T12:54:51.582+0000] {subprocess.py:106} INFO - 	org.apache.spark#spark-token-provider-kafka-0-10_2.13;4.1.1 from central in [default]
[2026-05-23T12:54:51.583+0000] {subprocess.py:106} INFO - 	org.lz4#lz4-java;1.8.0 from central in [default]
[2026-05-23T12:54:51.583+0000] {subprocess.py:106} INFO - 	org.scala-lang.modules#scala-parallel-collections_2.13;1.2.0 from central in [default]
[2026-05-23T12:54:51.583+0000] {subprocess.py:106} INFO - 	org.slf4j#slf4j-api;2.0.17 from central in [default]
[2026-05-23T12:54:51.584+0000] {subprocess.py:106} INFO - 	org.xerial.snappy#snappy-java;1.1.10.8 from central in [default]
[2026-05-23T12:54:51.584+0000] {subprocess.py:106} INFO - 	---------------------------------------------------------------------
[2026-05-23T12:54:51.584+0000] {subprocess.py:106} INFO - 	|                  |            modules            ||   artifacts   |
[2026-05-23T12:54:51.584+0000] {subprocess.py:106} INFO - 	|       conf       | number| search|dwnlded|evicted|| number|dwnlded|
[2026-05-23T12:54:51.584+0000] {subprocess.py:106} INFO - 	---------------------------------------------------------------------
[2026-05-23T12:54:51.584+0000] {subprocess.py:106} INFO - 	|      default     |   11  |   0   |   0   |   0   ||   11  |   0   |
[2026-05-23T12:54:51.585+0000] {subprocess.py:106} INFO - 	---------------------------------------------------------------------
[2026-05-23T12:54:51.585+0000] {subprocess.py:106} INFO - :: retrieving :: org.apache.spark#spark-submit-parent-a8f5d51d-49c5-4a77-a97a-08c3765d3280
[2026-05-23T12:54:51.585+0000] {subprocess.py:106} INFO - 	confs: [default]
[2026-05-23T12:54:51.590+0000] {subprocess.py:106} INFO - 	0 artifacts copied, 11 already retrieved (0kB/6ms)
[2026-05-23T12:54:51.761+0000] {subprocess.py:106} INFO - 26/05/23 12:54:51 WARN NativeCodeLoader: Unable to load native-hadoop library for your platform... using builtin-java classes where applicable
[2026-05-23T12:54:51.878+0000] {subprocess.py:106} INFO - Using Spark's default log4j profile: org/apache/spark/log4j2-defaults.properties
[2026-05-23T12:54:51.879+0000] {subprocess.py:106} INFO - Setting default log level to "WARN".
[2026-05-23T12:54:51.879+0000] {subprocess.py:106} INFO - To adjust logging level use sc.setLogLevel(newLevel). For SparkR, use setLogLevel(newLevel).
[2026-05-23T12:54:55.501+0000] {subprocess.py:106} INFO - 26/05/23 12:54:55 WARN ResolveWriteToStream: spark.sql.adaptive.enabled is not supported in streaming DataFrames/Datasets and will be disabled.
[2026-05-23T12:54:56.595+0000] {subprocess.py:106} INFO - 26/05/23 12:54:56 WARN CheckpointFileManager: Failed to rename temp file file:/app/datalake/bronze/checkpoints/transactions_ckpt/offsets/.3.27b9f7fd-16e6-436d-8b7e-9095429f47dd.tmp to file:/app/datalake/bronze/checkpoints/transactions_ckpt/offsets/3 because file exists
[2026-05-23T12:54:56.596+0000] {subprocess.py:106} INFO - org.apache.hadoop.fs.FileAlreadyExistsException: Rename destination file:/app/datalake/bronze/checkpoints/transactions_ckpt/offsets/3 already exists.
[2026-05-23T12:54:56.596+0000] {subprocess.py:106} INFO - 	at org.apache.hadoop.fs.AbstractFileSystem.renameInternal(AbstractFileSystem.java:876)
[2026-05-23T12:54:56.597+0000] {subprocess.py:106} INFO - 	at org.apache.hadoop.fs.AbstractFileSystem.rename(AbstractFileSystem.java:807)
[2026-05-23T12:54:56.597+0000] {subprocess.py:106} INFO - 	at org.apache.hadoop.fs.ChecksumFs.renameInternal(ChecksumFs.java:512)
[2026-05-23T12:54:56.597+0000] {subprocess.py:106} INFO - 	at org.apache.hadoop.fs.AbstractFileSystem.rename(AbstractFileSystem.java:807)
[2026-05-23T12:54:56.597+0000] {subprocess.py:106} INFO - 	at org.apache.hadoop.fs.FileContext.rename(FileContext.java:1044)
[2026-05-23T12:54:56.598+0000] {subprocess.py:106} INFO - 	at org.apache.spark.sql.execution.streaming.checkpointing.FileContextBasedCheckpointFileManager.renameTempFile(CheckpointFileManager.scala:391)
[2026-05-23T12:54:56.598+0000] {subprocess.py:106} INFO - 	at org.apache.spark.sql.execution.streaming.checkpointing.CheckpointFileManager$RenameBasedFSDataOutputStream.close(CheckpointFileManager.scala:160)
[2026-05-23T12:54:56.598+0000] {subprocess.py:106} INFO - 	at org.apache.spark.sql.execution.streaming.checkpointing.HDFSMetadataLog.write(HDFSMetadataLog.scala:207)
[2026-05-23T12:54:56.599+0000] {subprocess.py:106} INFO - 	at org.apache.spark.sql.execution.streaming.checkpointing.HDFSMetadataLog.addNewBatchByStream(HDFSMetadataLog.scala:240)
[2026-05-23T12:54:56.599+0000] {subprocess.py:106} INFO - 	at org.apache.spark.sql.execution.streaming.checkpointing.HDFSMetadataLog.add(HDFSMetadataLog.scala:133)
[2026-05-23T12:54:56.599+0000] {subprocess.py:106} INFO - 	at org.apache.spark.sql.execution.streaming.runtime.MicroBatchExecution.markMicroBatchStart(MicroBatchExecution.scala:1109)
[2026-05-23T12:54:56.599+0000] {subprocess.py:106} INFO - 	at org.apache.spark.sql.execution.streaming.runtime.MicroBatchExecution.$anonfun$constructNextBatch$15(MicroBatchExecution.scala:821)
[2026-05-23T12:54:56.599+0000] {subprocess.py:106} INFO - 	at scala.runtime.java8.JFunction0$mcV$sp.apply(JFunction0$mcV$sp.scala:18)
[2026-05-23T12:54:56.600+0000] {subprocess.py:106} INFO - 	at org.apache.spark.sql.execution.streaming.runtime.ProgressContext.reportTimeTaken(ProgressReporter.scala:200)
[2026-05-23T12:54:56.600+0000] {subprocess.py:106} INFO - 	at org.apache.spark.sql.execution.streaming.runtime.MicroBatchExecution.$anonfun$constructNextBatch$1(MicroBatchExecution.scala:820)
[2026-05-23T12:54:56.600+0000] {subprocess.py:106} INFO - 	at scala.runtime.java8.JFunction0$mcZ$sp.apply(JFunction0$mcZ$sp.scala:17)
[2026-05-23T12:54:56.600+0000] {subprocess.py:106} INFO - 	at org.apache.spark.sql.execution.streaming.runtime.MicroBatchExecution.withProgressLocked(MicroBatchExecution.scala:1335)
[2026-05-23T12:54:56.600+0000] {subprocess.py:106} INFO - 	at org.apache.spark.sql.execution.streaming.runtime.MicroBatchExecution.constructNextBatch(MicroBatchExecution.scala:757)
[2026-05-23T12:54:56.601+0000] {subprocess.py:106} INFO - 	at org.apache.spark.sql.execution.streaming.runtime.MicroBatchExecution.$anonfun$executeOneBatch$2(MicroBatchExecution.scala:492)
[2026-05-23T12:54:56.601+0000] {subprocess.py:106} INFO - 	at scala.runtime.java8.JFunction0$mcV$sp.apply(JFunction0$mcV$sp.scala:18)
[2026-05-23T12:54:56.601+0000] {subprocess.py:106} INFO - 	at org.apache.spark.sql.execution.streaming.runtime.ProgressContext.reportTimeTaken(ProgressReporter.scala:200)
[2026-05-23T12:54:56.601+0000] {subprocess.py:106} INFO - 	at org.apache.spark.sql.execution.streaming.runtime.MicroBatchExecution.executeOneBatch(MicroBatchExecution.scala:481)
[2026-05-23T12:54:56.601+0000] {subprocess.py:106} INFO - 	at org.apache.spark.sql.execution.streaming.runtime.MicroBatchExecution.$anonfun$runActivatedStream$1(MicroBatchExecution.scala:461)
[2026-05-23T12:54:56.601+0000] {subprocess.py:106} INFO - 	at org.apache.spark.sql.execution.streaming.runtime.MicroBatchExecution.$anonfun$runActivatedStream$1$adapted(MicroBatchExecution.scala:461)
[2026-05-23T12:54:56.601+0000] {subprocess.py:106} INFO - 	at org.apache.spark.sql.execution.streaming.runtime.TriggerExecutor.runOneBatch(TriggerExecutor.scala:40)
[2026-05-23T12:54:56.601+0000] {subprocess.py:106} INFO - 	at org.apache.spark.sql.execution.streaming.runtime.TriggerExecutor.runOneBatch$(TriggerExecutor.scala:38)
[2026-05-23T12:54:56.602+0000] {subprocess.py:106} INFO - 	at org.apache.spark.sql.execution.streaming.runtime.MultiBatchExecutor.runOneBatch(TriggerExecutor.scala:60)
[2026-05-23T12:54:56.602+0000] {subprocess.py:106} INFO - 	at org.apache.spark.sql.execution.streaming.runtime.MultiBatchExecutor.execute(TriggerExecutor.scala:65)
[2026-05-23T12:54:56.602+0000] {subprocess.py:106} INFO - 	at org.apache.spark.sql.execution.streaming.runtime.MicroBatchExecution.runActivatedStream(MicroBatchExecution.scala:461)
[2026-05-23T12:54:56.602+0000] {subprocess.py:106} INFO - 	at org.apache.spark.sql.execution.streaming.runtime.StreamExecution.$anonfun$runStream$1(StreamExecution.scala:347)
[2026-05-23T12:54:56.602+0000] {subprocess.py:106} INFO - 	at scala.runtime.java8.JFunction0$mcV$sp.apply(JFunction0$mcV$sp.scala:18)
[2026-05-23T12:54:56.602+0000] {subprocess.py:106} INFO - 	at org.apache.spark.sql.SparkSession.withActive(SparkSession.scala:804)
[2026-05-23T12:54:56.603+0000] {subprocess.py:106} INFO - 	at org.apache.spark.sql.execution.streaming.runtime.StreamExecution.org$apache$spark$sql$execution$streaming$runtime$StreamExecution$$runStream(StreamExecution.scala:307)
[2026-05-23T12:54:56.603+0000] {subprocess.py:106} INFO - 	at org.apache.spark.sql.execution.streaming.runtime.StreamExecution$$anon$1.run(StreamExecution.scala:230)
[2026-05-23T12:54:56.611+0000] {subprocess.py:106} INFO - 26/05/23 12:54:56 ERROR MicroBatchExecution: Query [id = 89195f1b-afe4-4952-8bbe-b8b6b757477f, runId = bf6191d3-1dc7-48a5-b36b-e349d3c58495] terminated with error
[2026-05-23T12:54:56.611+0000] {subprocess.py:106} INFO - org.apache.spark.SparkConcurrentModificationException: Multiple streaming queries are concurrently using file:/app/datalake/bronze/checkpoints/transactions_ckpt/offsets.
[2026-05-23T12:54:56.611+0000] {subprocess.py:106} INFO - 	at org.apache.spark.sql.errors.QueryExecutionErrors$.multiStreamingQueriesUsingPathConcurrentlyError(QueryExecutionErrors.scala:1807)
[2026-05-23T12:54:56.612+0000] {subprocess.py:106} INFO - 	at org.apache.spark.sql.execution.streaming.checkpointing.HDFSMetadataLog.write(HDFSMetadataLog.scala:213)
[2026-05-23T12:54:56.612+0000] {subprocess.py:106} INFO - 	at org.apache.spark.sql.execution.streaming.checkpointing.HDFSMetadataLog.addNewBatchByStream(HDFSMetadataLog.scala:240)
[2026-05-23T12:54:56.612+0000] {subprocess.py:106} INFO - 	at org.apache.spark.sql.execution.streaming.checkpointing.HDFSMetadataLog.add(HDFSMetadataLog.scala:133)
[2026-05-23T12:54:56.612+0000] {subprocess.py:106} INFO - 	at org.apache.spark.sql.execution.streaming.runtime.MicroBatchExecution.markMicroBatchStart(MicroBatchExecution.scala:1109)
[2026-05-23T12:54:56.612+0000] {subprocess.py:106} INFO - 	at org.apache.spark.sql.execution.streaming.runtime.MicroBatchExecution.$anonfun$constructNextBatch$15(MicroBatchExecution.scala:821)
[2026-05-23T12:54:56.613+0000] {subprocess.py:106} INFO - 	at scala.runtime.java8.JFunction0$mcV$sp.apply(JFunction0$mcV$sp.scala:18)
[2026-05-23T12:54:56.613+0000] {subprocess.py:106} INFO - 	at org.apache.spark.sql.execution.streaming.runtime.ProgressContext.reportTimeTaken(ProgressReporter.scala:200)
[2026-05-23T12:54:56.613+0000] {subprocess.py:106} INFO - 	at org.apache.spark.sql.execution.streaming.runtime.MicroBatchExecution.$anonfun$constructNextBatch$1(MicroBatchExecution.scala:820)
[2026-05-23T12:54:56.613+0000] {subprocess.py:106} INFO - 	at scala.runtime.java8.JFunction0$mcZ$sp.apply(JFunction0$mcZ$sp.scala:17)
[2026-05-23T12:54:56.615+0000] {subprocess.py:106} INFO - 	at org.apache.spark.sql.execution.streaming.runtime.MicroBatchExecution.withProgressLocked(MicroBatchExecution.scala:1335)
[2026-05-23T12:54:56.616+0000] {subprocess.py:106} INFO - 	at org.apache.spark.sql.execution.streaming.runtime.MicroBatchExecution.constructNextBatch(MicroBatchExecution.scala:757)
[2026-05-23T12:54:56.616+0000] {subprocess.py:106} INFO - 	at org.apache.spark.sql.execution.streaming.runtime.MicroBatchExecution.$anonfun$executeOneBatch$2(MicroBatchExecution.scala:492)
[2026-05-23T12:54:56.616+0000] {subprocess.py:106} INFO - 	at scala.runtime.java8.JFunction0$mcV$sp.apply(JFunction0$mcV$sp.scala:18)
[2026-05-23T12:54:56.616+0000] {subprocess.py:106} INFO - 	at org.apache.spark.sql.execution.streaming.runtime.ProgressContext.reportTimeTaken(ProgressReporter.scala:200)
[2026-05-23T12:54:56.617+0000] {subprocess.py:106} INFO - 	at org.apache.spark.sql.execution.streaming.runtime.MicroBatchExecution.executeOneBatch(MicroBatchExecution.scala:481)
[2026-05-23T12:54:56.617+0000] {subprocess.py:106} INFO - 	at org.apache.spark.sql.execution.streaming.runtime.MicroBatchExecution.$anonfun$runActivatedStream$1(MicroBatchExecution.scala:461)
[2026-05-23T12:54:56.617+0000] {subprocess.py:106} INFO - 	at org.apache.spark.sql.execution.streaming.runtime.MicroBatchExecution.$anonfun$runActivatedStream$1$adapted(MicroBatchExecution.scala:461)
[2026-05-23T12:54:56.618+0000] {subprocess.py:106} INFO - 	at org.apache.spark.sql.execution.streaming.runtime.TriggerExecutor.runOneBatch(TriggerExecutor.scala:40)
[2026-05-23T12:54:56.619+0000] {subprocess.py:106} INFO - 	at org.apache.spark.sql.execution.streaming.runtime.TriggerExecutor.runOneBatch$(TriggerExecutor.scala:38)
[2026-05-23T12:54:56.619+0000] {subprocess.py:106} INFO - 	at org.apache.spark.sql.execution.streaming.runtime.MultiBatchExecutor.runOneBatch(TriggerExecutor.scala:60)
[2026-05-23T12:54:56.619+0000] {subprocess.py:106} INFO - 	at org.apache.spark.sql.execution.streaming.runtime.MultiBatchExecutor.execute(TriggerExecutor.scala:65)
[2026-05-23T12:54:56.619+0000] {subprocess.py:106} INFO - 	at org.apache.spark.sql.execution.streaming.runtime.MicroBatchExecution.runActivatedStream(MicroBatchExecution.scala:461)
[2026-05-23T12:54:56.620+0000] {subprocess.py:106} INFO - 	at org.apache.spark.sql.execution.streaming.runtime.StreamExecution.$anonfun$runStream$1(StreamExecution.scala:347)
[2026-05-23T12:54:56.620+0000] {subprocess.py:106} INFO - 	at scala.runtime.java8.JFunction0$mcV$sp.apply(JFunction0$mcV$sp.scala:18)
[2026-05-23T12:54:56.620+0000] {subprocess.py:106} INFO - 	at org.apache.spark.sql.SparkSession.withActive(SparkSession.scala:804)
[2026-05-23T12:54:56.620+0000] {subprocess.py:106} INFO - 	at org.apache.spark.sql.execution.streaming.runtime.StreamExecution.org$apache$spark$sql$execution$streaming$runtime$StreamExecution$$runStream(StreamExecution.scala:307)
[2026-05-23T12:54:56.620+0000] {subprocess.py:106} INFO - 	at org.apache.spark.sql.execution.streaming.runtime.StreamExecution$$anon$1.run(StreamExecution.scala:230)
[2026-05-23T12:54:56.620+0000] {subprocess.py:106} INFO - Caused by: org.apache.hadoop.fs.FileAlreadyExistsException: Rename destination file:/app/datalake/bronze/checkpoints/transactions_ckpt/offsets/3 already exists.
[2026-05-23T12:54:56.621+0000] {subprocess.py:106} INFO - 	at org.apache.hadoop.fs.AbstractFileSystem.renameInternal(AbstractFileSystem.java:876)
[2026-05-23T12:54:56.621+0000] {subprocess.py:106} INFO - 	at org.apache.hadoop.fs.AbstractFileSystem.rename(AbstractFileSystem.java:807)
[2026-05-23T12:54:56.621+0000] {subprocess.py:106} INFO - 	at org.apache.hadoop.fs.ChecksumFs.renameInternal(ChecksumFs.java:512)
[2026-05-23T12:54:56.621+0000] {subprocess.py:106} INFO - 	at org.apache.hadoop.fs.AbstractFileSystem.rename(AbstractFileSystem.java:807)
[2026-05-23T12:54:56.621+0000] {subprocess.py:106} INFO - 	at org.apache.hadoop.fs.FileContext.rename(FileContext.java:1044)
[2026-05-23T12:54:56.622+0000] {subprocess.py:106} INFO - 	at org.apache.spark.sql.execution.streaming.checkpointing.FileContextBasedCheckpointFileManager.renameTempFile(CheckpointFileManager.scala:391)
[2026-05-23T12:54:56.622+0000] {subprocess.py:106} INFO - 	at org.apache.spark.sql.execution.streaming.checkpointing.CheckpointFileManager$RenameBasedFSDataOutputStream.close(CheckpointFileManager.scala:160)
[2026-05-23T12:54:56.622+0000] {subprocess.py:106} INFO - 	at org.apache.spark.sql.execution.streaming.checkpointing.HDFSMetadataLog.write(HDFSMetadataLog.scala:207)
[2026-05-23T12:54:56.622+0000] {subprocess.py:106} INFO - 	... 26 more
[2026-05-23T12:54:56.687+0000] {subprocess.py:106} INFO - Connecting to Kafka Cluster over SSL...
[2026-05-23T12:54:56.688+0000] {subprocess.py:106} INFO - Traceback (most recent call last):
[2026-05-23T12:54:56.688+0000] {subprocess.py:106} INFO -   File "/app/bronze_ingestion.py", line 56, in <module>
[2026-05-23T12:54:56.689+0000] {subprocess.py:106} INFO -     query.awaitTermination()
[2026-05-23T12:54:56.689+0000] {subprocess.py:106} INFO -   File "/home/airflow/.local/lib/python3.12/site-packages/pyspark/sql/streaming/query.py", line 225, in awaitTermination
[2026-05-23T12:54:56.689+0000] {subprocess.py:106} INFO -     return self._jsq.awaitTermination()
[2026-05-23T12:54:56.690+0000] {subprocess.py:106} INFO -            ^^^^^^^^^^^^^^^^^^^^^^^^^^^^
[2026-05-23T12:54:56.690+0000] {subprocess.py:106} INFO -   File "/home/airflow/.local/lib/python3.12/site-packages/py4j/java_gateway.py", line 1362, in __call__
[2026-05-23T12:54:56.690+0000] {subprocess.py:106} INFO -     return_value = get_return_value(
[2026-05-23T12:54:56.691+0000] {subprocess.py:106} INFO -                    ^^^^^^^^^^^^^^^^^
[2026-05-23T12:54:56.691+0000] {subprocess.py:106} INFO -   File "/home/airflow/.local/lib/python3.12/site-packages/pyspark/errors/exceptions/captured.py", line 269, in deco
[2026-05-23T12:54:56.691+0000] {subprocess.py:106} INFO -     raise converted from None
[2026-05-23T12:54:56.691+0000] {subprocess.py:106} INFO - pyspark.errors.exceptions.captured.StreamingQueryException: [STREAM_FAILED] Query [id = 89195f1b-afe4-4952-8bbe-b8b6b757477f, runId = bf6191d3-1dc7-48a5-b36b-e349d3c58495] terminated with exception: Multiple streaming queries are concurrently using file:/app/datalake/bronze/checkpoints/transactions_ckpt/offsets. SQLSTATE: XXKST
[2026-05-23T12:54:56.692+0000] {subprocess.py:106} INFO - === Streaming Query ===
[2026-05-23T12:54:56.692+0000] {subprocess.py:106} INFO - Identifier: [id = 89195f1b-afe4-4952-8bbe-b8b6b757477f, runId = bf6191d3-1dc7-48a5-b36b-e349d3c58495]
[2026-05-23T12:54:56.692+0000] {subprocess.py:106} INFO - Current Committed Offsets: {KafkaV2[Subscribe[raw_transactions_v2]]: {"raw_transactions_v2":{"0":197432,"1":198196,"2":197740}}}
[2026-05-23T12:54:56.692+0000] {subprocess.py:106} INFO - Current Available Offsets: {KafkaV2[Subscribe[raw_transactions_v2]]: {"raw_transactions_v2":{"0":205309,"1":205867,"2":205570}}}
[2026-05-23T12:54:56.692+0000] {subprocess.py:106} INFO - 
[2026-05-23T12:54:56.693+0000] {subprocess.py:106} INFO - Current State: ACTIVE
[2026-05-23T12:54:56.693+0000] {subprocess.py:106} INFO - Thread State: RUNNABLE
[2026-05-23T12:54:56.693+0000] {subprocess.py:106} INFO - 
[2026-05-23T12:54:56.693+0000] {subprocess.py:106} INFO - Logical Plan:
[2026-05-23T12:54:56.693+0000] {subprocess.py:106} INFO - ~WriteToMicroBatchDataSourceV1 FileSink[file:/app/datalake/bronze/transactions], 89195f1b-afe4-4952-8bbe-b8b6b757477f, [path=./datalake/bronze/transactions, checkpointLocation=./datalake/bronze/checkpoints/transactions_ckpt], Append
[2026-05-23T12:54:56.693+0000] {subprocess.py:106} INFO - +- ~Project [variant_data#17, kafka_timestamp#15]
[2026-05-23T12:54:56.694+0000] {subprocess.py:106} INFO -    +- ~Project [raw_json#14, kafka_timestamp#15, CASE WHEN isnull(variant_data#16) THEN cast(raise_error(USER_RAISED_EXCEPTION, map(errorMessage, concat(CRITICAL: Invalid JSON detected -> , raw_json#14)), NullType) as variant) ELSE variant_data#16 END AS variant_data#17]
[2026-05-23T12:54:56.694+0000] {subprocess.py:106} INFO -       +- ~Project [raw_json#14, kafka_timestamp#15, parse_json(raw_json#14, true) AS variant_data#16]
[2026-05-23T12:54:56.694+0000] {subprocess.py:106} INFO -          +- ~Project [cast(value#8 as string) AS raw_json#14, timestamp#12 AS kafka_timestamp#15]
[2026-05-23T12:54:56.694+0000] {subprocess.py:106} INFO -             +- ~StreamingDataSourceV2ScanRelation[key#7, value#8, topic#9, partition#10, offset#11L, timestamp#12, timestampType#13] KafkaTable
[2026-05-23T12:54:56.694+0000] {subprocess.py:106} INFO - 
[2026-05-23T12:54:57.191+0000] {subprocess.py:110} INFO - Command exited with return code 1
[2026-05-23T12:54:57.206+0000] {taskinstance.py:3337} ERROR - Task failed with exception
Traceback (most recent call last):
  File "/home/airflow/.local/lib/python3.12/site-packages/airflow/models/taskinstance.py", line 776, in _execute_task
    result = _execute_callable(context=context, **execute_callable_kwargs)
             ^^^^^^^^^^^^^^^^^^^^^^^^^^^^^^^^^^^^^^^^^^^^^^^^^^^^^^^^^^^^^
  File "/home/airflow/.local/lib/python3.12/site-packages/airflow/models/taskinstance.py", line 742, in _execute_callable
    return ExecutionCallableRunner(
           ^^^^^^^^^^^^^^^^^^^^^^^^
  File "/home/airflow/.local/lib/python3.12/site-packages/airflow/utils/operator_helpers.py", line 252, in run
    return self.func(*args, **kwargs)
           ^^^^^^^^^^^^^^^^^^^^^^^^^^
  File "/home/airflow/.local/lib/python3.12/site-packages/airflow/models/baseoperator.py", line 425, in wrapper
    return func(self, *args, **kwargs)
           ^^^^^^^^^^^^^^^^^^^^^^^^^^^
  File "/home/airflow/.local/lib/python3.12/site-packages/airflow/operators/bash.py", line 276, in execute
    raise AirflowException(
airflow.exceptions.AirflowException: Bash command failed. The command returned a non-zero exit code 1.
[2026-05-23T12:54:57.212+0000] {taskinstance.py:1242} INFO - Marking task as UP_FOR_RETRY. dag_id=fraud_medallion_pipeline, task_id=run_bronze_layer, run_id=scheduled__2026-05-23T12:40:00+00:00, execution_date=20260523T124000, start_date=20260523T125450, end_date=20260523T125457
[2026-05-23T12:54:57.238+0000] {taskinstance.py:349} INFO - ::group::Post task execution logs
[2026-05-23T12:54:57.239+0000] {standard_task_runner.py:124} ERROR - Failed to execute job 39 for task run_bronze_layer (Bash command failed. The command returned a non-zero exit code 1.; 64748)
Traceback (most recent call last):
  File "/home/airflow/.local/lib/python3.12/site-packages/airflow/task/task_runner/standard_task_runner.py", line 117, in _start_by_fork
    ret = args.func(args, dag=self.dag)
          ^^^^^^^^^^^^^^^^^^^^^^^^^^^^^
  File "/home/airflow/.local/lib/python3.12/site-packages/airflow/cli/cli_config.py", line 49, in command
    return func(*args, **kwargs)
           ^^^^^^^^^^^^^^^^^^^^^
  File "/home/airflow/.local/lib/python3.12/site-packages/airflow/utils/cli.py", line 116, in wrapper
    return f(*args, **kwargs)
           ^^^^^^^^^^^^^^^^^^
  File "/home/airflow/.local/lib/python3.12/site-packages/airflow/cli/commands/task_command.py", line 483, in task_run
    task_return_code = _run_task_by_selected_method(args, _dag, ti)
                       ^^^^^^^^^^^^^^^^^^^^^^^^^^^^^^^^^^^^^^^^^^^^
  File "/home/airflow/.local/lib/python3.12/site-packages/airflow/cli/commands/task_command.py", line 256, in _run_task_by_selected_method
    return _run_raw_task(args, ti)
           ^^^^^^^^^^^^^^^^^^^^^^^
  File "/home/airflow/.local/lib/python3.12/site-packages/airflow/cli/commands/task_command.py", line 341, in _run_raw_task
    return ti._run_raw_task(
           ^^^^^^^^^^^^^^^^^
  File "/home/airflow/.local/lib/python3.12/site-packages/airflow/utils/session.py", line 97, in wrapper
    return func(*args, session=session, **kwargs)
           ^^^^^^^^^^^^^^^^^^^^^^^^^^^^^^^^^^^^^^
  File "/home/airflow/.local/lib/python3.12/site-packages/airflow/models/taskinstance.py", line 3030, in _run_raw_task
    return _run_raw_task(
           ^^^^^^^^^^^^^^
  File "/home/airflow/.local/lib/python3.12/site-packages/airflow/models/taskinstance.py", line 282, in _run_raw_task
    TaskInstance._execute_task_with_callbacks(
  File "/home/airflow/.local/lib/python3.12/site-packages/airflow/models/taskinstance.py", line 3185, in _execute_task_with_callbacks
    result = self._execute_task(context, task_orig)
             ^^^^^^^^^^^^^^^^^^^^^^^^^^^^^^^^^^^^^^
  File "/home/airflow/.local/lib/python3.12/site-packages/airflow/models/taskinstance.py", line 3209, in _execute_task
    return _execute_task(self, context, task_orig)
           ^^^^^^^^^^^^^^^^^^^^^^^^^^^^^^^^^^^^^^^
  File "/home/airflow/.local/lib/python3.12/site-packages/airflow/models/taskinstance.py", line 776, in _execute_task
    result = _execute_callable(context=context, **execute_callable_kwargs)
             ^^^^^^^^^^^^^^^^^^^^^^^^^^^^^^^^^^^^^^^^^^^^^^^^^^^^^^^^^^^^^
  File "/home/airflow/.local/lib/python3.12/site-packages/airflow/models/taskinstance.py", line 742, in _execute_callable
    return ExecutionCallableRunner(
           ^^^^^^^^^^^^^^^^^^^^^^^^
  File "/home/airflow/.local/lib/python3.12/site-packages/airflow/utils/operator_helpers.py", line 252, in run
    return self.func(*args, **kwargs)
           ^^^^^^^^^^^^^^^^^^^^^^^^^^
  File "/home/airflow/.local/lib/python3.12/site-packages/airflow/models/baseoperator.py", line 425, in wrapper
    return func(self, *args, **kwargs)
           ^^^^^^^^^^^^^^^^^^^^^^^^^^^
  File "/home/airflow/.local/lib/python3.12/site-packages/airflow/operators/bash.py", line 276, in execute
    raise AirflowException(
airflow.exceptions.AirflowException: Bash command failed. The command returned a non-zero exit code 1.
[2026-05-23T12:54:57.244+0000] {local_task_job_runner.py:266} INFO - Task exited with return code 1
[2026-05-23T12:54:57.263+0000] {taskinstance.py:3925} INFO - 0 downstream tasks scheduled from follow-on schedule check
[2026-05-23T12:54:57.264+0000] {local_task_job_runner.py:245} INFO - ::endgroup::
