[2026-05-23T10:50:00.184+0000] {local_task_job_runner.py:123} INFO - ::group::Pre task execution logs
[2026-05-23T10:50:00.193+0000] {taskinstance.py:2632} INFO - Dependencies all met for dep_context=non-requeueable deps ti=<TaskInstance: fraud_pipeline_bronze_hourly.run_spark_pyspark_job scheduled__2026-05-23T10:45:00+00:00 [queued]>
[2026-05-23T10:50:00.195+0000] {taskinstance.py:2632} INFO - Dependencies all met for dep_context=requeueable deps ti=<TaskInstance: fraud_pipeline_bronze_hourly.run_spark_pyspark_job scheduled__2026-05-23T10:45:00+00:00 [queued]>
[2026-05-23T10:50:00.196+0000] {taskinstance.py:2885} INFO - Starting attempt 1 of 2
[2026-05-23T10:50:00.200+0000] {taskinstance.py:2908} INFO - Executing <Task(BashOperator): run_spark_pyspark_job> on 2026-05-23 10:45:00+00:00
[2026-05-23T10:50:00.203+0000] {logging_mixin.py:190} WARNING - /home/airflow/.local/lib/python3.12/site-packages/airflow/task/task_runner/standard_task_runner.py:70 DeprecationWarning: This process (pid=1057) is multi-threaded, use of fork() may lead to deadlocks in the child.
[2026-05-23T10:50:00.204+0000] {standard_task_runner.py:72} INFO - Started process 1058 to run task
[2026-05-23T10:50:00.203+0000] {standard_task_runner.py:104} INFO - Running: ['airflow', 'tasks', 'run', 'fraud_pipeline_bronze_hourly', 'run_spark_pyspark_job', 'scheduled__2026-05-23T10:45:00+00:00', '--job-id', '5', '--raw', '--subdir', 'DAGS_FOLDER/spark_interval_ingestion.py', '--cfg-path', '/tmp/tmp4yhvd7o3']
[2026-05-23T10:50:00.207+0000] {standard_task_runner.py:105} INFO - Job 5: Subtask run_spark_pyspark_job
[2026-05-23T10:50:00.231+0000] {task_command.py:467} INFO - Running <TaskInstance: fraud_pipeline_bronze_hourly.run_spark_pyspark_job scheduled__2026-05-23T10:45:00+00:00 [running]> on host 03f8e21ba966
[2026-05-23T10:50:00.261+0000] {taskinstance.py:3158} INFO - Exporting env vars: AIRFLOW_CTX_DAG_EMAIL='bjk18261910@gmail.com' AIRFLOW_CTX_DAG_OWNER='agungpribadi' AIRFLOW_CTX_DAG_ID='fraud_pipeline_bronze_hourly' AIRFLOW_CTX_TASK_ID='run_spark_pyspark_job' AIRFLOW_CTX_EXECUTION_DATE='2026-05-23T10:45:00+00:00' AIRFLOW_CTX_TRY_NUMBER='1' AIRFLOW_CTX_DAG_RUN_ID='scheduled__2026-05-23T10:45:00+00:00'
[2026-05-23T10:50:00.261+0000] {taskinstance.py:740} INFO - ::endgroup::
[2026-05-23T10:50:00.268+0000] {subprocess.py:78} INFO - Tmp dir root location: /tmp
[2026-05-23T10:50:00.268+0000] {subprocess.py:88} INFO - Running command: ['/usr/bin/bash', '-c', 'cd /app && python bronze_ingestion.py']
[2026-05-23T10:50:00.271+0000] {subprocess.py:99} INFO - Output:
[2026-05-23T10:50:00.668+0000] {subprocess.py:106} INFO - WARNING: Using incubator modules: jdk.incubator.vector
[2026-05-23T10:50:01.108+0000] {subprocess.py:106} INFO - :: loading settings :: url = jar:file:/home/airflow/.local/lib/python3.12/site-packages/pyspark/jars/ivy-2.5.3.jar!/org/apache/ivy/core/settings/ivysettings.xml
[2026-05-23T10:50:01.131+0000] {subprocess.py:106} INFO - Ivy Default Cache set to: /home/airflow/.ivy2.5.2/cache
[2026-05-23T10:50:01.132+0000] {subprocess.py:106} INFO - The jars for the packages stored in: /home/airflow/.ivy2.5.2/jars
[2026-05-23T10:50:01.133+0000] {subprocess.py:106} INFO - org.apache.spark#spark-sql-kafka-0-10_2.13 added as a dependency
[2026-05-23T10:50:01.134+0000] {subprocess.py:106} INFO - :: resolving dependencies :: org.apache.spark#spark-submit-parent-d82f4963-b5e1-481b-83e0-d90f196c9e88;1.0
[2026-05-23T10:50:01.134+0000] {subprocess.py:106} INFO - 	confs: [default]
[2026-05-23T10:50:01.190+0000] {subprocess.py:106} INFO - 	found org.apache.spark#spark-sql-kafka-0-10_2.13;4.1.1 in central
[2026-05-23T10:50:01.212+0000] {subprocess.py:106} INFO - 	found org.apache.spark#spark-token-provider-kafka-0-10_2.13;4.1.1 in central
[2026-05-23T10:50:01.222+0000] {subprocess.py:106} INFO - 	found org.apache.kafka#kafka-clients;3.9.1 in central
[2026-05-23T10:50:01.234+0000] {subprocess.py:106} INFO - 	found org.lz4#lz4-java;1.8.0 in central
[2026-05-23T10:50:01.241+0000] {subprocess.py:106} INFO - 	found org.xerial.snappy#snappy-java;1.1.10.8 in central
[2026-05-23T10:50:01.249+0000] {subprocess.py:106} INFO - 	found org.slf4j#slf4j-api;2.0.17 in central
[2026-05-23T10:50:01.264+0000] {subprocess.py:106} INFO - 	found org.apache.hadoop#hadoop-client-runtime;3.4.2 in central
[2026-05-23T10:50:01.278+0000] {subprocess.py:106} INFO - 	found org.apache.hadoop#hadoop-client-api;3.4.2 in central
[2026-05-23T10:50:01.286+0000] {subprocess.py:106} INFO - 	found com.google.code.findbugs#jsr305;3.0.0 in central
[2026-05-23T10:50:01.292+0000] {subprocess.py:106} INFO - 	found org.scala-lang.modules#scala-parallel-collections_2.13;1.2.0 in central
[2026-05-23T10:50:01.298+0000] {subprocess.py:106} INFO - 	found org.apache.commons#commons-pool2;2.12.1 in central
[2026-05-23T10:50:01.307+0000] {subprocess.py:106} INFO - :: resolution report :: resolve 170ms :: artifacts dl 4ms
[2026-05-23T10:50:01.307+0000] {subprocess.py:106} INFO - 	:: modules in use:
[2026-05-23T10:50:01.308+0000] {subprocess.py:106} INFO - 	com.google.code.findbugs#jsr305;3.0.0 from central in [default]
[2026-05-23T10:50:01.308+0000] {subprocess.py:106} INFO - 	org.apache.commons#commons-pool2;2.12.1 from central in [default]
[2026-05-23T10:50:01.308+0000] {subprocess.py:106} INFO - 	org.apache.hadoop#hadoop-client-api;3.4.2 from central in [default]
[2026-05-23T10:50:01.308+0000] {subprocess.py:106} INFO - 	org.apache.hadoop#hadoop-client-runtime;3.4.2 from central in [default]
[2026-05-23T10:50:01.308+0000] {subprocess.py:106} INFO - 	org.apache.kafka#kafka-clients;3.9.1 from central in [default]
[2026-05-23T10:50:01.309+0000] {subprocess.py:106} INFO - 	org.apache.spark#spark-sql-kafka-0-10_2.13;4.1.1 from central in [default]
[2026-05-23T10:50:01.309+0000] {subprocess.py:106} INFO - 	org.apache.spark#spark-token-provider-kafka-0-10_2.13;4.1.1 from central in [default]
[2026-05-23T10:50:01.309+0000] {subprocess.py:106} INFO - 	org.lz4#lz4-java;1.8.0 from central in [default]
[2026-05-23T10:50:01.309+0000] {subprocess.py:106} INFO - 	org.scala-lang.modules#scala-parallel-collections_2.13;1.2.0 from central in [default]
[2026-05-23T10:50:01.309+0000] {subprocess.py:106} INFO - 	org.slf4j#slf4j-api;2.0.17 from central in [default]
[2026-05-23T10:50:01.310+0000] {subprocess.py:106} INFO - 	org.xerial.snappy#snappy-java;1.1.10.8 from central in [default]
[2026-05-23T10:50:01.310+0000] {subprocess.py:106} INFO - 	---------------------------------------------------------------------
[2026-05-23T10:50:01.310+0000] {subprocess.py:106} INFO - 	|                  |            modules            ||   artifacts   |
[2026-05-23T10:50:01.310+0000] {subprocess.py:106} INFO - 	|       conf       | number| search|dwnlded|evicted|| number|dwnlded|
[2026-05-23T10:50:01.310+0000] {subprocess.py:106} INFO - 	---------------------------------------------------------------------
[2026-05-23T10:50:01.310+0000] {subprocess.py:106} INFO - 	|      default     |   11  |   0   |   0   |   0   ||   11  |   0   |
[2026-05-23T10:50:01.310+0000] {subprocess.py:106} INFO - 	---------------------------------------------------------------------
[2026-05-23T10:50:01.310+0000] {subprocess.py:106} INFO - :: retrieving :: org.apache.spark#spark-submit-parent-d82f4963-b5e1-481b-83e0-d90f196c9e88
[2026-05-23T10:50:01.310+0000] {subprocess.py:106} INFO - 	confs: [default]
[2026-05-23T10:50:01.314+0000] {subprocess.py:106} INFO - 	0 artifacts copied, 11 already retrieved (0kB/5ms)
[2026-05-23T10:50:01.411+0000] {subprocess.py:106} INFO - 26/05/23 10:50:01 WARN NativeCodeLoader: Unable to load native-hadoop library for your platform... using builtin-java classes where applicable
[2026-05-23T10:50:01.481+0000] {subprocess.py:106} INFO - Using Spark's default log4j profile: org/apache/spark/log4j2-defaults.properties
[2026-05-23T10:50:01.482+0000] {subprocess.py:106} INFO - Setting default log level to "WARN".
[2026-05-23T10:50:01.482+0000] {subprocess.py:106} INFO - To adjust logging level use sc.setLogLevel(newLevel). For SparkR, use setLogLevel(newLevel).
[2026-05-23T10:50:03.907+0000] {subprocess.py:106} INFO - 26/05/23 10:50:03 WARN ResolveWriteToStream: spark.sql.adaptive.enabled is not supported in streaming DataFrames/Datasets and will be disabled.
[2026-05-23T10:50:04.650+0000] {subprocess.py:106} INFO - Connecting to Kafka Cluster over SSL...
[2026-05-23T10:50:04.651+0000] {subprocess.py:106} INFO - Stream configured with VARIANT! Waiting for data...
[2026-05-23T10:50:04.651+0000] {subprocess.py:106} INFO - Batch processing complete. Exiting cleanly.
[2026-05-23T10:50:05.112+0000] {subprocess.py:110} INFO - Command exited with return code 0
[2026-05-23T10:50:05.141+0000] {taskinstance.py:349} INFO - ::group::Post task execution logs
[2026-05-23T10:50:05.142+0000] {taskinstance.py:361} INFO - Marking task as SUCCESS. dag_id=fraud_pipeline_bronze_hourly, task_id=run_spark_pyspark_job, run_id=scheduled__2026-05-23T10:45:00+00:00, execution_date=20260523T104500, start_date=20260523T105000, end_date=20260523T105005
[2026-05-23T10:50:05.167+0000] {local_task_job_runner.py:266} INFO - Task exited with return code 0
[2026-05-23T10:50:05.186+0000] {taskinstance.py:3925} INFO - 0 downstream tasks scheduled from follow-on schedule check
[2026-05-23T10:50:05.187+0000] {local_task_job_runner.py:245} INFO - ::endgroup::
