[2026-05-23T10:35:00.881+0000] {local_task_job_runner.py:123} INFO - ::group::Pre task execution logs
[2026-05-23T10:35:00.888+0000] {taskinstance.py:2632} INFO - Dependencies all met for dep_context=non-requeueable deps ti=<TaskInstance: fraud_pipeline_bronze_hourly.run_spark_pyspark_job scheduled__2026-05-23T10:30:00+00:00 [queued]>
[2026-05-23T10:35:00.891+0000] {taskinstance.py:2632} INFO - Dependencies all met for dep_context=requeueable deps ti=<TaskInstance: fraud_pipeline_bronze_hourly.run_spark_pyspark_job scheduled__2026-05-23T10:30:00+00:00 [queued]>
[2026-05-23T10:35:00.891+0000] {taskinstance.py:2885} INFO - Starting attempt 1 of 2
[2026-05-23T10:35:00.895+0000] {taskinstance.py:2908} INFO - Executing <Task(BashOperator): run_spark_pyspark_job> on 2026-05-23 10:30:00+00:00
[2026-05-23T10:35:00.897+0000] {logging_mixin.py:190} WARNING - /home/airflow/.local/lib/python3.12/site-packages/airflow/task/task_runner/standard_task_runner.py:70 DeprecationWarning: This process (pid=2405) is multi-threaded, use of fork() may lead to deadlocks in the child.
[2026-05-23T10:35:00.898+0000] {standard_task_runner.py:72} INFO - Started process 2411 to run task
[2026-05-23T10:35:00.898+0000] {standard_task_runner.py:104} INFO - Running: ['airflow', 'tasks', 'run', 'fraud_pipeline_bronze_hourly', 'run_spark_pyspark_job', 'scheduled__2026-05-23T10:30:00+00:00', '--job-id', '9', '--raw', '--subdir', 'DAGS_FOLDER/spark_interval_ingestion.py', '--cfg-path', '/tmp/tmpl8ssbuab']
[2026-05-23T10:35:00.899+0000] {standard_task_runner.py:105} INFO - Job 9: Subtask run_spark_pyspark_job
[2026-05-23T10:35:00.917+0000] {task_command.py:467} INFO - Running <TaskInstance: fraud_pipeline_bronze_hourly.run_spark_pyspark_job scheduled__2026-05-23T10:30:00+00:00 [running]> on host ad11640717d7
[2026-05-23T10:35:00.944+0000] {taskinstance.py:3158} INFO - Exporting env vars: AIRFLOW_CTX_DAG_EMAIL='bjk18261910@gmail.com' AIRFLOW_CTX_DAG_OWNER='agungpribadi' AIRFLOW_CTX_DAG_ID='fraud_pipeline_bronze_hourly' AIRFLOW_CTX_TASK_ID='run_spark_pyspark_job' AIRFLOW_CTX_EXECUTION_DATE='2026-05-23T10:30:00+00:00' AIRFLOW_CTX_TRY_NUMBER='1' AIRFLOW_CTX_DAG_RUN_ID='scheduled__2026-05-23T10:30:00+00:00'
[2026-05-23T10:35:00.944+0000] {taskinstance.py:740} INFO - ::endgroup::
[2026-05-23T10:35:00.952+0000] {subprocess.py:78} INFO - Tmp dir root location: /tmp
[2026-05-23T10:35:00.952+0000] {subprocess.py:88} INFO - Running command: ['/usr/bin/bash', '-c', 'cd /app && python bronze_ingestion.py']
[2026-05-23T10:35:00.956+0000] {subprocess.py:99} INFO - Output:
[2026-05-23T10:35:01.437+0000] {subprocess.py:106} INFO - WARNING: Using incubator modules: jdk.incubator.vector
[2026-05-23T10:35:02.040+0000] {subprocess.py:106} INFO - :: loading settings :: url = jar:file:/home/airflow/.local/lib/python3.12/site-packages/pyspark/jars/ivy-2.5.3.jar!/org/apache/ivy/core/settings/ivysettings.xml
[2026-05-23T10:35:02.072+0000] {subprocess.py:106} INFO - Ivy Default Cache set to: /home/airflow/.ivy2.5.2/cache
[2026-05-23T10:35:02.072+0000] {subprocess.py:106} INFO - The jars for the packages stored in: /home/airflow/.ivy2.5.2/jars
[2026-05-23T10:35:02.073+0000] {subprocess.py:106} INFO - org.apache.spark#spark-sql-kafka-0-10_2.13 added as a dependency
[2026-05-23T10:35:02.073+0000] {subprocess.py:106} INFO - :: resolving dependencies :: org.apache.spark#spark-submit-parent-7668b9bd-e867-42f7-b2e8-18092b733e0a;1.0
[2026-05-23T10:35:02.073+0000] {subprocess.py:106} INFO - 	confs: [default]
[2026-05-23T10:35:02.139+0000] {subprocess.py:106} INFO - 	found org.apache.spark#spark-sql-kafka-0-10_2.13;4.1.1 in central
[2026-05-23T10:35:02.163+0000] {subprocess.py:106} INFO - 	found org.apache.spark#spark-token-provider-kafka-0-10_2.13;4.1.1 in central
[2026-05-23T10:35:02.171+0000] {subprocess.py:106} INFO - 	found org.apache.kafka#kafka-clients;3.9.1 in central
[2026-05-23T10:35:02.180+0000] {subprocess.py:106} INFO - 	found org.lz4#lz4-java;1.8.0 in central
[2026-05-23T10:35:02.186+0000] {subprocess.py:106} INFO - 	found org.xerial.snappy#snappy-java;1.1.10.8 in central
[2026-05-23T10:35:02.196+0000] {subprocess.py:106} INFO - 	found org.slf4j#slf4j-api;2.0.17 in central
[2026-05-23T10:35:02.205+0000] {subprocess.py:106} INFO - 	found org.apache.hadoop#hadoop-client-runtime;3.4.2 in central
[2026-05-23T10:35:02.214+0000] {subprocess.py:106} INFO - 	found org.apache.hadoop#hadoop-client-api;3.4.2 in central
[2026-05-23T10:35:02.220+0000] {subprocess.py:106} INFO - 	found com.google.code.findbugs#jsr305;3.0.0 in central
[2026-05-23T10:35:02.226+0000] {subprocess.py:106} INFO - 	found org.scala-lang.modules#scala-parallel-collections_2.13;1.2.0 in central
[2026-05-23T10:35:02.232+0000] {subprocess.py:106} INFO - 	found org.apache.commons#commons-pool2;2.12.1 in central
[2026-05-23T10:35:02.239+0000] {subprocess.py:106} INFO - :: resolution report :: resolve 162ms :: artifacts dl 4ms
[2026-05-23T10:35:02.239+0000] {subprocess.py:106} INFO - 	:: modules in use:
[2026-05-23T10:35:02.239+0000] {subprocess.py:106} INFO - 	com.google.code.findbugs#jsr305;3.0.0 from central in [default]
[2026-05-23T10:35:02.240+0000] {subprocess.py:106} INFO - 	org.apache.commons#commons-pool2;2.12.1 from central in [default]
[2026-05-23T10:35:02.240+0000] {subprocess.py:106} INFO - 	org.apache.hadoop#hadoop-client-api;3.4.2 from central in [default]
[2026-05-23T10:35:02.240+0000] {subprocess.py:106} INFO - 	org.apache.hadoop#hadoop-client-runtime;3.4.2 from central in [default]
[2026-05-23T10:35:02.240+0000] {subprocess.py:106} INFO - 	org.apache.kafka#kafka-clients;3.9.1 from central in [default]
[2026-05-23T10:35:02.240+0000] {subprocess.py:106} INFO - 	org.apache.spark#spark-sql-kafka-0-10_2.13;4.1.1 from central in [default]
[2026-05-23T10:35:02.241+0000] {subprocess.py:106} INFO - 	org.apache.spark#spark-token-provider-kafka-0-10_2.13;4.1.1 from central in [default]
[2026-05-23T10:35:02.241+0000] {subprocess.py:106} INFO - 	org.lz4#lz4-java;1.8.0 from central in [default]
[2026-05-23T10:35:02.241+0000] {subprocess.py:106} INFO - 	org.scala-lang.modules#scala-parallel-collections_2.13;1.2.0 from central in [default]
[2026-05-23T10:35:02.241+0000] {subprocess.py:106} INFO - 	org.slf4j#slf4j-api;2.0.17 from central in [default]
[2026-05-23T10:35:02.241+0000] {subprocess.py:106} INFO - 	org.xerial.snappy#snappy-java;1.1.10.8 from central in [default]
[2026-05-23T10:35:02.241+0000] {subprocess.py:106} INFO - 	---------------------------------------------------------------------
[2026-05-23T10:35:02.241+0000] {subprocess.py:106} INFO - 	|                  |            modules            ||   artifacts   |
[2026-05-23T10:35:02.241+0000] {subprocess.py:106} INFO - 	|       conf       | number| search|dwnlded|evicted|| number|dwnlded|
[2026-05-23T10:35:02.242+0000] {subprocess.py:106} INFO - 	---------------------------------------------------------------------
[2026-05-23T10:35:02.242+0000] {subprocess.py:106} INFO - 	|      default     |   11  |   0   |   0   |   0   ||   11  |   0   |
[2026-05-23T10:35:02.242+0000] {subprocess.py:106} INFO - 	---------------------------------------------------------------------
[2026-05-23T10:35:02.242+0000] {subprocess.py:106} INFO - :: retrieving :: org.apache.spark#spark-submit-parent-7668b9bd-e867-42f7-b2e8-18092b733e0a
[2026-05-23T10:35:02.242+0000] {subprocess.py:106} INFO - 	confs: [default]
[2026-05-23T10:35:02.245+0000] {subprocess.py:106} INFO - 	0 artifacts copied, 11 already retrieved (0kB/3ms)
[2026-05-23T10:35:02.370+0000] {subprocess.py:106} INFO - 26/05/23 10:35:02 WARN NativeCodeLoader: Unable to load native-hadoop library for your platform... using builtin-java classes where applicable
[2026-05-23T10:35:02.448+0000] {subprocess.py:106} INFO - Using Spark's default log4j profile: org/apache/spark/log4j2-defaults.properties
[2026-05-23T10:35:02.448+0000] {subprocess.py:106} INFO - Setting default log level to "WARN".
[2026-05-23T10:35:02.449+0000] {subprocess.py:106} INFO - To adjust logging level use sc.setLogLevel(newLevel). For SparkR, use setLogLevel(newLevel).
[2026-05-23T10:35:04.595+0000] {subprocess.py:106} INFO - 26/05/23 10:35:04 WARN ResolveWriteToStream: spark.sql.adaptive.enabled is not supported in streaming DataFrames/Datasets and will be disabled.
[2026-05-23T10:35:06.656+0000] {subprocess.py:106} INFO - [Stage 0:>                                                          (0 + 1) / 1]                                                                                Connecting to Kafka Cluster over SSL...
[2026-05-23T10:35:06.657+0000] {subprocess.py:106} INFO - Stream configured with VARIANT! Waiting for data...
[2026-05-23T10:35:06.657+0000] {subprocess.py:106} INFO - Batch processing complete. Exiting cleanly.
[2026-05-23T10:35:07.121+0000] {subprocess.py:110} INFO - Command exited with return code 0
[2026-05-23T10:35:07.138+0000] {taskinstance.py:349} INFO - ::group::Post task execution logs
[2026-05-23T10:35:07.138+0000] {taskinstance.py:361} INFO - Marking task as SUCCESS. dag_id=fraud_pipeline_bronze_hourly, task_id=run_spark_pyspark_job, run_id=scheduled__2026-05-23T10:30:00+00:00, execution_date=20260523T103000, start_date=20260523T103500, end_date=20260523T103507
[2026-05-23T10:35:07.151+0000] {local_task_job_runner.py:266} INFO - Task exited with return code 0
[2026-05-23T10:35:07.157+0000] {taskinstance.py:3925} INFO - 0 downstream tasks scheduled from follow-on schedule check
[2026-05-23T10:35:07.158+0000] {local_task_job_runner.py:245} INFO - ::endgroup::
