[2026-05-23T16:35:07.126+0000] {local_task_job_runner.py:123} INFO - ::group::Pre task execution logs
[2026-05-23T16:35:07.151+0000] {taskinstance.py:2632} INFO - Dependencies all met for dep_context=non-requeueable deps ti=<TaskInstance: fraud_medallion_pipeline.run_bronze_layer scheduled__2026-05-23T16:30:00+00:00 [queued]>
[2026-05-23T16:35:07.158+0000] {taskinstance.py:2632} INFO - Dependencies all met for dep_context=requeueable deps ti=<TaskInstance: fraud_medallion_pipeline.run_bronze_layer scheduled__2026-05-23T16:30:00+00:00 [queued]>
[2026-05-23T16:35:07.158+0000] {taskinstance.py:2885} INFO - Starting attempt 1 of 2
[2026-05-23T16:35:07.172+0000] {taskinstance.py:2908} INFO - Executing <Task(BashOperator): run_bronze_layer> on 2026-05-23 16:30:00+00:00
[2026-05-23T16:35:07.177+0000] {logging_mixin.py:190} WARNING - /home/airflow/.local/lib/python3.12/site-packages/airflow/task/task_runner/standard_task_runner.py:70 DeprecationWarning: This process (pid=31196) is multi-threaded, use of fork() may lead to deadlocks in the child.
[2026-05-23T16:35:07.178+0000] {standard_task_runner.py:72} INFO - Started process 31207 to run task
[2026-05-23T16:35:07.179+0000] {standard_task_runner.py:104} INFO - Running: ['airflow', 'tasks', 'run', 'fraud_medallion_pipeline', 'run_bronze_layer', 'scheduled__2026-05-23T16:30:00+00:00', '--job-id', '75', '--raw', '--subdir', 'DAGS_FOLDER/spark_interval_ingestion.py', '--cfg-path', '/tmp/tmplngkq3tb']
[2026-05-23T16:35:07.186+0000] {standard_task_runner.py:105} INFO - Job 75: Subtask run_bronze_layer
[2026-05-23T16:35:07.240+0000] {task_command.py:467} INFO - Running <TaskInstance: fraud_medallion_pipeline.run_bronze_layer scheduled__2026-05-23T16:30:00+00:00 [running]> on host 03f8e21ba966
[2026-05-23T16:35:07.343+0000] {taskinstance.py:3158} INFO - Exporting env vars: AIRFLOW_CTX_DAG_EMAIL='bjk18261910@gmail.com' AIRFLOW_CTX_DAG_OWNER='agungpribadi' AIRFLOW_CTX_DAG_ID='fraud_medallion_pipeline' AIRFLOW_CTX_TASK_ID='run_bronze_layer' AIRFLOW_CTX_EXECUTION_DATE='2026-05-23T16:30:00+00:00' AIRFLOW_CTX_TRY_NUMBER='1' AIRFLOW_CTX_DAG_RUN_ID='scheduled__2026-05-23T16:30:00+00:00'
[2026-05-23T16:35:07.343+0000] {taskinstance.py:740} INFO - ::endgroup::
[2026-05-23T16:35:07.356+0000] {subprocess.py:78} INFO - Tmp dir root location: /tmp
[2026-05-23T16:35:07.357+0000] {subprocess.py:88} INFO - Running command: ['/usr/bin/bash', '-c', 'cd /app && python bronze_ingestion.py']
[2026-05-23T16:35:07.363+0000] {subprocess.py:99} INFO - Output:
[2026-05-23T16:35:08.293+0000] {subprocess.py:106} INFO - WARNING: Using incubator modules: jdk.incubator.vector
[2026-05-23T16:35:09.478+0000] {subprocess.py:106} INFO - :: loading settings :: url = jar:file:/home/airflow/.local/lib/python3.12/site-packages/pyspark/jars/ivy-2.5.3.jar!/org/apache/ivy/core/settings/ivysettings.xml
[2026-05-23T16:35:09.555+0000] {subprocess.py:106} INFO - Ivy Default Cache set to: /home/airflow/.ivy2.5.2/cache
[2026-05-23T16:35:09.557+0000] {subprocess.py:106} INFO - The jars for the packages stored in: /home/airflow/.ivy2.5.2/jars
[2026-05-23T16:35:09.562+0000] {subprocess.py:106} INFO - org.apache.spark#spark-sql-kafka-0-10_2.13 added as a dependency
[2026-05-23T16:35:09.563+0000] {subprocess.py:106} INFO - :: resolving dependencies :: org.apache.spark#spark-submit-parent-21610e4a-a6cd-47c6-ae54-40e877ce9bcd;1.0
[2026-05-23T16:35:09.564+0000] {subprocess.py:106} INFO - 	confs: [default]
[2026-05-23T16:35:09.889+0000] {subprocess.py:106} INFO - 	found org.apache.spark#spark-sql-kafka-0-10_2.13;4.1.1 in central
[2026-05-23T16:35:10.006+0000] {subprocess.py:106} INFO - 	found org.apache.spark#spark-token-provider-kafka-0-10_2.13;4.1.1 in central
[2026-05-23T16:35:10.060+0000] {subprocess.py:106} INFO - 	found org.apache.kafka#kafka-clients;3.9.1 in central
[2026-05-23T16:35:10.082+0000] {subprocess.py:106} INFO - 	found org.lz4#lz4-java;1.8.0 in central
[2026-05-23T16:35:10.105+0000] {subprocess.py:106} INFO - 	found org.xerial.snappy#snappy-java;1.1.10.8 in central
[2026-05-23T16:35:10.125+0000] {subprocess.py:106} INFO - 	found org.slf4j#slf4j-api;2.0.17 in central
[2026-05-23T16:35:10.168+0000] {subprocess.py:106} INFO - 	found org.apache.hadoop#hadoop-client-runtime;3.4.2 in central
[2026-05-23T16:35:10.190+0000] {subprocess.py:106} INFO - 	found org.apache.hadoop#hadoop-client-api;3.4.2 in central
[2026-05-23T16:35:10.209+0000] {subprocess.py:106} INFO - 	found com.google.code.findbugs#jsr305;3.0.0 in central
[2026-05-23T16:35:10.218+0000] {subprocess.py:106} INFO - 	found org.scala-lang.modules#scala-parallel-collections_2.13;1.2.0 in central
[2026-05-23T16:35:10.237+0000] {subprocess.py:106} INFO - 	found org.apache.commons#commons-pool2;2.12.1 in central
[2026-05-23T16:35:10.290+0000] {subprocess.py:106} INFO - :: resolution report :: resolve 703ms :: artifacts dl 24ms
[2026-05-23T16:35:10.291+0000] {subprocess.py:106} INFO - 	:: modules in use:
[2026-05-23T16:35:10.296+0000] {subprocess.py:106} INFO - 	com.google.code.findbugs#jsr305;3.0.0 from central in [default]
[2026-05-23T16:35:10.296+0000] {subprocess.py:106} INFO - 	org.apache.commons#commons-pool2;2.12.1 from central in [default]
[2026-05-23T16:35:10.297+0000] {subprocess.py:106} INFO - 	org.apache.hadoop#hadoop-client-api;3.4.2 from central in [default]
[2026-05-23T16:35:10.299+0000] {subprocess.py:106} INFO - 	org.apache.hadoop#hadoop-client-runtime;3.4.2 from central in [default]
[2026-05-23T16:35:10.300+0000] {subprocess.py:106} INFO - 	org.apache.kafka#kafka-clients;3.9.1 from central in [default]
[2026-05-23T16:35:10.301+0000] {subprocess.py:106} INFO - 	org.apache.spark#spark-sql-kafka-0-10_2.13;4.1.1 from central in [default]
[2026-05-23T16:35:10.303+0000] {subprocess.py:106} INFO - 	org.apache.spark#spark-token-provider-kafka-0-10_2.13;4.1.1 from central in [default]
[2026-05-23T16:35:10.305+0000] {subprocess.py:106} INFO - 	org.lz4#lz4-java;1.8.0 from central in [default]
[2026-05-23T16:35:10.307+0000] {subprocess.py:106} INFO - 	org.scala-lang.modules#scala-parallel-collections_2.13;1.2.0 from central in [default]
[2026-05-23T16:35:10.309+0000] {subprocess.py:106} INFO - 	org.slf4j#slf4j-api;2.0.17 from central in [default]
[2026-05-23T16:35:10.310+0000] {subprocess.py:106} INFO - 	org.xerial.snappy#snappy-java;1.1.10.8 from central in [default]
[2026-05-23T16:35:10.312+0000] {subprocess.py:106} INFO - 	---------------------------------------------------------------------
[2026-05-23T16:35:10.313+0000] {subprocess.py:106} INFO - 	|                  |            modules            ||   artifacts   |
[2026-05-23T16:35:10.314+0000] {subprocess.py:106} INFO - 	|       conf       | number| search|dwnlded|evicted|| number|dwnlded|
[2026-05-23T16:35:10.314+0000] {subprocess.py:106} INFO - 	---------------------------------------------------------------------
[2026-05-23T16:35:10.315+0000] {subprocess.py:106} INFO - 	|      default     |   11  |   0   |   0   |   0   ||   11  |   0   |
[2026-05-23T16:35:10.315+0000] {subprocess.py:106} INFO - 	---------------------------------------------------------------------
[2026-05-23T16:35:10.315+0000] {subprocess.py:106} INFO - :: retrieving :: org.apache.spark#spark-submit-parent-21610e4a-a6cd-47c6-ae54-40e877ce9bcd
[2026-05-23T16:35:10.316+0000] {subprocess.py:106} INFO - 	confs: [default]
[2026-05-23T16:35:10.330+0000] {subprocess.py:106} INFO - 	0 artifacts copied, 11 already retrieved (0kB/18ms)
[2026-05-23T16:35:10.681+0000] {subprocess.py:106} INFO - 26/05/23 16:35:10 WARN NativeCodeLoader: Unable to load native-hadoop library for your platform... using builtin-java classes where applicable
[2026-05-23T16:35:10.910+0000] {subprocess.py:106} INFO - Using Spark's default log4j profile: org/apache/spark/log4j2-defaults.properties
[2026-05-23T16:35:10.910+0000] {subprocess.py:106} INFO - Setting default log level to "WARN".
[2026-05-23T16:35:10.910+0000] {subprocess.py:106} INFO - To adjust logging level use sc.setLogLevel(newLevel). For SparkR, use setLogLevel(newLevel).
[2026-05-23T16:35:12.164+0000] {subprocess.py:106} INFO - 26/05/23 16:35:12 WARN Utils: Service 'SparkUI' could not bind on port 4040. Attempting port 4041.
[2026-05-23T16:35:12.165+0000] {subprocess.py:106} INFO - 26/05/23 16:35:12 WARN Utils: Service 'SparkUI' could not bind on port 4041. Attempting port 4042.
[2026-05-23T16:35:12.165+0000] {subprocess.py:106} INFO - 26/05/23 16:35:12 WARN Utils: Service 'SparkUI' could not bind on port 4042. Attempting port 4043.
[2026-05-23T16:35:16.634+0000] {subprocess.py:106} INFO - 26/05/23 16:35:16 WARN ResolveWriteToStream: spark.sql.adaptive.enabled is not supported in streaming DataFrames/Datasets and will be disabled.
[2026-05-23T16:35:21.878+0000] {subprocess.py:106} INFO - [Stage 0:>                                                          (0 + 3) / 3]                                                                                26/05/23 16:35:21 ERROR FileFormatWriter: Aborting job be523b94-80af-4cac-bb4a-5f97b5d466bc.
[2026-05-23T16:35:21.886+0000] {subprocess.py:106} INFO - java.lang.IllegalStateException: Race while writing batch 12
[2026-05-23T16:35:21.887+0000] {subprocess.py:106} INFO - 	at org.apache.spark.sql.execution.streaming.ManifestFileCommitProtocol.commitJob(ManifestFileCommitProtocol.scala:81)
[2026-05-23T16:35:21.888+0000] {subprocess.py:106} INFO - 	at org.apache.spark.sql.execution.datasources.FileFormatWriter$.$anonfun$writeAndCommit$3(FileFormatWriter.scala:275)
[2026-05-23T16:35:21.889+0000] {subprocess.py:106} INFO - 	at scala.runtime.java8.JFunction0$mcV$sp.apply(JFunction0$mcV$sp.scala:18)
[2026-05-23T16:35:21.890+0000] {subprocess.py:106} INFO - 	at org.apache.spark.util.Utils$.timeTakenMs(Utils.scala:496)
[2026-05-23T16:35:21.890+0000] {subprocess.py:106} INFO - 	at org.apache.spark.sql.execution.datasources.FileFormatWriter$.writeAndCommit(FileFormatWriter.scala:275)
[2026-05-23T16:35:21.893+0000] {subprocess.py:106} INFO - 	at org.apache.spark.sql.execution.datasources.FileFormatWriter$.executeWrite(FileFormatWriter.scala:211)
[2026-05-23T16:35:21.893+0000] {subprocess.py:106} INFO - 	at org.apache.spark.sql.execution.datasources.FileFormatWriter$.write(FileFormatWriter.scala:192)
[2026-05-23T16:35:21.894+0000] {subprocess.py:106} INFO - 	at org.apache.spark.sql.execution.streaming.sinks.FileStreamSink.addBatch(FileStreamSink.scala:178)
[2026-05-23T16:35:21.894+0000] {subprocess.py:106} INFO - 	at org.apache.spark.sql.execution.streaming.runtime.MicroBatchExecution.$anonfun$runBatch$19(MicroBatchExecution.scala:1074)
[2026-05-23T16:35:21.894+0000] {subprocess.py:106} INFO - 	at org.apache.spark.sql.execution.SQLExecution$.$anonfun$withNewExecutionId0$8(SQLExecution.scala:177)
[2026-05-23T16:35:21.894+0000] {subprocess.py:106} INFO - 	at org.apache.spark.sql.execution.SQLExecution$.withSessionTagsApplied(SQLExecution.scala:285)
[2026-05-23T16:35:21.895+0000] {subprocess.py:106} INFO - 	at org.apache.spark.sql.execution.SQLExecution$.$anonfun$withNewExecutionId0$7(SQLExecution.scala:139)
[2026-05-23T16:35:21.895+0000] {subprocess.py:106} INFO - 	at org.apache.spark.JobArtifactSet$.withActiveJobArtifactState(JobArtifactSet.scala:94)
[2026-05-23T16:35:21.895+0000] {subprocess.py:106} INFO - 	at org.apache.spark.sql.artifact.ArtifactManager.$anonfun$withResources$1(ArtifactManager.scala:112)
[2026-05-23T16:35:21.896+0000] {subprocess.py:106} INFO - 	at org.apache.spark.sql.artifact.ArtifactManager.withClassLoaderIfNeeded(ArtifactManager.scala:106)
[2026-05-23T16:35:21.899+0000] {subprocess.py:106} INFO - 	at org.apache.spark.sql.artifact.ArtifactManager.withResources(ArtifactManager.scala:111)
[2026-05-23T16:35:21.901+0000] {subprocess.py:106} INFO - 	at org.apache.spark.sql.execution.SQLExecution$.$anonfun$withNewExecutionId0$6(SQLExecution.scala:139)
[2026-05-23T16:35:21.902+0000] {subprocess.py:106} INFO - 	at org.apache.spark.sql.execution.SQLExecution$.withSQLConfPropagated(SQLExecution.scala:308)
[2026-05-23T16:35:21.903+0000] {subprocess.py:106} INFO - 	at org.apache.spark.sql.execution.SQLExecution$.$anonfun$withNewExecutionId0$1(SQLExecution.scala:138)
[2026-05-23T16:35:21.903+0000] {subprocess.py:106} INFO - 	at org.apache.spark.sql.SparkSession.withActive(SparkSession.scala:804)
[2026-05-23T16:35:21.903+0000] {subprocess.py:106} INFO - 	at org.apache.spark.sql.execution.SQLExecution$.withNewExecutionId0(SQLExecution.scala:92)
[2026-05-23T16:35:21.904+0000] {subprocess.py:106} INFO - 	at org.apache.spark.sql.execution.SQLExecution$.withNewExecutionId(SQLExecution.scala:250)
[2026-05-23T16:35:21.905+0000] {subprocess.py:106} INFO - 	at org.apache.spark.sql.execution.streaming.runtime.MicroBatchExecution.$anonfun$runBatch$18(MicroBatchExecution.scala:1065)
[2026-05-23T16:35:21.905+0000] {subprocess.py:106} INFO - 	at org.apache.spark.sql.execution.streaming.runtime.ProgressContext.reportTimeTaken(ProgressReporter.scala:200)
[2026-05-23T16:35:21.906+0000] {subprocess.py:106} INFO - 	at org.apache.spark.sql.execution.streaming.runtime.MicroBatchExecution.runBatch(MicroBatchExecution.scala:1065)
[2026-05-23T16:35:21.907+0000] {subprocess.py:106} INFO - 	at org.apache.spark.sql.execution.streaming.runtime.MicroBatchExecution.$anonfun$executeOneBatch$2(MicroBatchExecution.scala:516)
[2026-05-23T16:35:21.908+0000] {subprocess.py:106} INFO - 	at scala.runtime.java8.JFunction0$mcV$sp.apply(JFunction0$mcV$sp.scala:18)
[2026-05-23T16:35:21.909+0000] {subprocess.py:106} INFO - 	at org.apache.spark.sql.execution.streaming.runtime.ProgressContext.reportTimeTaken(ProgressReporter.scala:200)
[2026-05-23T16:35:21.909+0000] {subprocess.py:106} INFO - 	at org.apache.spark.sql.execution.streaming.runtime.MicroBatchExecution.executeOneBatch(MicroBatchExecution.scala:481)
[2026-05-23T16:35:21.910+0000] {subprocess.py:106} INFO - 	at org.apache.spark.sql.execution.streaming.runtime.MicroBatchExecution.$anonfun$runActivatedStream$1(MicroBatchExecution.scala:461)
[2026-05-23T16:35:21.910+0000] {subprocess.py:106} INFO - 	at org.apache.spark.sql.execution.streaming.runtime.MicroBatchExecution.$anonfun$runActivatedStream$1$adapted(MicroBatchExecution.scala:461)
[2026-05-23T16:35:21.911+0000] {subprocess.py:106} INFO - 	at org.apache.spark.sql.execution.streaming.runtime.TriggerExecutor.runOneBatch(TriggerExecutor.scala:40)
[2026-05-23T16:35:21.912+0000] {subprocess.py:106} INFO - 	at org.apache.spark.sql.execution.streaming.runtime.TriggerExecutor.runOneBatch$(TriggerExecutor.scala:38)
[2026-05-23T16:35:21.912+0000] {subprocess.py:106} INFO - 	at org.apache.spark.sql.execution.streaming.runtime.MultiBatchExecutor.runOneBatch(TriggerExecutor.scala:60)
[2026-05-23T16:35:21.912+0000] {subprocess.py:106} INFO - 	at org.apache.spark.sql.execution.streaming.runtime.MultiBatchExecutor.execute(TriggerExecutor.scala:65)
[2026-05-23T16:35:21.912+0000] {subprocess.py:106} INFO - 	at org.apache.spark.sql.execution.streaming.runtime.MicroBatchExecution.runActivatedStream(MicroBatchExecution.scala:461)
[2026-05-23T16:35:21.913+0000] {subprocess.py:106} INFO - 	at org.apache.spark.sql.execution.streaming.runtime.StreamExecution.$anonfun$runStream$1(StreamExecution.scala:347)
[2026-05-23T16:35:21.913+0000] {subprocess.py:106} INFO - 	at scala.runtime.java8.JFunction0$mcV$sp.apply(JFunction0$mcV$sp.scala:18)
[2026-05-23T16:35:21.913+0000] {subprocess.py:106} INFO - 	at org.apache.spark.sql.SparkSession.withActive(SparkSession.scala:804)
[2026-05-23T16:35:21.913+0000] {subprocess.py:106} INFO - 	at org.apache.spark.sql.execution.streaming.runtime.StreamExecution.org$apache$spark$sql$execution$streaming$runtime$StreamExecution$$runStream(StreamExecution.scala:307)
[2026-05-23T16:35:21.914+0000] {subprocess.py:106} INFO - 	at org.apache.spark.sql.execution.streaming.runtime.StreamExecution$$anon$1.run(StreamExecution.scala:230)
[2026-05-23T16:35:21.914+0000] {subprocess.py:106} INFO - 26/05/23 16:35:21 ERROR MicroBatchExecution: Query [id = 89195f1b-afe4-4952-8bbe-b8b6b757477f, runId = b5c915dd-7360-48dc-9ea7-89dee54e82e2] terminated with error
[2026-05-23T16:35:21.914+0000] {subprocess.py:106} INFO - java.lang.IllegalStateException: Race while writing batch 12
[2026-05-23T16:35:21.915+0000] {subprocess.py:106} INFO - 	at org.apache.spark.sql.execution.streaming.ManifestFileCommitProtocol.commitJob(ManifestFileCommitProtocol.scala:81)
[2026-05-23T16:35:21.915+0000] {subprocess.py:106} INFO - 	at org.apache.spark.sql.execution.datasources.FileFormatWriter$.$anonfun$writeAndCommit$3(FileFormatWriter.scala:275)
[2026-05-23T16:35:21.915+0000] {subprocess.py:106} INFO - 	at scala.runtime.java8.JFunction0$mcV$sp.apply(JFunction0$mcV$sp.scala:18)
[2026-05-23T16:35:21.915+0000] {subprocess.py:106} INFO - 	at org.apache.spark.util.Utils$.timeTakenMs(Utils.scala:496)
[2026-05-23T16:35:21.916+0000] {subprocess.py:106} INFO - 	at org.apache.spark.sql.execution.datasources.FileFormatWriter$.writeAndCommit(FileFormatWriter.scala:275)
[2026-05-23T16:35:21.916+0000] {subprocess.py:106} INFO - 	at org.apache.spark.sql.execution.datasources.FileFormatWriter$.executeWrite(FileFormatWriter.scala:211)
[2026-05-23T16:35:21.916+0000] {subprocess.py:106} INFO - 	at org.apache.spark.sql.execution.datasources.FileFormatWriter$.write(FileFormatWriter.scala:192)
[2026-05-23T16:35:21.917+0000] {subprocess.py:106} INFO - 	at org.apache.spark.sql.execution.streaming.sinks.FileStreamSink.addBatch(FileStreamSink.scala:178)
[2026-05-23T16:35:21.917+0000] {subprocess.py:106} INFO - 	at org.apache.spark.sql.execution.streaming.runtime.MicroBatchExecution.$anonfun$runBatch$19(MicroBatchExecution.scala:1074)
[2026-05-23T16:35:21.917+0000] {subprocess.py:106} INFO - 	at org.apache.spark.sql.execution.SQLExecution$.$anonfun$withNewExecutionId0$8(SQLExecution.scala:177)
[2026-05-23T16:35:21.917+0000] {subprocess.py:106} INFO - 	at org.apache.spark.sql.execution.SQLExecution$.withSessionTagsApplied(SQLExecution.scala:285)
[2026-05-23T16:35:21.917+0000] {subprocess.py:106} INFO - 	at org.apache.spark.sql.execution.SQLExecution$.$anonfun$withNewExecutionId0$7(SQLExecution.scala:139)
[2026-05-23T16:35:21.918+0000] {subprocess.py:106} INFO - 	at org.apache.spark.JobArtifactSet$.withActiveJobArtifactState(JobArtifactSet.scala:94)
[2026-05-23T16:35:21.918+0000] {subprocess.py:106} INFO - 	at org.apache.spark.sql.artifact.ArtifactManager.$anonfun$withResources$1(ArtifactManager.scala:112)
[2026-05-23T16:35:21.918+0000] {subprocess.py:106} INFO - 	at org.apache.spark.sql.artifact.ArtifactManager.withClassLoaderIfNeeded(ArtifactManager.scala:106)
[2026-05-23T16:35:21.918+0000] {subprocess.py:106} INFO - 	at org.apache.spark.sql.artifact.ArtifactManager.withResources(ArtifactManager.scala:111)
[2026-05-23T16:35:21.919+0000] {subprocess.py:106} INFO - 	at org.apache.spark.sql.execution.SQLExecution$.$anonfun$withNewExecutionId0$6(SQLExecution.scala:139)
[2026-05-23T16:35:21.919+0000] {subprocess.py:106} INFO - 	at org.apache.spark.sql.execution.SQLExecution$.withSQLConfPropagated(SQLExecution.scala:308)
[2026-05-23T16:35:21.919+0000] {subprocess.py:106} INFO - 	at org.apache.spark.sql.execution.SQLExecution$.$anonfun$withNewExecutionId0$1(SQLExecution.scala:138)
[2026-05-23T16:35:21.919+0000] {subprocess.py:106} INFO - 	at org.apache.spark.sql.SparkSession.withActive(SparkSession.scala:804)
[2026-05-23T16:35:21.919+0000] {subprocess.py:106} INFO - 	at org.apache.spark.sql.execution.SQLExecution$.withNewExecutionId0(SQLExecution.scala:92)
[2026-05-23T16:35:21.920+0000] {subprocess.py:106} INFO - 	at org.apache.spark.sql.execution.SQLExecution$.withNewExecutionId(SQLExecution.scala:250)
[2026-05-23T16:35:21.920+0000] {subprocess.py:106} INFO - 	at org.apache.spark.sql.execution.streaming.runtime.MicroBatchExecution.$anonfun$runBatch$18(MicroBatchExecution.scala:1065)
[2026-05-23T16:35:21.920+0000] {subprocess.py:106} INFO - 	at org.apache.spark.sql.execution.streaming.runtime.ProgressContext.reportTimeTaken(ProgressReporter.scala:200)
[2026-05-23T16:35:21.920+0000] {subprocess.py:106} INFO - 	at org.apache.spark.sql.execution.streaming.runtime.MicroBatchExecution.runBatch(MicroBatchExecution.scala:1065)
[2026-05-23T16:35:21.921+0000] {subprocess.py:106} INFO - 	at org.apache.spark.sql.execution.streaming.runtime.MicroBatchExecution.$anonfun$executeOneBatch$2(MicroBatchExecution.scala:516)
[2026-05-23T16:35:21.921+0000] {subprocess.py:106} INFO - 	at scala.runtime.java8.JFunction0$mcV$sp.apply(JFunction0$mcV$sp.scala:18)
[2026-05-23T16:35:21.921+0000] {subprocess.py:106} INFO - 	at org.apache.spark.sql.execution.streaming.runtime.ProgressContext.reportTimeTaken(ProgressReporter.scala:200)
[2026-05-23T16:35:21.922+0000] {subprocess.py:106} INFO - 	at org.apache.spark.sql.execution.streaming.runtime.MicroBatchExecution.executeOneBatch(MicroBatchExecution.scala:481)
[2026-05-23T16:35:21.922+0000] {subprocess.py:106} INFO - 	at org.apache.spark.sql.execution.streaming.runtime.MicroBatchExecution.$anonfun$runActivatedStream$1(MicroBatchExecution.scala:461)
[2026-05-23T16:35:21.922+0000] {subprocess.py:106} INFO - 	at org.apache.spark.sql.execution.streaming.runtime.MicroBatchExecution.$anonfun$runActivatedStream$1$adapted(MicroBatchExecution.scala:461)
[2026-05-23T16:35:21.922+0000] {subprocess.py:106} INFO - 	at org.apache.spark.sql.execution.streaming.runtime.TriggerExecutor.runOneBatch(TriggerExecutor.scala:40)
[2026-05-23T16:35:21.923+0000] {subprocess.py:106} INFO - 	at org.apache.spark.sql.execution.streaming.runtime.TriggerExecutor.runOneBatch$(TriggerExecutor.scala:38)
[2026-05-23T16:35:21.923+0000] {subprocess.py:106} INFO - 	at org.apache.spark.sql.execution.streaming.runtime.MultiBatchExecutor.runOneBatch(TriggerExecutor.scala:60)
[2026-05-23T16:35:21.924+0000] {subprocess.py:106} INFO - 	at org.apache.spark.sql.execution.streaming.runtime.MultiBatchExecutor.execute(TriggerExecutor.scala:65)
[2026-05-23T16:35:21.924+0000] {subprocess.py:106} INFO - 	at org.apache.spark.sql.execution.streaming.runtime.MicroBatchExecution.runActivatedStream(MicroBatchExecution.scala:461)
[2026-05-23T16:35:21.924+0000] {subprocess.py:106} INFO - 	at org.apache.spark.sql.execution.streaming.runtime.StreamExecution.$anonfun$runStream$1(StreamExecution.scala:347)
[2026-05-23T16:35:21.925+0000] {subprocess.py:106} INFO - 	at scala.runtime.java8.JFunction0$mcV$sp.apply(JFunction0$mcV$sp.scala:18)
[2026-05-23T16:35:21.925+0000] {subprocess.py:106} INFO - 	at org.apache.spark.sql.SparkSession.withActive(SparkSession.scala:804)
[2026-05-23T16:35:21.925+0000] {subprocess.py:106} INFO - 	at org.apache.spark.sql.execution.streaming.runtime.StreamExecution.org$apache$spark$sql$execution$streaming$runtime$StreamExecution$$runStream(StreamExecution.scala:307)
[2026-05-23T16:35:21.925+0000] {subprocess.py:106} INFO - 	at org.apache.spark.sql.execution.streaming.runtime.StreamExecution$$anon$1.run(StreamExecution.scala:230)
[2026-05-23T16:35:21.961+0000] {subprocess.py:106} INFO - Connecting to Kafka Cluster over SSL...
[2026-05-23T16:35:21.961+0000] {subprocess.py:106} INFO - Traceback (most recent call last):
[2026-05-23T16:35:21.962+0000] {subprocess.py:106} INFO -   File "/app/bronze_ingestion.py", line 56, in <module>
[2026-05-23T16:35:21.962+0000] {subprocess.py:106} INFO -     query.awaitTermination()
[2026-05-23T16:35:21.963+0000] {subprocess.py:106} INFO -   File "/home/airflow/.local/lib/python3.12/site-packages/pyspark/sql/streaming/query.py", line 225, in awaitTermination
[2026-05-23T16:35:21.964+0000] {subprocess.py:106} INFO -     return self._jsq.awaitTermination()
[2026-05-23T16:35:21.964+0000] {subprocess.py:106} INFO -            ^^^^^^^^^^^^^^^^^^^^^^^^^^^^
[2026-05-23T16:35:21.965+0000] {subprocess.py:106} INFO -   File "/home/airflow/.local/lib/python3.12/site-packages/py4j/java_gateway.py", line 1362, in __call__
[2026-05-23T16:35:21.965+0000] {subprocess.py:106} INFO -     return_value = get_return_value(
[2026-05-23T16:35:21.967+0000] {subprocess.py:106} INFO -                    ^^^^^^^^^^^^^^^^^
[2026-05-23T16:35:21.967+0000] {subprocess.py:106} INFO -   File "/home/airflow/.local/lib/python3.12/site-packages/pyspark/errors/exceptions/captured.py", line 269, in deco
[2026-05-23T16:35:21.967+0000] {subprocess.py:106} INFO -     raise converted from None
[2026-05-23T16:35:21.967+0000] {subprocess.py:106} INFO - pyspark.errors.exceptions.captured.StreamingQueryException: [STREAM_FAILED] Query [id = 89195f1b-afe4-4952-8bbe-b8b6b757477f, runId = b5c915dd-7360-48dc-9ea7-89dee54e82e2] terminated with exception: Race while writing batch 12 SQLSTATE: XXKST
[2026-05-23T16:35:21.968+0000] {subprocess.py:106} INFO - === Streaming Query ===
[2026-05-23T16:35:21.970+0000] {subprocess.py:106} INFO - Identifier: [id = 89195f1b-afe4-4952-8bbe-b8b6b757477f, runId = b5c915dd-7360-48dc-9ea7-89dee54e82e2]
[2026-05-23T16:35:21.970+0000] {subprocess.py:106} INFO - Current Committed Offsets: {KafkaV2[Subscribe[raw_transactions_v2]]: {"raw_transactions_v2":{"0":212567,"1":213053,"2":212774}}}
[2026-05-23T16:35:21.971+0000] {subprocess.py:106} INFO - Current Available Offsets: {KafkaV2[Subscribe[raw_transactions_v2]]: {"raw_transactions_v2":{"0":213847,"1":214313,"2":214050}}}
[2026-05-23T16:35:21.971+0000] {subprocess.py:106} INFO - 
[2026-05-23T16:35:21.971+0000] {subprocess.py:106} INFO - Current State: ACTIVE
[2026-05-23T16:35:21.972+0000] {subprocess.py:106} INFO - Thread State: RUNNABLE
[2026-05-23T16:35:21.972+0000] {subprocess.py:106} INFO - 
[2026-05-23T16:35:21.973+0000] {subprocess.py:106} INFO - Logical Plan:
[2026-05-23T16:35:21.973+0000] {subprocess.py:106} INFO - ~WriteToMicroBatchDataSourceV1 FileSink[file:/app/datalake/bronze/transactions], 89195f1b-afe4-4952-8bbe-b8b6b757477f, [path=./datalake/bronze/transactions, checkpointLocation=./datalake/bronze/checkpoints/transactions_ckpt], Append
[2026-05-23T16:35:21.973+0000] {subprocess.py:106} INFO - +- ~Project [variant_data#17, kafka_timestamp#15]
[2026-05-23T16:35:21.974+0000] {subprocess.py:106} INFO -    +- ~Project [raw_json#14, kafka_timestamp#15, CASE WHEN isnull(variant_data#16) THEN cast(raise_error(USER_RAISED_EXCEPTION, map(errorMessage, concat(CRITICAL: Invalid JSON detected -> , raw_json#14)), NullType) as variant) ELSE variant_data#16 END AS variant_data#17]
[2026-05-23T16:35:21.974+0000] {subprocess.py:106} INFO -       +- ~Project [raw_json#14, kafka_timestamp#15, parse_json(raw_json#14, true) AS variant_data#16]
[2026-05-23T16:35:21.975+0000] {subprocess.py:106} INFO -          +- ~Project [cast(value#8 as string) AS raw_json#14, timestamp#12 AS kafka_timestamp#15]
[2026-05-23T16:35:21.975+0000] {subprocess.py:106} INFO -             +- ~StreamingDataSourceV2ScanRelation[key#7, value#8, topic#9, partition#10, offset#11L, timestamp#12, timestampType#13] KafkaTable
[2026-05-23T16:35:21.975+0000] {subprocess.py:106} INFO - 
[2026-05-23T16:35:22.603+0000] {subprocess.py:110} INFO - Command exited with return code 1
[2026-05-23T16:35:22.620+0000] {taskinstance.py:3337} ERROR - Task failed with exception
Traceback (most recent call last):
  File "/home/airflow/.local/lib/python3.12/site-packages/airflow/models/taskinstance.py", line 776, in _execute_task
    result = _execute_callable(context=context, **execute_callable_kwargs)
             ^^^^^^^^^^^^^^^^^^^^^^^^^^^^^^^^^^^^^^^^^^^^^^^^^^^^^^^^^^^^^
  File "/home/airflow/.local/lib/python3.12/site-packages/airflow/models/taskinstance.py", line 742, in _execute_callable
    return ExecutionCallableRunner(
           ^^^^^^^^^^^^^^^^^^^^^^^^
  File "/home/airflow/.local/lib/python3.12/site-packages/airflow/utils/operator_helpers.py", line 252, in run
    return self.func(*args, **kwargs)
           ^^^^^^^^^^^^^^^^^^^^^^^^^^
  File "/home/airflow/.local/lib/python3.12/site-packages/airflow/models/baseoperator.py", line 425, in wrapper
    return func(self, *args, **kwargs)
           ^^^^^^^^^^^^^^^^^^^^^^^^^^^
  File "/home/airflow/.local/lib/python3.12/site-packages/airflow/operators/bash.py", line 276, in execute
    raise AirflowException(
airflow.exceptions.AirflowException: Bash command failed. The command returned a non-zero exit code 1.
[2026-05-23T16:35:22.628+0000] {taskinstance.py:1242} INFO - Marking task as UP_FOR_RETRY. dag_id=fraud_medallion_pipeline, task_id=run_bronze_layer, run_id=scheduled__2026-05-23T16:30:00+00:00, execution_date=20260523T163000, start_date=20260523T163507, end_date=20260523T163522
[2026-05-23T16:35:22.650+0000] {taskinstance.py:349} INFO - ::group::Post task execution logs
[2026-05-23T16:35:22.650+0000] {standard_task_runner.py:124} ERROR - Failed to execute job 75 for task run_bronze_layer (Bash command failed. The command returned a non-zero exit code 1.; 31207)
Traceback (most recent call last):
  File "/home/airflow/.local/lib/python3.12/site-packages/airflow/task/task_runner/standard_task_runner.py", line 117, in _start_by_fork
    ret = args.func(args, dag=self.dag)
          ^^^^^^^^^^^^^^^^^^^^^^^^^^^^^
  File "/home/airflow/.local/lib/python3.12/site-packages/airflow/cli/cli_config.py", line 49, in command
    return func(*args, **kwargs)
           ^^^^^^^^^^^^^^^^^^^^^
  File "/home/airflow/.local/lib/python3.12/site-packages/airflow/utils/cli.py", line 116, in wrapper
    return f(*args, **kwargs)
           ^^^^^^^^^^^^^^^^^^
  File "/home/airflow/.local/lib/python3.12/site-packages/airflow/cli/commands/task_command.py", line 483, in task_run
    task_return_code = _run_task_by_selected_method(args, _dag, ti)
                       ^^^^^^^^^^^^^^^^^^^^^^^^^^^^^^^^^^^^^^^^^^^^
  File "/home/airflow/.local/lib/python3.12/site-packages/airflow/cli/commands/task_command.py", line 256, in _run_task_by_selected_method
    return _run_raw_task(args, ti)
           ^^^^^^^^^^^^^^^^^^^^^^^
  File "/home/airflow/.local/lib/python3.12/site-packages/airflow/cli/commands/task_command.py", line 341, in _run_raw_task
    return ti._run_raw_task(
           ^^^^^^^^^^^^^^^^^
  File "/home/airflow/.local/lib/python3.12/site-packages/airflow/utils/session.py", line 97, in wrapper
    return func(*args, session=session, **kwargs)
           ^^^^^^^^^^^^^^^^^^^^^^^^^^^^^^^^^^^^^^
  File "/home/airflow/.local/lib/python3.12/site-packages/airflow/models/taskinstance.py", line 3030, in _run_raw_task
    return _run_raw_task(
           ^^^^^^^^^^^^^^
  File "/home/airflow/.local/lib/python3.12/site-packages/airflow/models/taskinstance.py", line 282, in _run_raw_task
    TaskInstance._execute_task_with_callbacks(
  File "/home/airflow/.local/lib/python3.12/site-packages/airflow/models/taskinstance.py", line 3185, in _execute_task_with_callbacks
    result = self._execute_task(context, task_orig)
             ^^^^^^^^^^^^^^^^^^^^^^^^^^^^^^^^^^^^^^
  File "/home/airflow/.local/lib/python3.12/site-packages/airflow/models/taskinstance.py", line 3209, in _execute_task
    return _execute_task(self, context, task_orig)
           ^^^^^^^^^^^^^^^^^^^^^^^^^^^^^^^^^^^^^^^
  File "/home/airflow/.local/lib/python3.12/site-packages/airflow/models/taskinstance.py", line 776, in _execute_task
    result = _execute_callable(context=context, **execute_callable_kwargs)
             ^^^^^^^^^^^^^^^^^^^^^^^^^^^^^^^^^^^^^^^^^^^^^^^^^^^^^^^^^^^^^
  File "/home/airflow/.local/lib/python3.12/site-packages/airflow/models/taskinstance.py", line 742, in _execute_callable
    return ExecutionCallableRunner(
           ^^^^^^^^^^^^^^^^^^^^^^^^
  File "/home/airflow/.local/lib/python3.12/site-packages/airflow/utils/operator_helpers.py", line 252, in run
    return self.func(*args, **kwargs)
           ^^^^^^^^^^^^^^^^^^^^^^^^^^
  File "/home/airflow/.local/lib/python3.12/site-packages/airflow/models/baseoperator.py", line 425, in wrapper
    return func(self, *args, **kwargs)
           ^^^^^^^^^^^^^^^^^^^^^^^^^^^
  File "/home/airflow/.local/lib/python3.12/site-packages/airflow/operators/bash.py", line 276, in execute
    raise AirflowException(
airflow.exceptions.AirflowException: Bash command failed. The command returned a non-zero exit code 1.
[2026-05-23T16:35:22.656+0000] {local_task_job_runner.py:266} INFO - Task exited with return code 1
[2026-05-23T16:35:22.670+0000] {taskinstance.py:3925} INFO - 0 downstream tasks scheduled from follow-on schedule check
[2026-05-23T16:35:22.671+0000] {local_task_job_runner.py:245} INFO - ::endgroup::
