[2026-05-23T12:30:17.044+0000] {local_task_job_runner.py:123} INFO - ::group::Pre task execution logs
[2026-05-23T12:30:17.053+0000] {taskinstance.py:2632} INFO - Dependencies all met for dep_context=non-requeueable deps ti=<TaskInstance: fraud_medallion_pipeline.run_gold_layer scheduled__2026-05-23T12:25:00+00:00 [queued]>
[2026-05-23T12:30:17.055+0000] {taskinstance.py:2632} INFO - Dependencies all met for dep_context=requeueable deps ti=<TaskInstance: fraud_medallion_pipeline.run_gold_layer scheduled__2026-05-23T12:25:00+00:00 [queued]>
[2026-05-23T12:30:17.056+0000] {taskinstance.py:2885} INFO - Starting attempt 1 of 2
[2026-05-23T12:30:17.060+0000] {taskinstance.py:2908} INFO - Executing <Task(BashOperator): run_gold_layer> on 2026-05-23 12:25:00+00:00
[2026-05-23T12:30:17.062+0000] {logging_mixin.py:190} WARNING - /home/airflow/.local/lib/python3.12/site-packages/airflow/task/task_runner/standard_task_runner.py:70 DeprecationWarning: This process (pid=10514) is multi-threaded, use of fork() may lead to deadlocks in the child.
[2026-05-23T12:30:17.063+0000] {standard_task_runner.py:72} INFO - Started process 10515 to run task
[2026-05-23T12:30:17.062+0000] {standard_task_runner.py:104} INFO - Running: ['airflow', 'tasks', 'run', 'fraud_medallion_pipeline', 'run_gold_layer', 'scheduled__2026-05-23T12:25:00+00:00', '--job-id', '31', '--raw', '--subdir', 'DAGS_FOLDER/spark_interval_ingestion.py', '--cfg-path', '/tmp/tmplrv5_7bs']
[2026-05-23T12:30:17.064+0000] {standard_task_runner.py:105} INFO - Job 31: Subtask run_gold_layer
[2026-05-23T12:30:17.082+0000] {task_command.py:467} INFO - Running <TaskInstance: fraud_medallion_pipeline.run_gold_layer scheduled__2026-05-23T12:25:00+00:00 [running]> on host 03f8e21ba966
[2026-05-23T12:30:17.113+0000] {taskinstance.py:3158} INFO - Exporting env vars: AIRFLOW_CTX_DAG_EMAIL='bjk18261910@gmail.com' AIRFLOW_CTX_DAG_OWNER='agungpribadi' AIRFLOW_CTX_DAG_ID='fraud_medallion_pipeline' AIRFLOW_CTX_TASK_ID='run_gold_layer' AIRFLOW_CTX_EXECUTION_DATE='2026-05-23T12:25:00+00:00' AIRFLOW_CTX_TRY_NUMBER='1' AIRFLOW_CTX_DAG_RUN_ID='scheduled__2026-05-23T12:25:00+00:00'
[2026-05-23T12:30:17.113+0000] {taskinstance.py:740} INFO - ::endgroup::
[2026-05-23T12:30:17.121+0000] {subprocess.py:78} INFO - Tmp dir root location: /tmp
[2026-05-23T12:30:17.121+0000] {subprocess.py:88} INFO - Running command: ['/usr/bin/bash', '-c', 'cd /app && python gold_aggregation.py']
[2026-05-23T12:30:17.125+0000] {subprocess.py:99} INFO - Output:
[2026-05-23T12:30:17.137+0000] {subprocess.py:106} INFO -   File "/app/gold_aggregation.py", line 22
[2026-05-23T12:30:17.137+0000] {subprocess.py:106} INFO -     .withColumn("event_time", col("timestamp").cast("timestamp")) \
[2026-05-23T12:30:17.137+0000] {subprocess.py:106} INFO - IndentationError: unexpected indent
[2026-05-23T12:30:17.138+0000] {subprocess.py:110} INFO - Command exited with return code 1
[2026-05-23T12:30:17.145+0000] {taskinstance.py:3337} ERROR - Task failed with exception
Traceback (most recent call last):
  File "/home/airflow/.local/lib/python3.12/site-packages/airflow/models/taskinstance.py", line 776, in _execute_task
    result = _execute_callable(context=context, **execute_callable_kwargs)
             ^^^^^^^^^^^^^^^^^^^^^^^^^^^^^^^^^^^^^^^^^^^^^^^^^^^^^^^^^^^^^
  File "/home/airflow/.local/lib/python3.12/site-packages/airflow/models/taskinstance.py", line 742, in _execute_callable
    return ExecutionCallableRunner(
           ^^^^^^^^^^^^^^^^^^^^^^^^
  File "/home/airflow/.local/lib/python3.12/site-packages/airflow/utils/operator_helpers.py", line 252, in run
    return self.func(*args, **kwargs)
           ^^^^^^^^^^^^^^^^^^^^^^^^^^
  File "/home/airflow/.local/lib/python3.12/site-packages/airflow/models/baseoperator.py", line 425, in wrapper
    return func(self, *args, **kwargs)
           ^^^^^^^^^^^^^^^^^^^^^^^^^^^
  File "/home/airflow/.local/lib/python3.12/site-packages/airflow/operators/bash.py", line 276, in execute
    raise AirflowException(
airflow.exceptions.AirflowException: Bash command failed. The command returned a non-zero exit code 1.
[2026-05-23T12:30:17.148+0000] {taskinstance.py:1242} INFO - Marking task as UP_FOR_RETRY. dag_id=fraud_medallion_pipeline, task_id=run_gold_layer, run_id=scheduled__2026-05-23T12:25:00+00:00, execution_date=20260523T122500, start_date=20260523T123017, end_date=20260523T123017
[2026-05-23T12:30:17.160+0000] {taskinstance.py:349} INFO - ::group::Post task execution logs
[2026-05-23T12:30:17.161+0000] {standard_task_runner.py:124} ERROR - Failed to execute job 31 for task run_gold_layer (Bash command failed. The command returned a non-zero exit code 1.; 10515)
Traceback (most recent call last):
  File "/home/airflow/.local/lib/python3.12/site-packages/airflow/task/task_runner/standard_task_runner.py", line 117, in _start_by_fork
    ret = args.func(args, dag=self.dag)
          ^^^^^^^^^^^^^^^^^^^^^^^^^^^^^
  File "/home/airflow/.local/lib/python3.12/site-packages/airflow/cli/cli_config.py", line 49, in command
    return func(*args, **kwargs)
           ^^^^^^^^^^^^^^^^^^^^^
  File "/home/airflow/.local/lib/python3.12/site-packages/airflow/utils/cli.py", line 116, in wrapper
    return f(*args, **kwargs)
           ^^^^^^^^^^^^^^^^^^
  File "/home/airflow/.local/lib/python3.12/site-packages/airflow/cli/commands/task_command.py", line 483, in task_run
    task_return_code = _run_task_by_selected_method(args, _dag, ti)
                       ^^^^^^^^^^^^^^^^^^^^^^^^^^^^^^^^^^^^^^^^^^^^
  File "/home/airflow/.local/lib/python3.12/site-packages/airflow/cli/commands/task_command.py", line 256, in _run_task_by_selected_method
    return _run_raw_task(args, ti)
           ^^^^^^^^^^^^^^^^^^^^^^^
  File "/home/airflow/.local/lib/python3.12/site-packages/airflow/cli/commands/task_command.py", line 341, in _run_raw_task
    return ti._run_raw_task(
           ^^^^^^^^^^^^^^^^^
  File "/home/airflow/.local/lib/python3.12/site-packages/airflow/utils/session.py", line 97, in wrapper
    return func(*args, session=session, **kwargs)
           ^^^^^^^^^^^^^^^^^^^^^^^^^^^^^^^^^^^^^^
  File "/home/airflow/.local/lib/python3.12/site-packages/airflow/models/taskinstance.py", line 3030, in _run_raw_task
    return _run_raw_task(
           ^^^^^^^^^^^^^^
  File "/home/airflow/.local/lib/python3.12/site-packages/airflow/models/taskinstance.py", line 282, in _run_raw_task
    TaskInstance._execute_task_with_callbacks(
  File "/home/airflow/.local/lib/python3.12/site-packages/airflow/models/taskinstance.py", line 3185, in _execute_task_with_callbacks
    result = self._execute_task(context, task_orig)
             ^^^^^^^^^^^^^^^^^^^^^^^^^^^^^^^^^^^^^^
  File "/home/airflow/.local/lib/python3.12/site-packages/airflow/models/taskinstance.py", line 3209, in _execute_task
    return _execute_task(self, context, task_orig)
           ^^^^^^^^^^^^^^^^^^^^^^^^^^^^^^^^^^^^^^^
  File "/home/airflow/.local/lib/python3.12/site-packages/airflow/models/taskinstance.py", line 776, in _execute_task
    result = _execute_callable(context=context, **execute_callable_kwargs)
             ^^^^^^^^^^^^^^^^^^^^^^^^^^^^^^^^^^^^^^^^^^^^^^^^^^^^^^^^^^^^^
  File "/home/airflow/.local/lib/python3.12/site-packages/airflow/models/taskinstance.py", line 742, in _execute_callable
    return ExecutionCallableRunner(
           ^^^^^^^^^^^^^^^^^^^^^^^^
  File "/home/airflow/.local/lib/python3.12/site-packages/airflow/utils/operator_helpers.py", line 252, in run
    return self.func(*args, **kwargs)
           ^^^^^^^^^^^^^^^^^^^^^^^^^^
  File "/home/airflow/.local/lib/python3.12/site-packages/airflow/models/baseoperator.py", line 425, in wrapper
    return func(self, *args, **kwargs)
           ^^^^^^^^^^^^^^^^^^^^^^^^^^^
  File "/home/airflow/.local/lib/python3.12/site-packages/airflow/operators/bash.py", line 276, in execute
    raise AirflowException(
airflow.exceptions.AirflowException: Bash command failed. The command returned a non-zero exit code 1.
[2026-05-23T12:30:17.163+0000] {local_task_job_runner.py:266} INFO - Task exited with return code 1
[2026-05-23T12:30:17.171+0000] {taskinstance.py:3925} INFO - 0 downstream tasks scheduled from follow-on schedule check
[2026-05-23T12:30:17.172+0000] {local_task_job_runner.py:245} INFO - ::endgroup::
