[2026-05-23T13:19:05.750+0000] {local_task_job_runner.py:123} INFO - ::group::Pre task execution logs
[2026-05-23T13:19:05.763+0000] {taskinstance.py:2632} INFO - Dependencies all met for dep_context=non-requeueable deps ti=<TaskInstance: fraud_medallion_pipeline.run_bronze_layer scheduled__2026-05-23T13:00:00+00:00 [queued]>
[2026-05-23T13:19:05.768+0000] {taskinstance.py:2632} INFO - Dependencies all met for dep_context=requeueable deps ti=<TaskInstance: fraud_medallion_pipeline.run_bronze_layer scheduled__2026-05-23T13:00:00+00:00 [queued]>
[2026-05-23T13:19:05.768+0000] {taskinstance.py:2885} INFO - Starting attempt 1 of 2
[2026-05-23T13:19:05.774+0000] {taskinstance.py:2908} INFO - Executing <Task(BashOperator): run_bronze_layer> on 2026-05-23 13:00:00+00:00
[2026-05-23T13:19:05.778+0000] {logging_mixin.py:190} WARNING - /home/airflow/.local/lib/python3.12/site-packages/airflow/task/task_runner/standard_task_runner.py:70 DeprecationWarning: This process (pid=12236) is multi-threaded, use of fork() may lead to deadlocks in the child.
[2026-05-23T13:19:05.780+0000] {standard_task_runner.py:72} INFO - Started process 12460 to run task
[2026-05-23T13:19:05.778+0000] {standard_task_runner.py:104} INFO - Running: ['airflow', 'tasks', 'run', 'fraud_medallion_pipeline', 'run_bronze_layer', 'scheduled__2026-05-23T13:00:00+00:00', '--job-id', '51', '--raw', '--subdir', 'DAGS_FOLDER/spark_interval_ingestion.py', '--cfg-path', '/tmp/tmpkfy443s3']
[2026-05-23T13:19:05.787+0000] {standard_task_runner.py:105} INFO - Job 51: Subtask run_bronze_layer
[2026-05-23T13:19:05.852+0000] {task_command.py:467} INFO - Running <TaskInstance: fraud_medallion_pipeline.run_bronze_layer scheduled__2026-05-23T13:00:00+00:00 [running]> on host 03f8e21ba966
[2026-05-23T13:19:05.928+0000] {taskinstance.py:3158} INFO - Exporting env vars: AIRFLOW_CTX_DAG_EMAIL='bjk18261910@gmail.com' AIRFLOW_CTX_DAG_OWNER='agungpribadi' AIRFLOW_CTX_DAG_ID='fraud_medallion_pipeline' AIRFLOW_CTX_TASK_ID='run_bronze_layer' AIRFLOW_CTX_EXECUTION_DATE='2026-05-23T13:00:00+00:00' AIRFLOW_CTX_TRY_NUMBER='1' AIRFLOW_CTX_DAG_RUN_ID='scheduled__2026-05-23T13:00:00+00:00'
[2026-05-23T13:19:05.929+0000] {taskinstance.py:740} INFO - ::endgroup::
[2026-05-23T13:19:05.943+0000] {subprocess.py:78} INFO - Tmp dir root location: /tmp
[2026-05-23T13:19:05.945+0000] {subprocess.py:88} INFO - Running command: ['/usr/bin/bash', '-c', 'cd /app && python bronze_ingestion.py']
[2026-05-23T13:19:05.955+0000] {subprocess.py:99} INFO - Output:
[2026-05-23T13:19:06.641+0000] {subprocess.py:106} INFO - WARNING: Using incubator modules: jdk.incubator.vector
[2026-05-23T13:19:09.402+0000] {subprocess.py:106} INFO - :: loading settings :: url = jar:file:/home/airflow/.local/lib/python3.12/site-packages/pyspark/jars/ivy-2.5.3.jar!/org/apache/ivy/core/settings/ivysettings.xml
[2026-05-23T13:19:09.520+0000] {subprocess.py:106} INFO - Ivy Default Cache set to: /home/airflow/.ivy2.5.2/cache
[2026-05-23T13:19:09.522+0000] {subprocess.py:106} INFO - The jars for the packages stored in: /home/airflow/.ivy2.5.2/jars
[2026-05-23T13:19:09.523+0000] {subprocess.py:106} INFO - org.apache.spark#spark-sql-kafka-0-10_2.13 added as a dependency
[2026-05-23T13:19:09.524+0000] {subprocess.py:106} INFO - :: resolving dependencies :: org.apache.spark#spark-submit-parent-925ebd3b-390d-4a95-a878-06936da74344;1.0
[2026-05-23T13:19:09.524+0000] {subprocess.py:106} INFO - 	confs: [default]
[2026-05-23T13:19:09.935+0000] {subprocess.py:106} INFO - 	found org.apache.spark#spark-sql-kafka-0-10_2.13;4.1.1 in central
[2026-05-23T13:19:09.983+0000] {subprocess.py:106} INFO - 	found org.apache.spark#spark-token-provider-kafka-0-10_2.13;4.1.1 in central
[2026-05-23T13:19:10.007+0000] {subprocess.py:106} INFO - 	found org.apache.kafka#kafka-clients;3.9.1 in central
[2026-05-23T13:19:10.030+0000] {subprocess.py:106} INFO - 	found org.lz4#lz4-java;1.8.0 in central
[2026-05-23T13:19:10.050+0000] {subprocess.py:106} INFO - 	found org.xerial.snappy#snappy-java;1.1.10.8 in central
[2026-05-23T13:19:10.072+0000] {subprocess.py:106} INFO - 	found org.slf4j#slf4j-api;2.0.17 in central
[2026-05-23T13:19:10.099+0000] {subprocess.py:106} INFO - 	found org.apache.hadoop#hadoop-client-runtime;3.4.2 in central
[2026-05-23T13:19:10.126+0000] {subprocess.py:106} INFO - 	found org.apache.hadoop#hadoop-client-api;3.4.2 in central
[2026-05-23T13:19:10.137+0000] {subprocess.py:106} INFO - 	found com.google.code.findbugs#jsr305;3.0.0 in central
[2026-05-23T13:19:10.147+0000] {subprocess.py:106} INFO - 	found org.scala-lang.modules#scala-parallel-collections_2.13;1.2.0 in central
[2026-05-23T13:19:10.163+0000] {subprocess.py:106} INFO - 	found org.apache.commons#commons-pool2;2.12.1 in central
[2026-05-23T13:19:10.209+0000] {subprocess.py:106} INFO - :: resolution report :: resolve 658ms :: artifacts dl 27ms
[2026-05-23T13:19:10.210+0000] {subprocess.py:106} INFO - 	:: modules in use:
[2026-05-23T13:19:10.210+0000] {subprocess.py:106} INFO - 	com.google.code.findbugs#jsr305;3.0.0 from central in [default]
[2026-05-23T13:19:10.212+0000] {subprocess.py:106} INFO - 	org.apache.commons#commons-pool2;2.12.1 from central in [default]
[2026-05-23T13:19:10.214+0000] {subprocess.py:106} INFO - 	org.apache.hadoop#hadoop-client-api;3.4.2 from central in [default]
[2026-05-23T13:19:10.222+0000] {subprocess.py:106} INFO - 	org.apache.hadoop#hadoop-client-runtime;3.4.2 from central in [default]
[2026-05-23T13:19:10.222+0000] {subprocess.py:106} INFO - 	org.apache.kafka#kafka-clients;3.9.1 from central in [default]
[2026-05-23T13:19:10.223+0000] {subprocess.py:106} INFO - 	org.apache.spark#spark-sql-kafka-0-10_2.13;4.1.1 from central in [default]
[2026-05-23T13:19:10.227+0000] {subprocess.py:106} INFO - 	org.apache.spark#spark-token-provider-kafka-0-10_2.13;4.1.1 from central in [default]
[2026-05-23T13:19:10.229+0000] {subprocess.py:106} INFO - 	org.lz4#lz4-java;1.8.0 from central in [default]
[2026-05-23T13:19:10.229+0000] {subprocess.py:106} INFO - 	org.scala-lang.modules#scala-parallel-collections_2.13;1.2.0 from central in [default]
[2026-05-23T13:19:10.230+0000] {subprocess.py:106} INFO - 	org.slf4j#slf4j-api;2.0.17 from central in [default]
[2026-05-23T13:19:10.230+0000] {subprocess.py:106} INFO - 	org.xerial.snappy#snappy-java;1.1.10.8 from central in [default]
[2026-05-23T13:19:10.233+0000] {subprocess.py:106} INFO - 	---------------------------------------------------------------------
[2026-05-23T13:19:10.234+0000] {subprocess.py:106} INFO - 	|                  |            modules            ||   artifacts   |
[2026-05-23T13:19:10.235+0000] {subprocess.py:106} INFO - 	|       conf       | number| search|dwnlded|evicted|| number|dwnlded|
[2026-05-23T13:19:10.236+0000] {subprocess.py:106} INFO - 	---------------------------------------------------------------------
[2026-05-23T13:19:10.237+0000] {subprocess.py:106} INFO - 	|      default     |   11  |   0   |   0   |   0   ||   11  |   0   |
[2026-05-23T13:19:10.240+0000] {subprocess.py:106} INFO - 	---------------------------------------------------------------------
[2026-05-23T13:19:10.241+0000] {subprocess.py:106} INFO - :: retrieving :: org.apache.spark#spark-submit-parent-925ebd3b-390d-4a95-a878-06936da74344
[2026-05-23T13:19:10.241+0000] {subprocess.py:106} INFO - 	confs: [default]
[2026-05-23T13:19:10.243+0000] {subprocess.py:106} INFO - 	0 artifacts copied, 11 already retrieved (0kB/6ms)
[2026-05-23T13:19:10.530+0000] {subprocess.py:106} INFO - 26/05/23 13:19:10 WARN NativeCodeLoader: Unable to load native-hadoop library for your platform... using builtin-java classes where applicable
[2026-05-23T13:19:10.707+0000] {subprocess.py:106} INFO - Using Spark's default log4j profile: org/apache/spark/log4j2-defaults.properties
[2026-05-23T13:19:10.707+0000] {subprocess.py:106} INFO - Setting default log level to "WARN".
[2026-05-23T13:19:10.708+0000] {subprocess.py:106} INFO - To adjust logging level use sc.setLogLevel(newLevel). For SparkR, use setLogLevel(newLevel).
[2026-05-23T13:19:11.607+0000] {subprocess.py:106} INFO - 26/05/23 13:19:11 WARN Utils: Service 'SparkUI' could not bind on port 4040. Attempting port 4041.
[2026-05-23T13:19:14.856+0000] {subprocess.py:106} INFO - 26/05/23 13:19:14 WARN ResolveWriteToStream: spark.sql.adaptive.enabled is not supported in streaming DataFrames/Datasets and will be disabled.
[2026-05-23T13:19:17.281+0000] {subprocess.py:106} INFO - [Stage 0:>                                                          (0 + 3) / 3]                                                                                Connecting to Kafka Cluster over SSL...
[2026-05-23T13:19:17.282+0000] {subprocess.py:106} INFO - Batch processing complete. Exiting cleanly.
[2026-05-23T13:19:17.801+0000] {subprocess.py:110} INFO - Command exited with return code 0
[2026-05-23T13:19:17.830+0000] {taskinstance.py:349} INFO - ::group::Post task execution logs
[2026-05-23T13:19:17.831+0000] {taskinstance.py:361} INFO - Marking task as SUCCESS. dag_id=fraud_medallion_pipeline, task_id=run_bronze_layer, run_id=scheduled__2026-05-23T13:00:00+00:00, execution_date=20260523T130000, start_date=20260523T131905, end_date=20260523T131917
[2026-05-23T13:19:17.846+0000] {local_task_job_runner.py:266} INFO - Task exited with return code 0
[2026-05-23T13:19:17.858+0000] {taskinstance.py:3925} INFO - 1 downstream tasks scheduled from follow-on schedule check
[2026-05-23T13:19:17.859+0000] {local_task_job_runner.py:245} INFO - ::endgroup::
