[2026-05-23T12:24:35.575+0000] {local_task_job_runner.py:123} INFO - ::group::Pre task execution logs
[2026-05-23T12:24:35.584+0000] {taskinstance.py:2632} INFO - Dependencies all met for dep_context=non-requeueable deps ti=<TaskInstance: fraud_medallion_pipeline.run_silver_layer scheduled__2026-05-23T12:15:00+00:00 [queued]>
[2026-05-23T12:24:35.587+0000] {taskinstance.py:2632} INFO - Dependencies all met for dep_context=requeueable deps ti=<TaskInstance: fraud_medallion_pipeline.run_silver_layer scheduled__2026-05-23T12:15:00+00:00 [queued]>
[2026-05-23T12:24:35.587+0000] {taskinstance.py:2885} INFO - Starting attempt 1 of 2
[2026-05-23T12:24:35.591+0000] {taskinstance.py:2908} INFO - Executing <Task(BashOperator): run_silver_layer> on 2026-05-23 12:15:00+00:00
[2026-05-23T12:24:35.595+0000] {logging_mixin.py:190} WARNING - /home/airflow/.local/lib/python3.12/site-packages/airflow/task/task_runner/standard_task_runner.py:70 DeprecationWarning: This process (pid=9028) is multi-threaded, use of fork() may lead to deadlocks in the child.
[2026-05-23T12:24:35.594+0000] {standard_task_runner.py:104} INFO - Running: ['airflow', 'tasks', 'run', 'fraud_medallion_pipeline', 'run_silver_layer', 'scheduled__2026-05-23T12:15:00+00:00', '--job-id', '26', '--raw', '--subdir', 'DAGS_FOLDER/spark_interval_ingestion.py', '--cfg-path', '/tmp/tmpznrck8hp']
[2026-05-23T12:24:35.595+0000] {standard_task_runner.py:105} INFO - Job 26: Subtask run_silver_layer
[2026-05-23T12:24:35.595+0000] {standard_task_runner.py:72} INFO - Started process 9029 to run task
[2026-05-23T12:24:35.614+0000] {task_command.py:467} INFO - Running <TaskInstance: fraud_medallion_pipeline.run_silver_layer scheduled__2026-05-23T12:15:00+00:00 [running]> on host 03f8e21ba966
[2026-05-23T12:24:35.639+0000] {taskinstance.py:3158} INFO - Exporting env vars: AIRFLOW_CTX_DAG_EMAIL='bjk18261910@gmail.com' AIRFLOW_CTX_DAG_OWNER='agungpribadi' AIRFLOW_CTX_DAG_ID='fraud_medallion_pipeline' AIRFLOW_CTX_TASK_ID='run_silver_layer' AIRFLOW_CTX_EXECUTION_DATE='2026-05-23T12:15:00+00:00' AIRFLOW_CTX_TRY_NUMBER='1' AIRFLOW_CTX_DAG_RUN_ID='scheduled__2026-05-23T12:15:00+00:00'
[2026-05-23T12:24:35.639+0000] {taskinstance.py:740} INFO - ::endgroup::
[2026-05-23T12:24:35.644+0000] {subprocess.py:78} INFO - Tmp dir root location: /tmp
[2026-05-23T12:24:35.644+0000] {subprocess.py:88} INFO - Running command: ['/usr/bin/bash', '-c', 'cd /app && python silver_processing.py']
[2026-05-23T12:24:35.647+0000] {subprocess.py:99} INFO - Output:
[2026-05-23T12:24:35.962+0000] {subprocess.py:106} INFO - WARNING: Using incubator modules: jdk.incubator.vector
[2026-05-23T12:24:36.353+0000] {subprocess.py:106} INFO - Using Spark's default log4j profile: org/apache/spark/log4j2-defaults.properties
[2026-05-23T12:24:36.353+0000] {subprocess.py:106} INFO - Setting default log level to "WARN".
[2026-05-23T12:24:36.353+0000] {subprocess.py:106} INFO - To adjust logging level use sc.setLogLevel(newLevel). For SparkR, use setLogLevel(newLevel).
[2026-05-23T12:24:36.550+0000] {subprocess.py:106} INFO - 26/05/23 12:24:36 WARN NativeCodeLoader: Unable to load native-hadoop library for your platform... using builtin-java classes where applicable
[2026-05-23T12:24:38.214+0000] {subprocess.py:106} INFO - 26/05/23 12:24:38 WARN ResolveWriteToStream: spark.sql.adaptive.enabled is not supported in streaming DataFrames/Datasets and will be disabled.
[2026-05-23T12:24:38.311+0000] {subprocess.py:106} INFO - 26/05/23 12:24:38 WARN HadoopFSUtils: The directory file:/Users/agungpribadi/Documents/fraud_pipeline/datalake/bronze/transactions/part-00000-697b9dcf-f4a9-4600-9616-f2604fa49856-c000.snappy.parquet was not found. Was it deleted very recently?
[2026-05-23T12:24:38.311+0000] {subprocess.py:106} INFO - 26/05/23 12:24:38 WARN HadoopFSUtils: The directory file:/Users/agungpribadi/Documents/fraud_pipeline/datalake/bronze/transactions/part-00001-1ad99013-fbec-4292-9994-754bc51d9622-c000.snappy.parquet was not found. Was it deleted very recently?
[2026-05-23T12:24:38.311+0000] {subprocess.py:106} INFO - 26/05/23 12:24:38 WARN HadoopFSUtils: The directory file:/Users/agungpribadi/Documents/fraud_pipeline/datalake/bronze/transactions/part-00002-a0991dd7-f624-4954-8f8f-a05b12cb0c9e-c000.snappy.parquet was not found. Was it deleted very recently?
[2026-05-23T12:24:38.313+0000] {subprocess.py:106} INFO - 26/05/23 12:24:38 ERROR MicroBatchExecution: Query [id = 9200a9f9-6d4b-4970-9aef-5b7f132c0c36, runId = 9d5d25e6-e024-4b28-a572-cc43380988b7] terminated with error
[2026-05-23T12:24:38.313+0000] {subprocess.py:106} INFO - java.lang.IllegalArgumentException: Wrong basePath datalake/bronze/transactions for the root path: file:/Users/agungpribadi/Documents/fraud_pipeline/datalake/bronze/transactions/part-00000-697b9dcf-f4a9-4600-9616-f2604fa49856-c000.snappy.parquet
[2026-05-23T12:24:38.313+0000] {subprocess.py:106} INFO - 	at org.apache.spark.sql.execution.datasources.PartitioningAwareFileIndex.$anonfun$basePaths$3(PartitioningAwareFileIndex.scala:252)
[2026-05-23T12:24:38.314+0000] {subprocess.py:106} INFO - 	at scala.Option.foreach(Option.scala:437)
[2026-05-23T12:24:38.314+0000] {subprocess.py:106} INFO - 	at org.apache.spark.sql.execution.datasources.PartitioningAwareFileIndex.basePaths(PartitioningAwareFileIndex.scala:250)
[2026-05-23T12:24:38.314+0000] {subprocess.py:106} INFO - 	at org.apache.spark.sql.execution.datasources.PartitioningAwareFileIndex.inferPartitioning(PartitioningAwareFileIndex.scala:168)
[2026-05-23T12:24:38.314+0000] {subprocess.py:106} INFO - 	at org.apache.spark.sql.execution.datasources.InMemoryFileIndex.partitionSpec(InMemoryFileIndex.scala:77)
[2026-05-23T12:24:38.314+0000] {subprocess.py:106} INFO - 	at org.apache.spark.sql.execution.datasources.PartitioningAwareFileIndex.partitionSchema(PartitioningAwareFileIndex.scala:54)
[2026-05-23T12:24:38.314+0000] {subprocess.py:106} INFO - 	at org.apache.spark.sql.execution.datasources.DataSource.getOrInferFileFormatSchema(DataSource.scala:181)
[2026-05-23T12:24:38.314+0000] {subprocess.py:106} INFO - 	at org.apache.spark.sql.execution.datasources.DataSource.resolveRelation(DataSource.scala:425)
[2026-05-23T12:24:38.314+0000] {subprocess.py:106} INFO - 	at org.apache.spark.sql.execution.streaming.runtime.FileStreamSource.getBatch(FileStreamSource.scala:319)
[2026-05-23T12:24:38.314+0000] {subprocess.py:106} INFO - 	at org.apache.spark.sql.execution.streaming.runtime.FileStreamSource.getBatch(FileStreamSource.scala:48)
[2026-05-23T12:24:38.314+0000] {subprocess.py:106} INFO - 	at org.apache.spark.sql.execution.streaming.runtime.MicroBatchExecution.$anonfun$populateStartOffsets$4(MicroBatchExecution.scala:638)
[2026-05-23T12:24:38.314+0000] {subprocess.py:106} INFO - 	at scala.collection.IterableOnceOps.foreach(IterableOnce.scala:630)
[2026-05-23T12:24:38.314+0000] {subprocess.py:106} INFO - 	at scala.collection.IterableOnceOps.foreach$(IterableOnce.scala:628)
[2026-05-23T12:24:38.314+0000] {subprocess.py:106} INFO - 	at org.apache.spark.sql.execution.streaming.runtime.StreamProgress.foreach(StreamProgress.scala:28)
[2026-05-23T12:24:38.314+0000] {subprocess.py:106} INFO - 	at org.apache.spark.sql.execution.streaming.runtime.MicroBatchExecution.populateStartOffsets(MicroBatchExecution.scala:635)
[2026-05-23T12:24:38.314+0000] {subprocess.py:106} INFO - 	at org.apache.spark.sql.execution.streaming.runtime.MicroBatchExecution.initializeExecution(MicroBatchExecution.scala:411)
[2026-05-23T12:24:38.314+0000] {subprocess.py:106} INFO - 	at org.apache.spark.sql.execution.streaming.runtime.MicroBatchExecution.runActivatedStream(MicroBatchExecution.scala:455)
[2026-05-23T12:24:38.314+0000] {subprocess.py:106} INFO - 	at org.apache.spark.sql.execution.streaming.runtime.StreamExecution.$anonfun$runStream$1(StreamExecution.scala:347)
[2026-05-23T12:24:38.314+0000] {subprocess.py:106} INFO - 	at scala.runtime.java8.JFunction0$mcV$sp.apply(JFunction0$mcV$sp.scala:18)
[2026-05-23T12:24:38.314+0000] {subprocess.py:106} INFO - 	at org.apache.spark.sql.SparkSession.withActive(SparkSession.scala:804)
[2026-05-23T12:24:38.314+0000] {subprocess.py:106} INFO - 	at org.apache.spark.sql.execution.streaming.runtime.StreamExecution.org$apache$spark$sql$execution$streaming$runtime$StreamExecution$$runStream(StreamExecution.scala:307)
[2026-05-23T12:24:38.314+0000] {subprocess.py:106} INFO - 	at org.apache.spark.sql.execution.streaming.runtime.StreamExecution$$anon$1.run(StreamExecution.scala:230)
[2026-05-23T12:24:38.325+0000] {subprocess.py:106} INFO - Starting Silver processing: Enforcing Data Contracts...
[2026-05-23T12:24:38.326+0000] {subprocess.py:106} INFO - Reading new data from Bronze layer...
[2026-05-23T12:24:38.326+0000] {subprocess.py:106} INFO - Writing clean, flattened data to Silver layer...
[2026-05-23T12:24:38.326+0000] {subprocess.py:106} INFO - Traceback (most recent call last):
[2026-05-23T12:24:38.326+0000] {subprocess.py:106} INFO -   File "/app/silver_processing.py", line 50, in <module>
[2026-05-23T12:24:38.326+0000] {subprocess.py:106} INFO -     query.awaitTermination()
[2026-05-23T12:24:38.326+0000] {subprocess.py:106} INFO -   File "/home/airflow/.local/lib/python3.12/site-packages/pyspark/sql/streaming/query.py", line 225, in awaitTermination
[2026-05-23T12:24:38.326+0000] {subprocess.py:106} INFO -     return self._jsq.awaitTermination()
[2026-05-23T12:24:38.326+0000] {subprocess.py:106} INFO -            ^^^^^^^^^^^^^^^^^^^^^^^^^^^^
[2026-05-23T12:24:38.326+0000] {subprocess.py:106} INFO -   File "/home/airflow/.local/lib/python3.12/site-packages/py4j/java_gateway.py", line 1362, in __call__
[2026-05-23T12:24:38.327+0000] {subprocess.py:106} INFO -     return_value = get_return_value(
[2026-05-23T12:24:38.327+0000] {subprocess.py:106} INFO -                    ^^^^^^^^^^^^^^^^^
[2026-05-23T12:24:38.327+0000] {subprocess.py:106} INFO -   File "/home/airflow/.local/lib/python3.12/site-packages/pyspark/errors/exceptions/captured.py", line 269, in deco
[2026-05-23T12:24:38.327+0000] {subprocess.py:106} INFO -     raise converted from None
[2026-05-23T12:24:38.327+0000] {subprocess.py:106} INFO - pyspark.errors.exceptions.captured.StreamingQueryException: [STREAM_FAILED] Query [id = 9200a9f9-6d4b-4970-9aef-5b7f132c0c36, runId = 9d5d25e6-e024-4b28-a572-cc43380988b7] terminated with exception: Wrong basePath datalake/bronze/transactions for the root path: file:/Users/agungpribadi/Documents/fraud_pipeline/datalake/bronze/transactions/part-00000-697b9dcf-f4a9-4600-9616-f2604fa49856-c000.snappy.parquet SQLSTATE: XXKST
[2026-05-23T12:24:38.327+0000] {subprocess.py:106} INFO - === Streaming Query ===
[2026-05-23T12:24:38.327+0000] {subprocess.py:106} INFO - Identifier: [id = 9200a9f9-6d4b-4970-9aef-5b7f132c0c36, runId = 9d5d25e6-e024-4b28-a572-cc43380988b7]
[2026-05-23T12:24:38.327+0000] {subprocess.py:106} INFO - Current Committed Offsets: {}
[2026-05-23T12:24:38.327+0000] {subprocess.py:106} INFO - Current Available Offsets: {FileStreamSource[file:/app/datalake/bronze/transactions]: {"logOffset":0}}
[2026-05-23T12:24:38.327+0000] {subprocess.py:106} INFO - 
[2026-05-23T12:24:38.328+0000] {subprocess.py:106} INFO - Current State: ACTIVE
[2026-05-23T12:24:38.328+0000] {subprocess.py:106} INFO - Thread State: RUNNABLE
[2026-05-23T12:24:38.328+0000] {subprocess.py:106} INFO - 
[2026-05-23T12:24:38.328+0000] {subprocess.py:106} INFO - Logical Plan:
[2026-05-23T12:24:38.328+0000] {subprocess.py:106} INFO - ~WriteToMicroBatchDataSourceV1 FileSink[file:/app/datalake/silver/transactions], 9200a9f9-6d4b-4970-9aef-5b7f132c0c36, [path=./datalake/silver/transactions, checkpointLocation=./datalake/silver/checkpoints/transactions_ckpt], Append
[2026-05-23T12:24:38.328+0000] {subprocess.py:106} INFO - +- ~Filter (amount#9 > cast(0 as double))
[2026-05-23T12:24:38.328+0000] {subprocess.py:106} INFO -    +- ~Filter isnotnull(transaction_id#7)
[2026-05-23T12:24:38.328+0000] {subprocess.py:106} INFO -       +- ~Project [structured_data#6.transaction_id AS transaction_id#7, structured_data#6.user_id AS user_id#8, structured_data#6.amount AS amount#9, structured_data#6.ip_address AS ip_address#10, structured_data#6.timestamp AS timestamp#11, kafka_timestamp#3]
[2026-05-23T12:24:38.328+0000] {subprocess.py:106} INFO -          +- ~Project [variant_data#2, kafka_timestamp#3, raw_string#5, from_json(StructField(transaction_id,StringType,true), StructField(user_id,StringType,true), StructField(amount,DoubleType,true), StructField(ip_address,StringType,true), StructField(timestamp,StringType,true), raw_string#5, Some(Etc/UTC), false) AS structured_data#6]
[2026-05-23T12:24:38.328+0000] {subprocess.py:106} INFO -             +- ~Project [variant_data#2, kafka_timestamp#3, cast(variant_data#2 as string) AS raw_string#5]
[2026-05-23T12:24:38.328+0000] {subprocess.py:106} INFO -                +- ~StreamingExecutionRelation FileStreamSource[file:/app/datalake/bronze/transactions], [variant_data#2, kafka_timestamp#3]
[2026-05-23T12:24:38.328+0000] {subprocess.py:106} INFO - 
[2026-05-23T12:24:38.761+0000] {subprocess.py:110} INFO - Command exited with return code 1
[2026-05-23T12:24:38.774+0000] {taskinstance.py:3337} ERROR - Task failed with exception
Traceback (most recent call last):
  File "/home/airflow/.local/lib/python3.12/site-packages/airflow/models/taskinstance.py", line 776, in _execute_task
    result = _execute_callable(context=context, **execute_callable_kwargs)
             ^^^^^^^^^^^^^^^^^^^^^^^^^^^^^^^^^^^^^^^^^^^^^^^^^^^^^^^^^^^^^
  File "/home/airflow/.local/lib/python3.12/site-packages/airflow/models/taskinstance.py", line 742, in _execute_callable
    return ExecutionCallableRunner(
           ^^^^^^^^^^^^^^^^^^^^^^^^
  File "/home/airflow/.local/lib/python3.12/site-packages/airflow/utils/operator_helpers.py", line 252, in run
    return self.func(*args, **kwargs)
           ^^^^^^^^^^^^^^^^^^^^^^^^^^
  File "/home/airflow/.local/lib/python3.12/site-packages/airflow/models/baseoperator.py", line 425, in wrapper
    return func(self, *args, **kwargs)
           ^^^^^^^^^^^^^^^^^^^^^^^^^^^
  File "/home/airflow/.local/lib/python3.12/site-packages/airflow/operators/bash.py", line 276, in execute
    raise AirflowException(
airflow.exceptions.AirflowException: Bash command failed. The command returned a non-zero exit code 1.
[2026-05-23T12:24:38.782+0000] {taskinstance.py:1242} INFO - Marking task as UP_FOR_RETRY. dag_id=fraud_medallion_pipeline, task_id=run_silver_layer, run_id=scheduled__2026-05-23T12:15:00+00:00, execution_date=20260523T121500, start_date=20260523T122435, end_date=20260523T122438
[2026-05-23T12:24:38.802+0000] {taskinstance.py:349} INFO - ::group::Post task execution logs
[2026-05-23T12:24:38.802+0000] {standard_task_runner.py:124} ERROR - Failed to execute job 26 for task run_silver_layer (Bash command failed. The command returned a non-zero exit code 1.; 9029)
Traceback (most recent call last):
  File "/home/airflow/.local/lib/python3.12/site-packages/airflow/task/task_runner/standard_task_runner.py", line 117, in _start_by_fork
    ret = args.func(args, dag=self.dag)
          ^^^^^^^^^^^^^^^^^^^^^^^^^^^^^
  File "/home/airflow/.local/lib/python3.12/site-packages/airflow/cli/cli_config.py", line 49, in command
    return func(*args, **kwargs)
           ^^^^^^^^^^^^^^^^^^^^^
  File "/home/airflow/.local/lib/python3.12/site-packages/airflow/utils/cli.py", line 116, in wrapper
    return f(*args, **kwargs)
           ^^^^^^^^^^^^^^^^^^
  File "/home/airflow/.local/lib/python3.12/site-packages/airflow/cli/commands/task_command.py", line 483, in task_run
    task_return_code = _run_task_by_selected_method(args, _dag, ti)
                       ^^^^^^^^^^^^^^^^^^^^^^^^^^^^^^^^^^^^^^^^^^^^
  File "/home/airflow/.local/lib/python3.12/site-packages/airflow/cli/commands/task_command.py", line 256, in _run_task_by_selected_method
    return _run_raw_task(args, ti)
           ^^^^^^^^^^^^^^^^^^^^^^^
  File "/home/airflow/.local/lib/python3.12/site-packages/airflow/cli/commands/task_command.py", line 341, in _run_raw_task
    return ti._run_raw_task(
           ^^^^^^^^^^^^^^^^^
  File "/home/airflow/.local/lib/python3.12/site-packages/airflow/utils/session.py", line 97, in wrapper
    return func(*args, session=session, **kwargs)
           ^^^^^^^^^^^^^^^^^^^^^^^^^^^^^^^^^^^^^^
  File "/home/airflow/.local/lib/python3.12/site-packages/airflow/models/taskinstance.py", line 3030, in _run_raw_task
    return _run_raw_task(
           ^^^^^^^^^^^^^^
  File "/home/airflow/.local/lib/python3.12/site-packages/airflow/models/taskinstance.py", line 282, in _run_raw_task
    TaskInstance._execute_task_with_callbacks(
  File "/home/airflow/.local/lib/python3.12/site-packages/airflow/models/taskinstance.py", line 3185, in _execute_task_with_callbacks
    result = self._execute_task(context, task_orig)
             ^^^^^^^^^^^^^^^^^^^^^^^^^^^^^^^^^^^^^^
  File "/home/airflow/.local/lib/python3.12/site-packages/airflow/models/taskinstance.py", line 3209, in _execute_task
    return _execute_task(self, context, task_orig)
           ^^^^^^^^^^^^^^^^^^^^^^^^^^^^^^^^^^^^^^^
  File "/home/airflow/.local/lib/python3.12/site-packages/airflow/models/taskinstance.py", line 776, in _execute_task
    result = _execute_callable(context=context, **execute_callable_kwargs)
             ^^^^^^^^^^^^^^^^^^^^^^^^^^^^^^^^^^^^^^^^^^^^^^^^^^^^^^^^^^^^^
  File "/home/airflow/.local/lib/python3.12/site-packages/airflow/models/taskinstance.py", line 742, in _execute_callable
    return ExecutionCallableRunner(
           ^^^^^^^^^^^^^^^^^^^^^^^^
  File "/home/airflow/.local/lib/python3.12/site-packages/airflow/utils/operator_helpers.py", line 252, in run
    return self.func(*args, **kwargs)
           ^^^^^^^^^^^^^^^^^^^^^^^^^^
  File "/home/airflow/.local/lib/python3.12/site-packages/airflow/models/baseoperator.py", line 425, in wrapper
    return func(self, *args, **kwargs)
           ^^^^^^^^^^^^^^^^^^^^^^^^^^^
  File "/home/airflow/.local/lib/python3.12/site-packages/airflow/operators/bash.py", line 276, in execute
    raise AirflowException(
airflow.exceptions.AirflowException: Bash command failed. The command returned a non-zero exit code 1.
[2026-05-23T12:24:38.806+0000] {local_task_job_runner.py:266} INFO - Task exited with return code 1
[2026-05-23T12:24:38.814+0000] {taskinstance.py:3925} INFO - 0 downstream tasks scheduled from follow-on schedule check
[2026-05-23T12:24:38.815+0000] {local_task_job_runner.py:245} INFO - ::endgroup::
