[2026-05-23T09:40:30.738+0000] {local_task_job_runner.py:123} INFO - ::group::Pre task execution logs
[2026-05-23T09:40:30.749+0000] {taskinstance.py:2632} INFO - Dependencies all met for dep_context=non-requeueable deps ti=<TaskInstance: fraud_pipeline_bronze_hourly.run_spark_pyspark_job manual__2026-05-23T09:40:30.380846+00:00 [queued]>
[2026-05-23T09:40:30.753+0000] {taskinstance.py:2632} INFO - Dependencies all met for dep_context=requeueable deps ti=<TaskInstance: fraud_pipeline_bronze_hourly.run_spark_pyspark_job manual__2026-05-23T09:40:30.380846+00:00 [queued]>
[2026-05-23T09:40:30.753+0000] {taskinstance.py:2885} INFO - Starting attempt 1 of 2
[2026-05-23T09:40:30.758+0000] {taskinstance.py:2908} INFO - Executing <Task(BashOperator): run_spark_pyspark_job> on 2026-05-23 09:40:30.380846+00:00
[2026-05-23T09:40:30.761+0000] {logging_mixin.py:190} WARNING - /home/airflow/.local/lib/python3.12/site-packages/airflow/task/task_runner/standard_task_runner.py:70 DeprecationWarning: This process (pid=175) is multi-threaded, use of fork() may lead to deadlocks in the child.
[2026-05-23T09:40:30.761+0000] {standard_task_runner.py:72} INFO - Started process 177 to run task
[2026-05-23T09:40:30.761+0000] {standard_task_runner.py:104} INFO - Running: ['airflow', 'tasks', 'run', 'fraud_pipeline_bronze_hourly', 'run_spark_pyspark_job', 'manual__2026-05-23T09:40:30.380846+00:00', '--job-id', '3', '--raw', '--subdir', 'DAGS_FOLDER/spark_interval_ingestion.py', '--cfg-path', '/tmp/tmphwbk8nav']
[2026-05-23T09:40:30.764+0000] {standard_task_runner.py:105} INFO - Job 3: Subtask run_spark_pyspark_job
[2026-05-23T09:40:30.789+0000] {task_command.py:467} INFO - Running <TaskInstance: fraud_pipeline_bronze_hourly.run_spark_pyspark_job manual__2026-05-23T09:40:30.380846+00:00 [running]> on host 72e09788f9a7
[2026-05-23T09:40:30.887+0000] {taskinstance.py:3158} INFO - Exporting env vars: AIRFLOW_CTX_DAG_EMAIL='bjk18261910@gmail.com' AIRFLOW_CTX_DAG_OWNER='agungpribadi' AIRFLOW_CTX_DAG_ID='fraud_pipeline_bronze_hourly' AIRFLOW_CTX_TASK_ID='run_spark_pyspark_job' AIRFLOW_CTX_EXECUTION_DATE='2026-05-23T09:40:30.380846+00:00' AIRFLOW_CTX_TRY_NUMBER='1' AIRFLOW_CTX_DAG_RUN_ID='manual__2026-05-23T09:40:30.380846+00:00'
[2026-05-23T09:40:30.887+0000] {taskinstance.py:740} INFO - ::endgroup::
[2026-05-23T09:40:30.917+0000] {subprocess.py:78} INFO - Tmp dir root location: /tmp
[2026-05-23T09:40:30.918+0000] {subprocess.py:88} INFO - Running command: ['/usr/bin/bash', '-c', 'cd /app && python bronze_ingestion.py']
[2026-05-23T09:40:30.922+0000] {subprocess.py:99} INFO - Output:
[2026-05-23T09:40:31.544+0000] {subprocess.py:106} INFO - WARNING: Using incubator modules: jdk.incubator.vector
[2026-05-23T09:40:32.188+0000] {subprocess.py:106} INFO - :: loading settings :: url = jar:file:/home/airflow/.local/lib/python3.12/site-packages/pyspark/jars/ivy-2.5.3.jar!/org/apache/ivy/core/settings/ivysettings.xml
[2026-05-23T09:40:32.220+0000] {subprocess.py:106} INFO - Ivy Default Cache set to: /home/airflow/.ivy2.5.2/cache
[2026-05-23T09:40:32.220+0000] {subprocess.py:106} INFO - The jars for the packages stored in: /home/airflow/.ivy2.5.2/jars
[2026-05-23T09:40:32.221+0000] {subprocess.py:106} INFO - org.apache.spark#spark-sql-kafka-0-10_2.13 added as a dependency
[2026-05-23T09:40:32.221+0000] {subprocess.py:106} INFO - :: resolving dependencies :: org.apache.spark#spark-submit-parent-0dce8ae8-42b7-4d82-968e-28d3cd2c2513;1.0
[2026-05-23T09:40:32.221+0000] {subprocess.py:106} INFO - 	confs: [default]
[2026-05-23T09:40:39.988+0000] {subprocess.py:106} INFO - :: resolution report :: resolve 7767ms :: artifacts dl 0ms
[2026-05-23T09:40:39.988+0000] {subprocess.py:106} INFO - 	:: modules in use:
[2026-05-23T09:40:39.988+0000] {subprocess.py:106} INFO - 	---------------------------------------------------------------------
[2026-05-23T09:40:39.988+0000] {subprocess.py:106} INFO - 	|                  |            modules            ||   artifacts   |
[2026-05-23T09:40:39.988+0000] {subprocess.py:106} INFO - 	|       conf       | number| search|dwnlded|evicted|| number|dwnlded|
[2026-05-23T09:40:39.989+0000] {subprocess.py:106} INFO - 	---------------------------------------------------------------------
[2026-05-23T09:40:39.989+0000] {subprocess.py:106} INFO - 	|      default     |   1   |   0   |   0   |   0   ||   0   |   0   |
[2026-05-23T09:40:39.989+0000] {subprocess.py:106} INFO - 	---------------------------------------------------------------------
[2026-05-23T09:40:39.989+0000] {subprocess.py:106} INFO - 
[2026-05-23T09:40:39.989+0000] {subprocess.py:106} INFO - :: problems summary ::
[2026-05-23T09:40:39.989+0000] {subprocess.py:106} INFO - :::: WARNINGS
[2026-05-23T09:40:39.989+0000] {subprocess.py:106} INFO - 	problem while downloading module descriptor: https://repo1.maven.org/maven2/com/fasterxml/jackson/jackson-bom/2.20.0/jackson-bom-2.20.0.pom: impossible to move part file to definitive one: /home/airflow/.ivy2.5.2/cache/com.fasterxml.jackson/jackson-bom/ivy-2.20.0.xml.original.part -> /home/airflow/.ivy2.5.2/cache/com.fasterxml.jackson/jackson-bom/ivy-2.20.0.xml.original (47ms)
[2026-05-23T09:40:39.989+0000] {subprocess.py:106} INFO - 
[2026-05-23T09:40:39.989+0000] {subprocess.py:106} INFO - 	io problem while parsing ivy file: https://repo1.maven.org/maven2/org/apache/spark/spark-parent_2.13/4.1.1/spark-parent_2.13-4.1.1.pom (java.io.IOException: Impossible to import module for file:/home/airflow/.ivy2.5.2/cache/org.apache.spark/spark-parent_2.13/ivy-4.1.1.xml.original. Import=com.fasterxml.jackson#jackson-bom;2.20.0)
[2026-05-23T09:40:39.989+0000] {subprocess.py:106} INFO - 
[2026-05-23T09:40:39.990+0000] {subprocess.py:106} INFO - 	io problem while parsing ivy file: https://repo1.maven.org/maven2/org/apache/spark/spark-sql-kafka-0-10_2.13/4.1.1/spark-sql-kafka-0-10_2.13-4.1.1.pom (java.io.IOException: Impossible to load parent for file:/home/airflow/.ivy2.5.2/cache/org.apache.spark/spark-sql-kafka-0-10_2.13/ivy-4.1.1.xml.original. Parent=org.apache.spark#spark-parent_2.13;4.1.1)
[2026-05-23T09:40:39.990+0000] {subprocess.py:106} INFO - 
[2026-05-23T09:40:39.990+0000] {subprocess.py:106} INFO - 		module not found: org.apache.spark#spark-sql-kafka-0-10_2.13;4.1.1
[2026-05-23T09:40:39.990+0000] {subprocess.py:106} INFO - 
[2026-05-23T09:40:39.990+0000] {subprocess.py:106} INFO - 	==== local-m2-cache: tried
[2026-05-23T09:40:39.990+0000] {subprocess.py:106} INFO - 
[2026-05-23T09:40:39.990+0000] {subprocess.py:106} INFO - 	  file:/home/airflow/.m2/repository/com/fasterxml/jackson/jackson-bom/2.20.0/jackson-bom-2.20.0.pom
[2026-05-23T09:40:39.990+0000] {subprocess.py:106} INFO - 
[2026-05-23T09:40:39.990+0000] {subprocess.py:106} INFO - 	  -- artifact com.fasterxml.jackson#jackson-bom;2.20.0!jackson-bom.jar:
[2026-05-23T09:40:39.991+0000] {subprocess.py:106} INFO - 
[2026-05-23T09:40:39.991+0000] {subprocess.py:106} INFO - 	  file:/home/airflow/.m2/repository/com/fasterxml/jackson/jackson-bom/2.20.0/jackson-bom-2.20.0.jar
[2026-05-23T09:40:39.991+0000] {subprocess.py:106} INFO - 
[2026-05-23T09:40:39.991+0000] {subprocess.py:106} INFO - 	==== local-ivy-cache: tried
[2026-05-23T09:40:39.991+0000] {subprocess.py:106} INFO - 
[2026-05-23T09:40:39.991+0000] {subprocess.py:106} INFO - 	  /home/airflow/.ivy2.5.2/local/com.fasterxml.jackson/jackson-bom/2.20.0/ivys/ivy.xml
[2026-05-23T09:40:39.991+0000] {subprocess.py:106} INFO - 
[2026-05-23T09:40:39.991+0000] {subprocess.py:106} INFO - 	  -- artifact com.fasterxml.jackson#jackson-bom;2.20.0!jackson-bom.jar:
[2026-05-23T09:40:39.991+0000] {subprocess.py:106} INFO - 
[2026-05-23T09:40:39.991+0000] {subprocess.py:106} INFO - 	  /home/airflow/.ivy2.5.2/local/com.fasterxml.jackson/jackson-bom/2.20.0/jars/jackson-bom.jar
[2026-05-23T09:40:39.991+0000] {subprocess.py:106} INFO - 
[2026-05-23T09:40:39.991+0000] {subprocess.py:106} INFO - 	==== central: tried
[2026-05-23T09:40:39.991+0000] {subprocess.py:106} INFO - 
[2026-05-23T09:40:39.992+0000] {subprocess.py:106} INFO - 	  https://repo1.maven.org/maven2/com/fasterxml/jackson/jackson-bom/2.20.0/jackson-bom-2.20.0.pom
[2026-05-23T09:40:39.992+0000] {subprocess.py:106} INFO - 
[2026-05-23T09:40:39.992+0000] {subprocess.py:106} INFO - 	==== spark-packages: tried
[2026-05-23T09:40:39.992+0000] {subprocess.py:106} INFO - 
[2026-05-23T09:40:39.992+0000] {subprocess.py:106} INFO - 	  https://repos.spark-packages.org/org/apache/spark/spark-sql-kafka-0-10_2.13/4.1.1/spark-sql-kafka-0-10_2.13-4.1.1.pom
[2026-05-23T09:40:39.992+0000] {subprocess.py:106} INFO - 
[2026-05-23T09:40:39.992+0000] {subprocess.py:106} INFO - 	  -- artifact org.apache.spark#spark-sql-kafka-0-10_2.13;4.1.1!spark-sql-kafka-0-10_2.13.jar:
[2026-05-23T09:40:39.992+0000] {subprocess.py:106} INFO - 
[2026-05-23T09:40:39.992+0000] {subprocess.py:106} INFO - 	  https://repos.spark-packages.org/org/apache/spark/spark-sql-kafka-0-10_2.13/4.1.1/spark-sql-kafka-0-10_2.13-4.1.1.jar
[2026-05-23T09:40:39.992+0000] {subprocess.py:106} INFO - 
[2026-05-23T09:40:39.992+0000] {subprocess.py:106} INFO - 		::::::::::::::::::::::::::::::::::::::::::::::
[2026-05-23T09:40:39.992+0000] {subprocess.py:106} INFO - 
[2026-05-23T09:40:39.992+0000] {subprocess.py:106} INFO - 		::          UNRESOLVED DEPENDENCIES         ::
[2026-05-23T09:40:39.992+0000] {subprocess.py:106} INFO - 
[2026-05-23T09:40:39.993+0000] {subprocess.py:106} INFO - 		::::::::::::::::::::::::::::::::::::::::::::::
[2026-05-23T09:40:39.993+0000] {subprocess.py:106} INFO - 
[2026-05-23T09:40:39.993+0000] {subprocess.py:106} INFO - 		:: org.apache.spark#spark-sql-kafka-0-10_2.13;4.1.1: not found
[2026-05-23T09:40:39.993+0000] {subprocess.py:106} INFO - 
[2026-05-23T09:40:39.993+0000] {subprocess.py:106} INFO - 		::::::::::::::::::::::::::::::::::::::::::::::
[2026-05-23T09:40:39.993+0000] {subprocess.py:106} INFO - 
[2026-05-23T09:40:39.993+0000] {subprocess.py:106} INFO - 
[2026-05-23T09:40:39.993+0000] {subprocess.py:106} INFO - 
[2026-05-23T09:40:39.993+0000] {subprocess.py:106} INFO - :: USE VERBOSE OR DEBUG MESSAGE LEVEL FOR MORE DETAILS
[2026-05-23T09:40:39.993+0000] {subprocess.py:106} INFO - Exception in thread "main" java.lang.RuntimeException: [unresolved dependency: org.apache.spark#spark-sql-kafka-0-10_2.13;4.1.1: not found]
[2026-05-23T09:40:39.993+0000] {subprocess.py:106} INFO - 	at org.apache.spark.util.MavenUtils$.resolveMavenCoordinates(MavenUtils.scala:539)
[2026-05-23T09:40:39.993+0000] {subprocess.py:106} INFO - 	at org.apache.spark.util.DependencyUtils$.resolveMavenDependencies(DependencyUtils.scala:122)
[2026-05-23T09:40:39.993+0000] {subprocess.py:106} INFO - 	at org.apache.spark.deploy.SparkSubmit.prepareSubmitEnvironment(SparkSubmit.scala:340)
[2026-05-23T09:40:39.994+0000] {subprocess.py:106} INFO - 	at org.apache.spark.deploy.SparkSubmit.org$apache$spark$deploy$SparkSubmit$$runMain(SparkSubmit.scala:962)
[2026-05-23T09:40:39.994+0000] {subprocess.py:106} INFO - 	at org.apache.spark.deploy.SparkSubmit.doRunMain$1(SparkSubmit.scala:203)
[2026-05-23T09:40:39.994+0000] {subprocess.py:106} INFO - 	at org.apache.spark.deploy.SparkSubmit.submit(SparkSubmit.scala:226)
[2026-05-23T09:40:39.994+0000] {subprocess.py:106} INFO - 	at org.apache.spark.deploy.SparkSubmit.doSubmit(SparkSubmit.scala:95)
[2026-05-23T09:40:39.994+0000] {subprocess.py:106} INFO - 	at org.apache.spark.deploy.SparkSubmit$$anon$2.doSubmit(SparkSubmit.scala:1168)
[2026-05-23T09:40:39.994+0000] {subprocess.py:106} INFO - 	at org.apache.spark.deploy.SparkSubmit$.main(SparkSubmit.scala:1177)
[2026-05-23T09:40:39.994+0000] {subprocess.py:106} INFO - 	at org.apache.spark.deploy.SparkSubmit.main(SparkSubmit.scala)
[2026-05-23T09:40:40.077+0000] {subprocess.py:106} INFO - Traceback (most recent call last):
[2026-05-23T09:40:40.077+0000] {subprocess.py:106} INFO -   File "/app/bronze_ingestion.py", line 8, in <module>
[2026-05-23T09:40:40.078+0000] {subprocess.py:106} INFO -     .getOrCreate()
[2026-05-23T09:40:40.078+0000] {subprocess.py:106} INFO -      ^^^^^^^^^^^^^
[2026-05-23T09:40:40.078+0000] {subprocess.py:106} INFO -   File "/home/airflow/.local/lib/python3.12/site-packages/pyspark/sql/session.py", line 557, in getOrCreate
[2026-05-23T09:40:40.078+0000] {subprocess.py:106} INFO -     sc = SparkContext.getOrCreate(sparkConf)
[2026-05-23T09:40:40.078+0000] {subprocess.py:106} INFO -          ^^^^^^^^^^^^^^^^^^^^^^^^^^^^^^^^^^^
[2026-05-23T09:40:40.078+0000] {subprocess.py:106} INFO -   File "/home/airflow/.local/lib/python3.12/site-packages/pyspark/core/context.py", line 542, in getOrCreate
[2026-05-23T09:40:40.078+0000] {subprocess.py:106} INFO -     SparkContext(conf=conf or SparkConf())
[2026-05-23T09:40:40.078+0000] {subprocess.py:106} INFO -   File "/home/airflow/.local/lib/python3.12/site-packages/pyspark/core/context.py", line 206, in __init__
[2026-05-23T09:40:40.078+0000] {subprocess.py:106} INFO -     SparkContext._ensure_initialized(self, gateway=gateway, conf=conf)
[2026-05-23T09:40:40.079+0000] {subprocess.py:106} INFO -   File "/home/airflow/.local/lib/python3.12/site-packages/pyspark/core/context.py", line 463, in _ensure_initialized
[2026-05-23T09:40:40.079+0000] {subprocess.py:106} INFO -     SparkContext._gateway = gateway or launch_gateway(conf)
[2026-05-23T09:40:40.079+0000] {subprocess.py:106} INFO -                                        ^^^^^^^^^^^^^^^^^^^^
[2026-05-23T09:40:40.079+0000] {subprocess.py:106} INFO -   File "/home/airflow/.local/lib/python3.12/site-packages/pyspark/java_gateway.py", line 111, in launch_gateway
[2026-05-23T09:40:40.080+0000] {subprocess.py:106} INFO -     raise PySparkRuntimeError(
[2026-05-23T09:40:40.080+0000] {subprocess.py:106} INFO - pyspark.errors.exceptions.base.PySparkRuntimeError: [JAVA_GATEWAY_EXITED] Java gateway process exited before sending its port number.
[2026-05-23T09:40:40.102+0000] {subprocess.py:110} INFO - Command exited with return code 1
[2026-05-23T09:40:40.109+0000] {taskinstance.py:3337} ERROR - Task failed with exception
Traceback (most recent call last):
  File "/home/airflow/.local/lib/python3.12/site-packages/airflow/models/taskinstance.py", line 776, in _execute_task
    result = _execute_callable(context=context, **execute_callable_kwargs)
             ^^^^^^^^^^^^^^^^^^^^^^^^^^^^^^^^^^^^^^^^^^^^^^^^^^^^^^^^^^^^^
  File "/home/airflow/.local/lib/python3.12/site-packages/airflow/models/taskinstance.py", line 742, in _execute_callable
    return ExecutionCallableRunner(
           ^^^^^^^^^^^^^^^^^^^^^^^^
  File "/home/airflow/.local/lib/python3.12/site-packages/airflow/utils/operator_helpers.py", line 252, in run
    return self.func(*args, **kwargs)
           ^^^^^^^^^^^^^^^^^^^^^^^^^^
  File "/home/airflow/.local/lib/python3.12/site-packages/airflow/models/baseoperator.py", line 425, in wrapper
    return func(self, *args, **kwargs)
           ^^^^^^^^^^^^^^^^^^^^^^^^^^^
  File "/home/airflow/.local/lib/python3.12/site-packages/airflow/operators/bash.py", line 276, in execute
    raise AirflowException(
airflow.exceptions.AirflowException: Bash command failed. The command returned a non-zero exit code 1.
[2026-05-23T09:40:40.112+0000] {taskinstance.py:1242} INFO - Marking task as UP_FOR_RETRY. dag_id=fraud_pipeline_bronze_hourly, task_id=run_spark_pyspark_job, run_id=manual__2026-05-23T09:40:30.380846+00:00, execution_date=20260523T094030, start_date=20260523T094030, end_date=20260523T094040
[2026-05-23T09:40:40.129+0000] {taskinstance.py:349} INFO - ::group::Post task execution logs
[2026-05-23T09:40:40.129+0000] {standard_task_runner.py:124} ERROR - Failed to execute job 3 for task run_spark_pyspark_job (Bash command failed. The command returned a non-zero exit code 1.; 177)
Traceback (most recent call last):
  File "/home/airflow/.local/lib/python3.12/site-packages/airflow/task/task_runner/standard_task_runner.py", line 117, in _start_by_fork
    ret = args.func(args, dag=self.dag)
          ^^^^^^^^^^^^^^^^^^^^^^^^^^^^^
  File "/home/airflow/.local/lib/python3.12/site-packages/airflow/cli/cli_config.py", line 49, in command
    return func(*args, **kwargs)
           ^^^^^^^^^^^^^^^^^^^^^
  File "/home/airflow/.local/lib/python3.12/site-packages/airflow/utils/cli.py", line 116, in wrapper
    return f(*args, **kwargs)
           ^^^^^^^^^^^^^^^^^^
  File "/home/airflow/.local/lib/python3.12/site-packages/airflow/cli/commands/task_command.py", line 483, in task_run
    task_return_code = _run_task_by_selected_method(args, _dag, ti)
                       ^^^^^^^^^^^^^^^^^^^^^^^^^^^^^^^^^^^^^^^^^^^^
  File "/home/airflow/.local/lib/python3.12/site-packages/airflow/cli/commands/task_command.py", line 256, in _run_task_by_selected_method
    return _run_raw_task(args, ti)
           ^^^^^^^^^^^^^^^^^^^^^^^
  File "/home/airflow/.local/lib/python3.12/site-packages/airflow/cli/commands/task_command.py", line 341, in _run_raw_task
    return ti._run_raw_task(
           ^^^^^^^^^^^^^^^^^
  File "/home/airflow/.local/lib/python3.12/site-packages/airflow/utils/session.py", line 97, in wrapper
    return func(*args, session=session, **kwargs)
           ^^^^^^^^^^^^^^^^^^^^^^^^^^^^^^^^^^^^^^
  File "/home/airflow/.local/lib/python3.12/site-packages/airflow/models/taskinstance.py", line 3030, in _run_raw_task
    return _run_raw_task(
           ^^^^^^^^^^^^^^
  File "/home/airflow/.local/lib/python3.12/site-packages/airflow/models/taskinstance.py", line 282, in _run_raw_task
    TaskInstance._execute_task_with_callbacks(
  File "/home/airflow/.local/lib/python3.12/site-packages/airflow/models/taskinstance.py", line 3185, in _execute_task_with_callbacks
    result = self._execute_task(context, task_orig)
             ^^^^^^^^^^^^^^^^^^^^^^^^^^^^^^^^^^^^^^
  File "/home/airflow/.local/lib/python3.12/site-packages/airflow/models/taskinstance.py", line 3209, in _execute_task
    return _execute_task(self, context, task_orig)
           ^^^^^^^^^^^^^^^^^^^^^^^^^^^^^^^^^^^^^^^
  File "/home/airflow/.local/lib/python3.12/site-packages/airflow/models/taskinstance.py", line 776, in _execute_task
    result = _execute_callable(context=context, **execute_callable_kwargs)
             ^^^^^^^^^^^^^^^^^^^^^^^^^^^^^^^^^^^^^^^^^^^^^^^^^^^^^^^^^^^^^
  File "/home/airflow/.local/lib/python3.12/site-packages/airflow/models/taskinstance.py", line 742, in _execute_callable
    return ExecutionCallableRunner(
           ^^^^^^^^^^^^^^^^^^^^^^^^
  File "/home/airflow/.local/lib/python3.12/site-packages/airflow/utils/operator_helpers.py", line 252, in run
    return self.func(*args, **kwargs)
           ^^^^^^^^^^^^^^^^^^^^^^^^^^
  File "/home/airflow/.local/lib/python3.12/site-packages/airflow/models/baseoperator.py", line 425, in wrapper
    return func(self, *args, **kwargs)
           ^^^^^^^^^^^^^^^^^^^^^^^^^^^
  File "/home/airflow/.local/lib/python3.12/site-packages/airflow/operators/bash.py", line 276, in execute
    raise AirflowException(
airflow.exceptions.AirflowException: Bash command failed. The command returned a non-zero exit code 1.
[2026-05-23T09:40:40.133+0000] {local_task_job_runner.py:266} INFO - Task exited with return code 1
[2026-05-23T09:40:40.140+0000] {taskinstance.py:3925} INFO - 0 downstream tasks scheduled from follow-on schedule check
[2026-05-23T09:40:40.140+0000] {local_task_job_runner.py:245} INFO - ::endgroup::
