[2026-05-23T10:45:00.470+0000] {local_task_job_runner.py:123} INFO - ::group::Pre task execution logs
[2026-05-23T10:45:00.479+0000] {taskinstance.py:2632} INFO - Dependencies all met for dep_context=non-requeueable deps ti=<TaskInstance: fraud_pipeline_bronze_hourly.run_spark_pyspark_job scheduled__2026-05-23T10:40:00+00:00 [queued]>
[2026-05-23T10:45:00.481+0000] {taskinstance.py:2632} INFO - Dependencies all met for dep_context=requeueable deps ti=<TaskInstance: fraud_pipeline_bronze_hourly.run_spark_pyspark_job scheduled__2026-05-23T10:40:00+00:00 [queued]>
[2026-05-23T10:45:00.481+0000] {taskinstance.py:2885} INFO - Starting attempt 1 of 2
[2026-05-23T10:45:00.485+0000] {taskinstance.py:2908} INFO - Executing <Task(BashOperator): run_spark_pyspark_job> on 2026-05-23 10:40:00+00:00
[2026-05-23T10:45:00.489+0000] {logging_mixin.py:190} WARNING - /home/airflow/.local/lib/python3.12/site-packages/airflow/task/task_runner/standard_task_runner.py:70 DeprecationWarning: This process (pid=516) is multi-threaded, use of fork() may lead to deadlocks in the child.
[2026-05-23T10:45:00.490+0000] {standard_task_runner.py:72} INFO - Started process 517 to run task
[2026-05-23T10:45:00.489+0000] {standard_task_runner.py:104} INFO - Running: ['airflow', 'tasks', 'run', 'fraud_pipeline_bronze_hourly', 'run_spark_pyspark_job', 'scheduled__2026-05-23T10:40:00+00:00', '--job-id', '3', '--raw', '--subdir', 'DAGS_FOLDER/spark_interval_ingestion.py', '--cfg-path', '/tmp/tmp3ccptu96']
[2026-05-23T10:45:00.494+0000] {standard_task_runner.py:105} INFO - Job 3: Subtask run_spark_pyspark_job
[2026-05-23T10:45:00.514+0000] {task_command.py:467} INFO - Running <TaskInstance: fraud_pipeline_bronze_hourly.run_spark_pyspark_job scheduled__2026-05-23T10:40:00+00:00 [running]> on host 03f8e21ba966
[2026-05-23T10:45:00.544+0000] {taskinstance.py:3158} INFO - Exporting env vars: AIRFLOW_CTX_DAG_EMAIL='bjk18261910@gmail.com' AIRFLOW_CTX_DAG_OWNER='agungpribadi' AIRFLOW_CTX_DAG_ID='fraud_pipeline_bronze_hourly' AIRFLOW_CTX_TASK_ID='run_spark_pyspark_job' AIRFLOW_CTX_EXECUTION_DATE='2026-05-23T10:40:00+00:00' AIRFLOW_CTX_TRY_NUMBER='1' AIRFLOW_CTX_DAG_RUN_ID='scheduled__2026-05-23T10:40:00+00:00'
[2026-05-23T10:45:00.544+0000] {taskinstance.py:740} INFO - ::endgroup::
[2026-05-23T10:45:00.550+0000] {subprocess.py:78} INFO - Tmp dir root location: /tmp
[2026-05-23T10:45:00.550+0000] {subprocess.py:88} INFO - Running command: ['/usr/bin/bash', '-c', 'cd /app && python bronze_ingestion.py']
[2026-05-23T10:45:00.554+0000] {subprocess.py:99} INFO - Output:
[2026-05-23T10:45:00.918+0000] {subprocess.py:106} INFO - WARNING: Using incubator modules: jdk.incubator.vector
[2026-05-23T10:45:01.338+0000] {subprocess.py:106} INFO - :: loading settings :: url = jar:file:/home/airflow/.local/lib/python3.12/site-packages/pyspark/jars/ivy-2.5.3.jar!/org/apache/ivy/core/settings/ivysettings.xml
[2026-05-23T10:45:01.360+0000] {subprocess.py:106} INFO - Ivy Default Cache set to: /home/airflow/.ivy2.5.2/cache
[2026-05-23T10:45:01.362+0000] {subprocess.py:106} INFO - The jars for the packages stored in: /home/airflow/.ivy2.5.2/jars
[2026-05-23T10:45:01.362+0000] {subprocess.py:106} INFO - org.apache.spark#spark-sql-kafka-0-10_2.13 added as a dependency
[2026-05-23T10:45:01.362+0000] {subprocess.py:106} INFO - :: resolving dependencies :: org.apache.spark#spark-submit-parent-ec13d46d-b619-4daf-810f-cd78b46a4c31;1.0
[2026-05-23T10:45:01.362+0000] {subprocess.py:106} INFO - 	confs: [default]
[2026-05-23T10:45:01.418+0000] {subprocess.py:106} INFO - 	found org.apache.spark#spark-sql-kafka-0-10_2.13;4.1.1 in central
[2026-05-23T10:45:01.440+0000] {subprocess.py:106} INFO - 	found org.apache.spark#spark-token-provider-kafka-0-10_2.13;4.1.1 in central
[2026-05-23T10:45:01.452+0000] {subprocess.py:106} INFO - 	found org.apache.kafka#kafka-clients;3.9.1 in central
[2026-05-23T10:45:01.462+0000] {subprocess.py:106} INFO - 	found org.lz4#lz4-java;1.8.0 in central
[2026-05-23T10:45:01.471+0000] {subprocess.py:106} INFO - 	found org.xerial.snappy#snappy-java;1.1.10.8 in central
[2026-05-23T10:45:01.478+0000] {subprocess.py:106} INFO - 	found org.slf4j#slf4j-api;2.0.17 in central
[2026-05-23T10:45:01.487+0000] {subprocess.py:106} INFO - 	found org.apache.hadoop#hadoop-client-runtime;3.4.2 in central
[2026-05-23T10:45:01.495+0000] {subprocess.py:106} INFO - 	found org.apache.hadoop#hadoop-client-api;3.4.2 in central
[2026-05-23T10:45:01.502+0000] {subprocess.py:106} INFO - 	found com.google.code.findbugs#jsr305;3.0.0 in central
[2026-05-23T10:45:01.505+0000] {subprocess.py:106} INFO - 	found org.scala-lang.modules#scala-parallel-collections_2.13;1.2.0 in central
[2026-05-23T10:45:01.510+0000] {subprocess.py:106} INFO - 	found org.apache.commons#commons-pool2;2.12.1 in central
[2026-05-23T10:45:01.519+0000] {subprocess.py:106} INFO - :: resolution report :: resolve 152ms :: artifacts dl 5ms
[2026-05-23T10:45:01.519+0000] {subprocess.py:106} INFO - 	:: modules in use:
[2026-05-23T10:45:01.519+0000] {subprocess.py:106} INFO - 	com.google.code.findbugs#jsr305;3.0.0 from central in [default]
[2026-05-23T10:45:01.519+0000] {subprocess.py:106} INFO - 	org.apache.commons#commons-pool2;2.12.1 from central in [default]
[2026-05-23T10:45:01.520+0000] {subprocess.py:106} INFO - 	org.apache.hadoop#hadoop-client-api;3.4.2 from central in [default]
[2026-05-23T10:45:01.520+0000] {subprocess.py:106} INFO - 	org.apache.hadoop#hadoop-client-runtime;3.4.2 from central in [default]
[2026-05-23T10:45:01.520+0000] {subprocess.py:106} INFO - 	org.apache.kafka#kafka-clients;3.9.1 from central in [default]
[2026-05-23T10:45:01.520+0000] {subprocess.py:106} INFO - 	org.apache.spark#spark-sql-kafka-0-10_2.13;4.1.1 from central in [default]
[2026-05-23T10:45:01.520+0000] {subprocess.py:106} INFO - 	org.apache.spark#spark-token-provider-kafka-0-10_2.13;4.1.1 from central in [default]
[2026-05-23T10:45:01.520+0000] {subprocess.py:106} INFO - 	org.lz4#lz4-java;1.8.0 from central in [default]
[2026-05-23T10:45:01.520+0000] {subprocess.py:106} INFO - 	org.scala-lang.modules#scala-parallel-collections_2.13;1.2.0 from central in [default]
[2026-05-23T10:45:01.521+0000] {subprocess.py:106} INFO - 	org.slf4j#slf4j-api;2.0.17 from central in [default]
[2026-05-23T10:45:01.521+0000] {subprocess.py:106} INFO - 	org.xerial.snappy#snappy-java;1.1.10.8 from central in [default]
[2026-05-23T10:45:01.521+0000] {subprocess.py:106} INFO - 	---------------------------------------------------------------------
[2026-05-23T10:45:01.521+0000] {subprocess.py:106} INFO - 	|                  |            modules            ||   artifacts   |
[2026-05-23T10:45:01.521+0000] {subprocess.py:106} INFO - 	|       conf       | number| search|dwnlded|evicted|| number|dwnlded|
[2026-05-23T10:45:01.521+0000] {subprocess.py:106} INFO - 	---------------------------------------------------------------------
[2026-05-23T10:45:01.521+0000] {subprocess.py:106} INFO - 	|      default     |   11  |   0   |   0   |   0   ||   11  |   0   |
[2026-05-23T10:45:01.521+0000] {subprocess.py:106} INFO - 	---------------------------------------------------------------------
[2026-05-23T10:45:01.522+0000] {subprocess.py:106} INFO - :: retrieving :: org.apache.spark#spark-submit-parent-ec13d46d-b619-4daf-810f-cd78b46a4c31
[2026-05-23T10:45:01.522+0000] {subprocess.py:106} INFO - 	confs: [default]
[2026-05-23T10:45:01.526+0000] {subprocess.py:106} INFO - 	0 artifacts copied, 11 already retrieved (0kB/4ms)
[2026-05-23T10:45:01.618+0000] {subprocess.py:106} INFO - 26/05/23 10:45:01 WARN NativeCodeLoader: Unable to load native-hadoop library for your platform... using builtin-java classes where applicable
[2026-05-23T10:45:01.682+0000] {subprocess.py:106} INFO - Using Spark's default log4j profile: org/apache/spark/log4j2-defaults.properties
[2026-05-23T10:45:01.682+0000] {subprocess.py:106} INFO - Setting default log level to "WARN".
[2026-05-23T10:45:01.682+0000] {subprocess.py:106} INFO - To adjust logging level use sc.setLogLevel(newLevel). For SparkR, use setLogLevel(newLevel).
[2026-05-23T10:45:03.671+0000] {subprocess.py:106} INFO - 26/05/23 10:45:03 WARN ResolveWriteToStream: spark.sql.adaptive.enabled is not supported in streaming DataFrames/Datasets and will be disabled.
[2026-05-23T10:45:04.368+0000] {subprocess.py:106} INFO - 26/05/23 10:45:04 ERROR FileFormatWriter: Aborting job 31fb3461-d82c-43aa-8530-feed2c1bfb00.
[2026-05-23T10:45:04.369+0000] {subprocess.py:106} INFO - org.apache.spark.sql.kafka010.KafkaIllegalStateException: Some data may have been lost because they are not available in Kafka any more;
[2026-05-23T10:45:04.369+0000] {subprocess.py:106} INFO - either the data was aged out by Kafka or the topic may have been deleted before all the data in the
[2026-05-23T10:45:04.370+0000] {subprocess.py:106} INFO - topic was processed.
[2026-05-23T10:45:04.370+0000] {subprocess.py:106} INFO - If you don't want your streaming query to fail on such cases, set the source option failOnDataLoss to false.
[2026-05-23T10:45:04.370+0000] {subprocess.py:106} INFO - Reason: Partition raw_transactions_v2-0 offset was changed from 112733 to 4866.
[2026-05-23T10:45:04.370+0000] {subprocess.py:106} INFO - This could be either 1) a user error that the start offset is set beyond available offset when starting query, or 2) the kafka topic-partition is deleted and re-created.
[2026-05-23T10:45:04.370+0000] {subprocess.py:106} INFO - 	at org.apache.spark.sql.kafka010.KafkaExceptions$.partitionOffsetChanged(KafkaExceptions.scala:151)
[2026-05-23T10:45:04.371+0000] {subprocess.py:106} INFO - 	at org.apache.spark.sql.kafka010.KafkaOffsetReaderBase.$anonfun$getOffsetRangesFromResolvedOffsets$10(KafkaOffsetReader.scala:250)
[2026-05-23T10:45:04.371+0000] {subprocess.py:106} INFO - 	at org.apache.spark.sql.kafka010.KafkaMicroBatchStream.reportDataLoss(KafkaMicroBatchStream.scala:444)
[2026-05-23T10:45:04.371+0000] {subprocess.py:106} INFO - 	at org.apache.spark.sql.kafka010.KafkaMicroBatchStream.$anonfun$planInputPartitions$1(KafkaMicroBatchStream.scala:220)
[2026-05-23T10:45:04.371+0000] {subprocess.py:106} INFO - 	at org.apache.spark.sql.kafka010.KafkaMicroBatchStream.$anonfun$planInputPartitions$1$adapted(KafkaMicroBatchStream.scala:220)
[2026-05-23T10:45:04.371+0000] {subprocess.py:106} INFO - 	at org.apache.spark.sql.kafka010.KafkaOffsetReaderBase.$anonfun$getOffsetRangesFromResolvedOffsets$9(KafkaOffsetReader.scala:250)
[2026-05-23T10:45:04.371+0000] {subprocess.py:106} INFO - 	at scala.collection.immutable.List.map(List.scala:236)
[2026-05-23T10:45:04.371+0000] {subprocess.py:106} INFO - 	at scala.collection.immutable.List.map(List.scala:79)
[2026-05-23T10:45:04.371+0000] {subprocess.py:106} INFO - 	at org.apache.spark.sql.kafka010.KafkaOffsetReaderBase.getOffsetRangesFromResolvedOffsets(KafkaOffsetReader.scala:241)
[2026-05-23T10:45:04.371+0000] {subprocess.py:106} INFO - 	at org.apache.spark.sql.kafka010.KafkaMicroBatchStream.planInputPartitions(KafkaMicroBatchStream.scala:220)
[2026-05-23T10:45:04.371+0000] {subprocess.py:106} INFO - 	at org.apache.spark.sql.execution.datasources.v2.MicroBatchScanExec.inputPartitions$lzycompute(MicroBatchScanExec.scala:51)
[2026-05-23T10:45:04.371+0000] {subprocess.py:106} INFO - 	at org.apache.spark.sql.execution.datasources.v2.MicroBatchScanExec.inputPartitions(MicroBatchScanExec.scala:50)
[2026-05-23T10:45:04.371+0000] {subprocess.py:106} INFO - 	at org.apache.spark.sql.execution.datasources.v2.DataSourceV2ScanExecBase.$anonfun$partitions$3(DataSourceV2ScanExecBase.scala:67)
[2026-05-23T10:45:04.371+0000] {subprocess.py:106} INFO - 	at scala.Option.getOrElse(Option.scala:201)
[2026-05-23T10:45:04.371+0000] {subprocess.py:106} INFO - 	at org.apache.spark.sql.execution.datasources.v2.DataSourceV2ScanExecBase.partitions(DataSourceV2ScanExecBase.scala:67)
[2026-05-23T10:45:04.372+0000] {subprocess.py:106} INFO - 	at org.apache.spark.sql.execution.datasources.v2.DataSourceV2ScanExecBase.partitions$(DataSourceV2ScanExecBase.scala:66)
[2026-05-23T10:45:04.372+0000] {subprocess.py:106} INFO - 	at org.apache.spark.sql.execution.datasources.v2.MicroBatchScanExec.partitions(MicroBatchScanExec.scala:31)
[2026-05-23T10:45:04.372+0000] {subprocess.py:106} INFO - 	at org.apache.spark.sql.execution.datasources.v2.MicroBatchScanExec.inputRDD$lzycompute(MicroBatchScanExec.scala:56)
[2026-05-23T10:45:04.372+0000] {subprocess.py:106} INFO - 	at org.apache.spark.sql.execution.datasources.v2.MicroBatchScanExec.inputRDD(MicroBatchScanExec.scala:55)
[2026-05-23T10:45:04.372+0000] {subprocess.py:106} INFO - 	at org.apache.spark.sql.execution.datasources.v2.DataSourceV2ScanExecBase.doExecute(DataSourceV2ScanExecBase.scala:187)
[2026-05-23T10:45:04.372+0000] {subprocess.py:106} INFO - 	at org.apache.spark.sql.execution.datasources.v2.DataSourceV2ScanExecBase.doExecute$(DataSourceV2ScanExecBase.scala:185)
[2026-05-23T10:45:04.372+0000] {subprocess.py:106} INFO - 	at org.apache.spark.sql.execution.datasources.v2.MicroBatchScanExec.doExecute(MicroBatchScanExec.scala:31)
[2026-05-23T10:45:04.372+0000] {subprocess.py:106} INFO - 	at org.apache.spark.sql.execution.SparkPlan.$anonfun$executeRDD$1(SparkPlan.scala:188)
[2026-05-23T10:45:04.372+0000] {subprocess.py:106} INFO - 	at scala.util.Try$.apply(Try.scala:217)
[2026-05-23T10:45:04.372+0000] {subprocess.py:106} INFO - 	at org.apache.spark.util.Utils$.doTryWithCallerStacktrace(Utils.scala:1392)
[2026-05-23T10:45:04.372+0000] {subprocess.py:106} INFO - 	at org.apache.spark.util.LazyTry.tryT$lzycompute(LazyTry.scala:46)
[2026-05-23T10:45:04.372+0000] {subprocess.py:106} INFO - 	at org.apache.spark.util.LazyTry.tryT(LazyTry.scala:46)
[2026-05-23T10:45:04.373+0000] {subprocess.py:106} INFO - 	at org.apache.spark.util.LazyTry.get(LazyTry.scala:58)
[2026-05-23T10:45:04.374+0000] {subprocess.py:106} INFO - 	at org.apache.spark.sql.execution.SparkPlan.$anonfun$execute$1(SparkPlan.scala:201)
[2026-05-23T10:45:04.374+0000] {subprocess.py:106} INFO - 	at org.apache.spark.sql.execution.SparkPlan.$anonfun$executeQuery$1(SparkPlan.scala:260)
[2026-05-23T10:45:04.374+0000] {subprocess.py:106} INFO - 	at org.apache.spark.rdd.RDDOperationScope$.withScope(RDDOperationScope.scala:151)
[2026-05-23T10:45:04.374+0000] {subprocess.py:106} INFO - 	at org.apache.spark.sql.execution.SparkPlan.executeQuery(SparkPlan.scala:257)
[2026-05-23T10:45:04.374+0000] {subprocess.py:106} INFO - 	at org.apache.spark.sql.execution.SparkPlan.execute(SparkPlan.scala:197)
[2026-05-23T10:45:04.374+0000] {subprocess.py:106} INFO - 	at org.apache.spark.sql.execution.InputAdapter.inputRDD(WholeStageCodegenExec.scala:533)
[2026-05-23T10:45:04.374+0000] {subprocess.py:106} INFO - 	at org.apache.spark.sql.execution.InputRDDCodegen.inputRDDs(WholeStageCodegenExec.scala:461)
[2026-05-23T10:45:04.374+0000] {subprocess.py:106} INFO - 	at org.apache.spark.sql.execution.InputRDDCodegen.inputRDDs$(WholeStageCodegenExec.scala:460)
[2026-05-23T10:45:04.374+0000] {subprocess.py:106} INFO - 	at org.apache.spark.sql.execution.InputAdapter.inputRDDs(WholeStageCodegenExec.scala:504)
[2026-05-23T10:45:04.375+0000] {subprocess.py:106} INFO - 	at org.apache.spark.sql.execution.ProjectExec.inputRDDs(basicPhysicalOperators.scala:51)
[2026-05-23T10:45:04.375+0000] {subprocess.py:106} INFO - 	at org.apache.spark.sql.execution.WholeStageCodegenExec.doExecute(WholeStageCodegenExec.scala:763)
[2026-05-23T10:45:04.375+0000] {subprocess.py:106} INFO - 	at org.apache.spark.sql.execution.SparkPlan.$anonfun$executeRDD$1(SparkPlan.scala:188)
[2026-05-23T10:45:04.375+0000] {subprocess.py:106} INFO - 	at scala.util.Try$.apply(Try.scala:217)
[2026-05-23T10:45:04.375+0000] {subprocess.py:106} INFO - 	at org.apache.spark.util.Utils$.getTryWithCallerStacktrace(Utils.scala:1453)
[2026-05-23T10:45:04.375+0000] {subprocess.py:106} INFO - 	at org.apache.spark.util.LazyTry.get(LazyTry.scala:58)
[2026-05-23T10:45:04.375+0000] {subprocess.py:106} INFO - 	at org.apache.spark.sql.execution.SparkPlan.$anonfun$execute$1(SparkPlan.scala:201)
[2026-05-23T10:45:04.375+0000] {subprocess.py:106} INFO - 	at org.apache.spark.sql.execution.SparkPlan.$anonfun$executeQuery$1(SparkPlan.scala:260)
[2026-05-23T10:45:04.375+0000] {subprocess.py:106} INFO - 	at org.apache.spark.rdd.RDDOperationScope$.withScope(RDDOperationScope.scala:151)
[2026-05-23T10:45:04.376+0000] {subprocess.py:106} INFO - 	at org.apache.spark.sql.execution.SparkPlan.executeQuery(SparkPlan.scala:257)
[2026-05-23T10:45:04.376+0000] {subprocess.py:106} INFO - 	at org.apache.spark.sql.execution.SparkPlan.execute(SparkPlan.scala:197)
[2026-05-23T10:45:04.377+0000] {subprocess.py:106} INFO - 	at org.apache.spark.sql.execution.datasources.FileFormatWriter$.$anonfun$executeWrite$1(FileFormatWriter.scala:228)
[2026-05-23T10:45:04.377+0000] {subprocess.py:106} INFO - 	at org.apache.spark.sql.execution.datasources.FileFormatWriter$.writeAndCommit(FileFormatWriter.scala:270)
[2026-05-23T10:45:04.377+0000] {subprocess.py:106} INFO - 	at org.apache.spark.sql.execution.datasources.FileFormatWriter$.executeWrite(FileFormatWriter.scala:211)
[2026-05-23T10:45:04.378+0000] {subprocess.py:106} INFO - 	at org.apache.spark.sql.execution.datasources.FileFormatWriter$.write(FileFormatWriter.scala:192)
[2026-05-23T10:45:04.378+0000] {subprocess.py:106} INFO - 	at org.apache.spark.sql.execution.streaming.sinks.FileStreamSink.addBatch(FileStreamSink.scala:178)
[2026-05-23T10:45:04.378+0000] {subprocess.py:106} INFO - 	at org.apache.spark.sql.execution.streaming.runtime.MicroBatchExecution.$anonfun$runBatch$19(MicroBatchExecution.scala:1074)
[2026-05-23T10:45:04.378+0000] {subprocess.py:106} INFO - 	at org.apache.spark.sql.execution.SQLExecution$.$anonfun$withNewExecutionId0$8(SQLExecution.scala:177)
[2026-05-23T10:45:04.379+0000] {subprocess.py:106} INFO - 	at org.apache.spark.sql.execution.SQLExecution$.withSessionTagsApplied(SQLExecution.scala:285)
[2026-05-23T10:45:04.379+0000] {subprocess.py:106} INFO - 	at org.apache.spark.sql.execution.SQLExecution$.$anonfun$withNewExecutionId0$7(SQLExecution.scala:139)
[2026-05-23T10:45:04.379+0000] {subprocess.py:106} INFO - 	at org.apache.spark.JobArtifactSet$.withActiveJobArtifactState(JobArtifactSet.scala:94)
[2026-05-23T10:45:04.379+0000] {subprocess.py:106} INFO - 	at org.apache.spark.sql.artifact.ArtifactManager.$anonfun$withResources$1(ArtifactManager.scala:112)
[2026-05-23T10:45:04.379+0000] {subprocess.py:106} INFO - 	at org.apache.spark.sql.artifact.ArtifactManager.withClassLoaderIfNeeded(ArtifactManager.scala:106)
[2026-05-23T10:45:04.379+0000] {subprocess.py:106} INFO - 	at org.apache.spark.sql.artifact.ArtifactManager.withResources(ArtifactManager.scala:111)
[2026-05-23T10:45:04.379+0000] {subprocess.py:106} INFO - 	at org.apache.spark.sql.execution.SQLExecution$.$anonfun$withNewExecutionId0$6(SQLExecution.scala:139)
[2026-05-23T10:45:04.379+0000] {subprocess.py:106} INFO - 	at org.apache.spark.sql.execution.SQLExecution$.withSQLConfPropagated(SQLExecution.scala:308)
[2026-05-23T10:45:04.379+0000] {subprocess.py:106} INFO - 	at org.apache.spark.sql.execution.SQLExecution$.$anonfun$withNewExecutionId0$1(SQLExecution.scala:138)
[2026-05-23T10:45:04.381+0000] {subprocess.py:106} INFO - 	at org.apache.spark.sql.SparkSession.withActive(SparkSession.scala:804)
[2026-05-23T10:45:04.381+0000] {subprocess.py:106} INFO - 	at org.apache.spark.sql.execution.SQLExecution$.withNewExecutionId0(SQLExecution.scala:92)
[2026-05-23T10:45:04.381+0000] {subprocess.py:106} INFO - 	at org.apache.spark.sql.execution.SQLExecution$.withNewExecutionId(SQLExecution.scala:250)
[2026-05-23T10:45:04.381+0000] {subprocess.py:106} INFO - 	at org.apache.spark.sql.execution.streaming.runtime.MicroBatchExecution.$anonfun$runBatch$18(MicroBatchExecution.scala:1065)
[2026-05-23T10:45:04.381+0000] {subprocess.py:106} INFO - 	at org.apache.spark.sql.execution.streaming.runtime.ProgressContext.reportTimeTaken(ProgressReporter.scala:200)
[2026-05-23T10:45:04.381+0000] {subprocess.py:106} INFO - 	at org.apache.spark.sql.execution.streaming.runtime.MicroBatchExecution.runBatch(MicroBatchExecution.scala:1065)
[2026-05-23T10:45:04.381+0000] {subprocess.py:106} INFO - 	at org.apache.spark.sql.execution.streaming.runtime.MicroBatchExecution.$anonfun$executeOneBatch$2(MicroBatchExecution.scala:516)
[2026-05-23T10:45:04.381+0000] {subprocess.py:106} INFO - 	at scala.runtime.java8.JFunction0$mcV$sp.apply(JFunction0$mcV$sp.scala:18)
[2026-05-23T10:45:04.381+0000] {subprocess.py:106} INFO - 	at org.apache.spark.sql.execution.streaming.runtime.ProgressContext.reportTimeTaken(ProgressReporter.scala:200)
[2026-05-23T10:45:04.382+0000] {subprocess.py:106} INFO - 	at org.apache.spark.sql.execution.streaming.runtime.MicroBatchExecution.executeOneBatch(MicroBatchExecution.scala:481)
[2026-05-23T10:45:04.382+0000] {subprocess.py:106} INFO - 	at org.apache.spark.sql.execution.streaming.runtime.MicroBatchExecution.$anonfun$runActivatedStream$1(MicroBatchExecution.scala:461)
[2026-05-23T10:45:04.382+0000] {subprocess.py:106} INFO - 	at org.apache.spark.sql.execution.streaming.runtime.MicroBatchExecution.$anonfun$runActivatedStream$1$adapted(MicroBatchExecution.scala:461)
[2026-05-23T10:45:04.382+0000] {subprocess.py:106} INFO - 	at org.apache.spark.sql.execution.streaming.runtime.TriggerExecutor.runOneBatch(TriggerExecutor.scala:40)
[2026-05-23T10:45:04.382+0000] {subprocess.py:106} INFO - 	at org.apache.spark.sql.execution.streaming.runtime.TriggerExecutor.runOneBatch$(TriggerExecutor.scala:38)
[2026-05-23T10:45:04.382+0000] {subprocess.py:106} INFO - 	at org.apache.spark.sql.execution.streaming.runtime.MultiBatchExecutor.runOneBatch(TriggerExecutor.scala:60)
[2026-05-23T10:45:04.382+0000] {subprocess.py:106} INFO - 	at org.apache.spark.sql.execution.streaming.runtime.MultiBatchExecutor.execute(TriggerExecutor.scala:65)
[2026-05-23T10:45:04.382+0000] {subprocess.py:106} INFO - 	at org.apache.spark.sql.execution.streaming.runtime.MicroBatchExecution.runActivatedStream(MicroBatchExecution.scala:461)
[2026-05-23T10:45:04.382+0000] {subprocess.py:106} INFO - 	at org.apache.spark.sql.execution.streaming.runtime.StreamExecution.$anonfun$runStream$1(StreamExecution.scala:347)
[2026-05-23T10:45:04.382+0000] {subprocess.py:106} INFO - 	at scala.runtime.java8.JFunction0$mcV$sp.apply(JFunction0$mcV$sp.scala:18)
[2026-05-23T10:45:04.382+0000] {subprocess.py:106} INFO - 	at org.apache.spark.sql.SparkSession.withActive(SparkSession.scala:804)
[2026-05-23T10:45:04.382+0000] {subprocess.py:106} INFO - 	at org.apache.spark.sql.execution.streaming.runtime.StreamExecution.org$apache$spark$sql$execution$streaming$runtime$StreamExecution$$runStream(StreamExecution.scala:307)
[2026-05-23T10:45:04.382+0000] {subprocess.py:106} INFO - 	at org.apache.spark.sql.execution.streaming.runtime.StreamExecution$$anon$1.run(StreamExecution.scala:230)
[2026-05-23T10:45:04.382+0000] {subprocess.py:106} INFO - 	Suppressed: org.apache.spark.util.Utils$OriginalTryStackTraceException: Full stacktrace of original doTryWithCallerStacktrace caller
[2026-05-23T10:45:04.382+0000] {subprocess.py:106} INFO - 		at org.apache.spark.sql.kafka010.KafkaExceptions$.partitionOffsetChanged(KafkaExceptions.scala:151)
[2026-05-23T10:45:04.382+0000] {subprocess.py:106} INFO - 		at org.apache.spark.sql.kafka010.KafkaOffsetReaderBase.$anonfun$getOffsetRangesFromResolvedOffsets$10(KafkaOffsetReader.scala:250)
[2026-05-23T10:45:04.382+0000] {subprocess.py:106} INFO - 		at org.apache.spark.sql.kafka010.KafkaMicroBatchStream.reportDataLoss(KafkaMicroBatchStream.scala:444)
[2026-05-23T10:45:04.382+0000] {subprocess.py:106} INFO - 		at org.apache.spark.sql.kafka010.KafkaMicroBatchStream.$anonfun$planInputPartitions$1(KafkaMicroBatchStream.scala:220)
[2026-05-23T10:45:04.382+0000] {subprocess.py:106} INFO - 		at org.apache.spark.sql.kafka010.KafkaMicroBatchStream.$anonfun$planInputPartitions$1$adapted(KafkaMicroBatchStream.scala:220)
[2026-05-23T10:45:04.383+0000] {subprocess.py:106} INFO - 		at org.apache.spark.sql.kafka010.KafkaOffsetReaderBase.$anonfun$getOffsetRangesFromResolvedOffsets$9(KafkaOffsetReader.scala:250)
[2026-05-23T10:45:04.383+0000] {subprocess.py:106} INFO - 		at scala.collection.immutable.List.map(List.scala:236)
[2026-05-23T10:45:04.383+0000] {subprocess.py:106} INFO - 		at scala.collection.immutable.List.map(List.scala:79)
[2026-05-23T10:45:04.383+0000] {subprocess.py:106} INFO - 		at org.apache.spark.sql.kafka010.KafkaOffsetReaderBase.getOffsetRangesFromResolvedOffsets(KafkaOffsetReader.scala:241)
[2026-05-23T10:45:04.384+0000] {subprocess.py:106} INFO - 		at org.apache.spark.sql.kafka010.KafkaMicroBatchStream.planInputPartitions(KafkaMicroBatchStream.scala:220)
[2026-05-23T10:45:04.384+0000] {subprocess.py:106} INFO - 		at org.apache.spark.sql.execution.datasources.v2.MicroBatchScanExec.inputPartitions$lzycompute(MicroBatchScanExec.scala:51)
[2026-05-23T10:45:04.384+0000] {subprocess.py:106} INFO - 		at org.apache.spark.sql.execution.datasources.v2.MicroBatchScanExec.inputPartitions(MicroBatchScanExec.scala:50)
[2026-05-23T10:45:04.384+0000] {subprocess.py:106} INFO - 		at org.apache.spark.sql.execution.datasources.v2.DataSourceV2ScanExecBase.$anonfun$partitions$3(DataSourceV2ScanExecBase.scala:67)
[2026-05-23T10:45:04.384+0000] {subprocess.py:106} INFO - 		at scala.Option.getOrElse(Option.scala:201)
[2026-05-23T10:45:04.384+0000] {subprocess.py:106} INFO - 		at org.apache.spark.sql.execution.datasources.v2.DataSourceV2ScanExecBase.partitions(DataSourceV2ScanExecBase.scala:67)
[2026-05-23T10:45:04.384+0000] {subprocess.py:106} INFO - 		at org.apache.spark.sql.execution.datasources.v2.DataSourceV2ScanExecBase.partitions$(DataSourceV2ScanExecBase.scala:66)
[2026-05-23T10:45:04.384+0000] {subprocess.py:106} INFO - 		at org.apache.spark.sql.execution.datasources.v2.MicroBatchScanExec.partitions(MicroBatchScanExec.scala:31)
[2026-05-23T10:45:04.384+0000] {subprocess.py:106} INFO - 		at org.apache.spark.sql.execution.datasources.v2.MicroBatchScanExec.inputRDD$lzycompute(MicroBatchScanExec.scala:56)
[2026-05-23T10:45:04.384+0000] {subprocess.py:106} INFO - 		at org.apache.spark.sql.execution.datasources.v2.MicroBatchScanExec.inputRDD(MicroBatchScanExec.scala:55)
[2026-05-23T10:45:04.385+0000] {subprocess.py:106} INFO - 		at org.apache.spark.sql.execution.datasources.v2.DataSourceV2ScanExecBase.doExecute(DataSourceV2ScanExecBase.scala:187)
[2026-05-23T10:45:04.385+0000] {subprocess.py:106} INFO - 		at org.apache.spark.sql.execution.datasources.v2.DataSourceV2ScanExecBase.doExecute$(DataSourceV2ScanExecBase.scala:185)
[2026-05-23T10:45:04.385+0000] {subprocess.py:106} INFO - 		at org.apache.spark.sql.execution.datasources.v2.MicroBatchScanExec.doExecute(MicroBatchScanExec.scala:31)
[2026-05-23T10:45:04.385+0000] {subprocess.py:106} INFO - 		at org.apache.spark.sql.execution.SparkPlan.$anonfun$executeRDD$1(SparkPlan.scala:188)
[2026-05-23T10:45:04.385+0000] {subprocess.py:106} INFO - 		at scala.util.Try$.apply(Try.scala:217)
[2026-05-23T10:45:04.385+0000] {subprocess.py:106} INFO - 		at org.apache.spark.util.Utils$.doTryWithCallerStacktrace(Utils.scala:1392)
[2026-05-23T10:45:04.385+0000] {subprocess.py:106} INFO - 		at org.apache.spark.util.LazyTry.tryT$lzycompute(LazyTry.scala:46)
[2026-05-23T10:45:04.385+0000] {subprocess.py:106} INFO - 		at org.apache.spark.util.LazyTry.tryT(LazyTry.scala:46)
[2026-05-23T10:45:04.385+0000] {subprocess.py:106} INFO - 		at org.apache.spark.util.LazyTry.get(LazyTry.scala:58)
[2026-05-23T10:45:04.385+0000] {subprocess.py:106} INFO - 		at org.apache.spark.sql.execution.SparkPlan.$anonfun$execute$1(SparkPlan.scala:201)
[2026-05-23T10:45:04.385+0000] {subprocess.py:106} INFO - 		at org.apache.spark.sql.execution.SparkPlan.$anonfun$executeQuery$1(SparkPlan.scala:260)
[2026-05-23T10:45:04.385+0000] {subprocess.py:106} INFO - 		at org.apache.spark.rdd.RDDOperationScope$.withScope(RDDOperationScope.scala:151)
[2026-05-23T10:45:04.385+0000] {subprocess.py:106} INFO - 		at org.apache.spark.sql.execution.SparkPlan.executeQuery(SparkPlan.scala:257)
[2026-05-23T10:45:04.385+0000] {subprocess.py:106} INFO - 		at org.apache.spark.sql.execution.SparkPlan.execute(SparkPlan.scala:197)
[2026-05-23T10:45:04.385+0000] {subprocess.py:106} INFO - 		at org.apache.spark.sql.execution.InputAdapter.inputRDD(WholeStageCodegenExec.scala:533)
[2026-05-23T10:45:04.385+0000] {subprocess.py:106} INFO - 		at org.apache.spark.sql.execution.InputRDDCodegen.inputRDDs(WholeStageCodegenExec.scala:461)
[2026-05-23T10:45:04.386+0000] {subprocess.py:106} INFO - 		at org.apache.spark.sql.execution.InputRDDCodegen.inputRDDs$(WholeStageCodegenExec.scala:460)
[2026-05-23T10:45:04.386+0000] {subprocess.py:106} INFO - 		at org.apache.spark.sql.execution.InputAdapter.inputRDDs(WholeStageCodegenExec.scala:504)
[2026-05-23T10:45:04.386+0000] {subprocess.py:106} INFO - 		at org.apache.spark.sql.execution.ProjectExec.inputRDDs(basicPhysicalOperators.scala:51)
[2026-05-23T10:45:04.386+0000] {subprocess.py:106} INFO - 		at org.apache.spark.sql.execution.WholeStageCodegenExec.doExecute(WholeStageCodegenExec.scala:763)
[2026-05-23T10:45:04.386+0000] {subprocess.py:106} INFO - 		at org.apache.spark.sql.execution.SparkPlan.$anonfun$executeRDD$1(SparkPlan.scala:188)
[2026-05-23T10:45:04.386+0000] {subprocess.py:106} INFO - 		at scala.util.Try$.apply(Try.scala:217)
[2026-05-23T10:45:04.387+0000] {subprocess.py:106} INFO - 		at org.apache.spark.util.Utils$.doTryWithCallerStacktrace(Utils.scala:1392)
[2026-05-23T10:45:04.387+0000] {subprocess.py:106} INFO - 		at org.apache.spark.util.LazyTry.tryT$lzycompute(LazyTry.scala:46)
[2026-05-23T10:45:04.387+0000] {subprocess.py:106} INFO - 		at org.apache.spark.util.LazyTry.tryT(LazyTry.scala:46)
[2026-05-23T10:45:04.387+0000] {subprocess.py:106} INFO - 		... 44 more
[2026-05-23T10:45:04.387+0000] {subprocess.py:106} INFO - 26/05/23 10:45:04 ERROR MicroBatchExecution: Query [id = c8c3a662-b5c6-4727-899c-6059408c66e8, runId = aae19606-2d48-48ea-be39-914b82529a1f] terminated with error
[2026-05-23T10:45:04.387+0000] {subprocess.py:106} INFO - org.apache.spark.sql.kafka010.KafkaIllegalStateException: Some data may have been lost because they are not available in Kafka any more;
[2026-05-23T10:45:04.388+0000] {subprocess.py:106} INFO - either the data was aged out by Kafka or the topic may have been deleted before all the data in the
[2026-05-23T10:45:04.388+0000] {subprocess.py:106} INFO - topic was processed.
[2026-05-23T10:45:04.388+0000] {subprocess.py:106} INFO - If you don't want your streaming query to fail on such cases, set the source option failOnDataLoss to false.
[2026-05-23T10:45:04.388+0000] {subprocess.py:106} INFO - Reason: Partition raw_transactions_v2-0 offset was changed from 112733 to 4866.
[2026-05-23T10:45:04.388+0000] {subprocess.py:106} INFO - This could be either 1) a user error that the start offset is set beyond available offset when starting query, or 2) the kafka topic-partition is deleted and re-created.
[2026-05-23T10:45:04.388+0000] {subprocess.py:106} INFO - 	at org.apache.spark.sql.kafka010.KafkaExceptions$.partitionOffsetChanged(KafkaExceptions.scala:151)
[2026-05-23T10:45:04.388+0000] {subprocess.py:106} INFO - 	at org.apache.spark.sql.kafka010.KafkaOffsetReaderBase.$anonfun$getOffsetRangesFromResolvedOffsets$10(KafkaOffsetReader.scala:250)
[2026-05-23T10:45:04.389+0000] {subprocess.py:106} INFO - 	at org.apache.spark.sql.kafka010.KafkaMicroBatchStream.reportDataLoss(KafkaMicroBatchStream.scala:444)
[2026-05-23T10:45:04.389+0000] {subprocess.py:106} INFO - 	at org.apache.spark.sql.kafka010.KafkaMicroBatchStream.$anonfun$planInputPartitions$1(KafkaMicroBatchStream.scala:220)
[2026-05-23T10:45:04.389+0000] {subprocess.py:106} INFO - 	at org.apache.spark.sql.kafka010.KafkaMicroBatchStream.$anonfun$planInputPartitions$1$adapted(KafkaMicroBatchStream.scala:220)
[2026-05-23T10:45:04.389+0000] {subprocess.py:106} INFO - 	at org.apache.spark.sql.kafka010.KafkaOffsetReaderBase.$anonfun$getOffsetRangesFromResolvedOffsets$9(KafkaOffsetReader.scala:250)
[2026-05-23T10:45:04.389+0000] {subprocess.py:106} INFO - 	at scala.collection.immutable.List.map(List.scala:236)
[2026-05-23T10:45:04.389+0000] {subprocess.py:106} INFO - 	at scala.collection.immutable.List.map(List.scala:79)
[2026-05-23T10:45:04.389+0000] {subprocess.py:106} INFO - 	at org.apache.spark.sql.kafka010.KafkaOffsetReaderBase.getOffsetRangesFromResolvedOffsets(KafkaOffsetReader.scala:241)
[2026-05-23T10:45:04.389+0000] {subprocess.py:106} INFO - 	at org.apache.spark.sql.kafka010.KafkaMicroBatchStream.planInputPartitions(KafkaMicroBatchStream.scala:220)
[2026-05-23T10:45:04.389+0000] {subprocess.py:106} INFO - 	at org.apache.spark.sql.execution.datasources.v2.MicroBatchScanExec.inputPartitions$lzycompute(MicroBatchScanExec.scala:51)
[2026-05-23T10:45:04.390+0000] {subprocess.py:106} INFO - 	at org.apache.spark.sql.execution.datasources.v2.MicroBatchScanExec.inputPartitions(MicroBatchScanExec.scala:50)
[2026-05-23T10:45:04.390+0000] {subprocess.py:106} INFO - 	at org.apache.spark.sql.execution.datasources.v2.DataSourceV2ScanExecBase.$anonfun$partitions$3(DataSourceV2ScanExecBase.scala:67)
[2026-05-23T10:45:04.390+0000] {subprocess.py:106} INFO - 	at scala.Option.getOrElse(Option.scala:201)
[2026-05-23T10:45:04.390+0000] {subprocess.py:106} INFO - 	at org.apache.spark.sql.execution.datasources.v2.DataSourceV2ScanExecBase.partitions(DataSourceV2ScanExecBase.scala:67)
[2026-05-23T10:45:04.390+0000] {subprocess.py:106} INFO - 	at org.apache.spark.sql.execution.datasources.v2.DataSourceV2ScanExecBase.partitions$(DataSourceV2ScanExecBase.scala:66)
[2026-05-23T10:45:04.390+0000] {subprocess.py:106} INFO - 	at org.apache.spark.sql.execution.datasources.v2.MicroBatchScanExec.partitions(MicroBatchScanExec.scala:31)
[2026-05-23T10:45:04.390+0000] {subprocess.py:106} INFO - 	at org.apache.spark.sql.execution.datasources.v2.MicroBatchScanExec.inputRDD$lzycompute(MicroBatchScanExec.scala:56)
[2026-05-23T10:45:04.390+0000] {subprocess.py:106} INFO - 	at org.apache.spark.sql.execution.datasources.v2.MicroBatchScanExec.inputRDD(MicroBatchScanExec.scala:55)
[2026-05-23T10:45:04.390+0000] {subprocess.py:106} INFO - 	at org.apache.spark.sql.execution.datasources.v2.DataSourceV2ScanExecBase.doExecute(DataSourceV2ScanExecBase.scala:187)
[2026-05-23T10:45:04.390+0000] {subprocess.py:106} INFO - 	at org.apache.spark.sql.execution.datasources.v2.DataSourceV2ScanExecBase.doExecute$(DataSourceV2ScanExecBase.scala:185)
[2026-05-23T10:45:04.390+0000] {subprocess.py:106} INFO - 	at org.apache.spark.sql.execution.datasources.v2.MicroBatchScanExec.doExecute(MicroBatchScanExec.scala:31)
[2026-05-23T10:45:04.390+0000] {subprocess.py:106} INFO - 	at org.apache.spark.sql.execution.SparkPlan.$anonfun$executeRDD$1(SparkPlan.scala:188)
[2026-05-23T10:45:04.390+0000] {subprocess.py:106} INFO - 	at scala.util.Try$.apply(Try.scala:217)
[2026-05-23T10:45:04.390+0000] {subprocess.py:106} INFO - 	at org.apache.spark.util.Utils$.doTryWithCallerStacktrace(Utils.scala:1392)
[2026-05-23T10:45:04.390+0000] {subprocess.py:106} INFO - 	at org.apache.spark.util.LazyTry.tryT$lzycompute(LazyTry.scala:46)
[2026-05-23T10:45:04.390+0000] {subprocess.py:106} INFO - 	at org.apache.spark.util.LazyTry.tryT(LazyTry.scala:46)
[2026-05-23T10:45:04.390+0000] {subprocess.py:106} INFO - 	at org.apache.spark.util.LazyTry.get(LazyTry.scala:58)
[2026-05-23T10:45:04.390+0000] {subprocess.py:106} INFO - 	at org.apache.spark.sql.execution.SparkPlan.$anonfun$execute$1(SparkPlan.scala:201)
[2026-05-23T10:45:04.390+0000] {subprocess.py:106} INFO - 	at org.apache.spark.sql.execution.SparkPlan.$anonfun$executeQuery$1(SparkPlan.scala:260)
[2026-05-23T10:45:04.390+0000] {subprocess.py:106} INFO - 	at org.apache.spark.rdd.RDDOperationScope$.withScope(RDDOperationScope.scala:151)
[2026-05-23T10:45:04.391+0000] {subprocess.py:106} INFO - 	at org.apache.spark.sql.execution.SparkPlan.executeQuery(SparkPlan.scala:257)
[2026-05-23T10:45:04.391+0000] {subprocess.py:106} INFO - 	at org.apache.spark.sql.execution.SparkPlan.execute(SparkPlan.scala:197)
[2026-05-23T10:45:04.391+0000] {subprocess.py:106} INFO - 	at org.apache.spark.sql.execution.InputAdapter.inputRDD(WholeStageCodegenExec.scala:533)
[2026-05-23T10:45:04.391+0000] {subprocess.py:106} INFO - 	at org.apache.spark.sql.execution.InputRDDCodegen.inputRDDs(WholeStageCodegenExec.scala:461)
[2026-05-23T10:45:04.391+0000] {subprocess.py:106} INFO - 	at org.apache.spark.sql.execution.InputRDDCodegen.inputRDDs$(WholeStageCodegenExec.scala:460)
[2026-05-23T10:45:04.391+0000] {subprocess.py:106} INFO - 	at org.apache.spark.sql.execution.InputAdapter.inputRDDs(WholeStageCodegenExec.scala:504)
[2026-05-23T10:45:04.391+0000] {subprocess.py:106} INFO - 	at org.apache.spark.sql.execution.ProjectExec.inputRDDs(basicPhysicalOperators.scala:51)
[2026-05-23T10:45:04.391+0000] {subprocess.py:106} INFO - 	at org.apache.spark.sql.execution.WholeStageCodegenExec.doExecute(WholeStageCodegenExec.scala:763)
[2026-05-23T10:45:04.391+0000] {subprocess.py:106} INFO - 	at org.apache.spark.sql.execution.SparkPlan.$anonfun$executeRDD$1(SparkPlan.scala:188)
[2026-05-23T10:45:04.392+0000] {subprocess.py:106} INFO - 	at scala.util.Try$.apply(Try.scala:217)
[2026-05-23T10:45:04.392+0000] {subprocess.py:106} INFO - 	at org.apache.spark.util.Utils$.getTryWithCallerStacktrace(Utils.scala:1453)
[2026-05-23T10:45:04.392+0000] {subprocess.py:106} INFO - 	at org.apache.spark.util.LazyTry.get(LazyTry.scala:58)
[2026-05-23T10:45:04.392+0000] {subprocess.py:106} INFO - 	at org.apache.spark.sql.execution.SparkPlan.$anonfun$execute$1(SparkPlan.scala:201)
[2026-05-23T10:45:04.392+0000] {subprocess.py:106} INFO - 	at org.apache.spark.sql.execution.SparkPlan.$anonfun$executeQuery$1(SparkPlan.scala:260)
[2026-05-23T10:45:04.392+0000] {subprocess.py:106} INFO - 	at org.apache.spark.rdd.RDDOperationScope$.withScope(RDDOperationScope.scala:151)
[2026-05-23T10:45:04.392+0000] {subprocess.py:106} INFO - 	at org.apache.spark.sql.execution.SparkPlan.executeQuery(SparkPlan.scala:257)
[2026-05-23T10:45:04.392+0000] {subprocess.py:106} INFO - 	at org.apache.spark.sql.execution.SparkPlan.execute(SparkPlan.scala:197)
[2026-05-23T10:45:04.392+0000] {subprocess.py:106} INFO - 	at org.apache.spark.sql.execution.datasources.FileFormatWriter$.$anonfun$executeWrite$1(FileFormatWriter.scala:228)
[2026-05-23T10:45:04.392+0000] {subprocess.py:106} INFO - 	at org.apache.spark.sql.execution.datasources.FileFormatWriter$.writeAndCommit(FileFormatWriter.scala:270)
[2026-05-23T10:45:04.392+0000] {subprocess.py:106} INFO - 	at org.apache.spark.sql.execution.datasources.FileFormatWriter$.executeWrite(FileFormatWriter.scala:211)
[2026-05-23T10:45:04.392+0000] {subprocess.py:106} INFO - 	at org.apache.spark.sql.execution.datasources.FileFormatWriter$.write(FileFormatWriter.scala:192)
[2026-05-23T10:45:04.392+0000] {subprocess.py:106} INFO - 	at org.apache.spark.sql.execution.streaming.sinks.FileStreamSink.addBatch(FileStreamSink.scala:178)
[2026-05-23T10:45:04.392+0000] {subprocess.py:106} INFO - 	at org.apache.spark.sql.execution.streaming.runtime.MicroBatchExecution.$anonfun$runBatch$19(MicroBatchExecution.scala:1074)
[2026-05-23T10:45:04.392+0000] {subprocess.py:106} INFO - 	at org.apache.spark.sql.execution.SQLExecution$.$anonfun$withNewExecutionId0$8(SQLExecution.scala:177)
[2026-05-23T10:45:04.392+0000] {subprocess.py:106} INFO - 	at org.apache.spark.sql.execution.SQLExecution$.withSessionTagsApplied(SQLExecution.scala:285)
[2026-05-23T10:45:04.392+0000] {subprocess.py:106} INFO - 	at org.apache.spark.sql.execution.SQLExecution$.$anonfun$withNewExecutionId0$7(SQLExecution.scala:139)
[2026-05-23T10:45:04.393+0000] {subprocess.py:106} INFO - 	at org.apache.spark.JobArtifactSet$.withActiveJobArtifactState(JobArtifactSet.scala:94)
[2026-05-23T10:45:04.393+0000] {subprocess.py:106} INFO - 	at org.apache.spark.sql.artifact.ArtifactManager.$anonfun$withResources$1(ArtifactManager.scala:112)
[2026-05-23T10:45:04.393+0000] {subprocess.py:106} INFO - 	at org.apache.spark.sql.artifact.ArtifactManager.withClassLoaderIfNeeded(ArtifactManager.scala:106)
[2026-05-23T10:45:04.393+0000] {subprocess.py:106} INFO - 	at org.apache.spark.sql.artifact.ArtifactManager.withResources(ArtifactManager.scala:111)
[2026-05-23T10:45:04.393+0000] {subprocess.py:106} INFO - 	at org.apache.spark.sql.execution.SQLExecution$.$anonfun$withNewExecutionId0$6(SQLExecution.scala:139)
[2026-05-23T10:45:04.393+0000] {subprocess.py:106} INFO - 	at org.apache.spark.sql.execution.SQLExecution$.withSQLConfPropagated(SQLExecution.scala:308)
[2026-05-23T10:45:04.393+0000] {subprocess.py:106} INFO - 	at org.apache.spark.sql.execution.SQLExecution$.$anonfun$withNewExecutionId0$1(SQLExecution.scala:138)
[2026-05-23T10:45:04.393+0000] {subprocess.py:106} INFO - 	at org.apache.spark.sql.SparkSession.withActive(SparkSession.scala:804)
[2026-05-23T10:45:04.393+0000] {subprocess.py:106} INFO - 	at org.apache.spark.sql.execution.SQLExecution$.withNewExecutionId0(SQLExecution.scala:92)
[2026-05-23T10:45:04.393+0000] {subprocess.py:106} INFO - 	at org.apache.spark.sql.execution.SQLExecution$.withNewExecutionId(SQLExecution.scala:250)
[2026-05-23T10:45:04.393+0000] {subprocess.py:106} INFO - 	at org.apache.spark.sql.execution.streaming.runtime.MicroBatchExecution.$anonfun$runBatch$18(MicroBatchExecution.scala:1065)
[2026-05-23T10:45:04.393+0000] {subprocess.py:106} INFO - 	at org.apache.spark.sql.execution.streaming.runtime.ProgressContext.reportTimeTaken(ProgressReporter.scala:200)
[2026-05-23T10:45:04.393+0000] {subprocess.py:106} INFO - 	at org.apache.spark.sql.execution.streaming.runtime.MicroBatchExecution.runBatch(MicroBatchExecution.scala:1065)
[2026-05-23T10:45:04.393+0000] {subprocess.py:106} INFO - 	at org.apache.spark.sql.execution.streaming.runtime.MicroBatchExecution.$anonfun$executeOneBatch$2(MicroBatchExecution.scala:516)
[2026-05-23T10:45:04.393+0000] {subprocess.py:106} INFO - 	at scala.runtime.java8.JFunction0$mcV$sp.apply(JFunction0$mcV$sp.scala:18)
[2026-05-23T10:45:04.393+0000] {subprocess.py:106} INFO - 	at org.apache.spark.sql.execution.streaming.runtime.ProgressContext.reportTimeTaken(ProgressReporter.scala:200)
[2026-05-23T10:45:04.393+0000] {subprocess.py:106} INFO - 	at org.apache.spark.sql.execution.streaming.runtime.MicroBatchExecution.executeOneBatch(MicroBatchExecution.scala:481)
[2026-05-23T10:45:04.393+0000] {subprocess.py:106} INFO - 	at org.apache.spark.sql.execution.streaming.runtime.MicroBatchExecution.$anonfun$runActivatedStream$1(MicroBatchExecution.scala:461)
[2026-05-23T10:45:04.393+0000] {subprocess.py:106} INFO - 	at org.apache.spark.sql.execution.streaming.runtime.MicroBatchExecution.$anonfun$runActivatedStream$1$adapted(MicroBatchExecution.scala:461)
[2026-05-23T10:45:04.393+0000] {subprocess.py:106} INFO - 	at org.apache.spark.sql.execution.streaming.runtime.TriggerExecutor.runOneBatch(TriggerExecutor.scala:40)
[2026-05-23T10:45:04.393+0000] {subprocess.py:106} INFO - 	at org.apache.spark.sql.execution.streaming.runtime.TriggerExecutor.runOneBatch$(TriggerExecutor.scala:38)
[2026-05-23T10:45:04.393+0000] {subprocess.py:106} INFO - 	at org.apache.spark.sql.execution.streaming.runtime.MultiBatchExecutor.runOneBatch(TriggerExecutor.scala:60)
[2026-05-23T10:45:04.393+0000] {subprocess.py:106} INFO - 	at org.apache.spark.sql.execution.streaming.runtime.MultiBatchExecutor.execute(TriggerExecutor.scala:65)
[2026-05-23T10:45:04.393+0000] {subprocess.py:106} INFO - 	at org.apache.spark.sql.execution.streaming.runtime.MicroBatchExecution.runActivatedStream(MicroBatchExecution.scala:461)
[2026-05-23T10:45:04.393+0000] {subprocess.py:106} INFO - 	at org.apache.spark.sql.execution.streaming.runtime.StreamExecution.$anonfun$runStream$1(StreamExecution.scala:347)
[2026-05-23T10:45:04.394+0000] {subprocess.py:106} INFO - 	at scala.runtime.java8.JFunction0$mcV$sp.apply(JFunction0$mcV$sp.scala:18)
[2026-05-23T10:45:04.394+0000] {subprocess.py:106} INFO - 	at org.apache.spark.sql.SparkSession.withActive(SparkSession.scala:804)
[2026-05-23T10:45:04.394+0000] {subprocess.py:106} INFO - 	at org.apache.spark.sql.execution.streaming.runtime.StreamExecution.org$apache$spark$sql$execution$streaming$runtime$StreamExecution$$runStream(StreamExecution.scala:307)
[2026-05-23T10:45:04.394+0000] {subprocess.py:106} INFO - 	at org.apache.spark.sql.execution.streaming.runtime.StreamExecution$$anon$1.run(StreamExecution.scala:230)
[2026-05-23T10:45:04.394+0000] {subprocess.py:106} INFO - 	Suppressed: org.apache.spark.util.Utils$OriginalTryStackTraceException: Full stacktrace of original doTryWithCallerStacktrace caller
[2026-05-23T10:45:04.394+0000] {subprocess.py:106} INFO - 		at org.apache.spark.sql.kafka010.KafkaExceptions$.partitionOffsetChanged(KafkaExceptions.scala:151)
[2026-05-23T10:45:04.394+0000] {subprocess.py:106} INFO - 		at org.apache.spark.sql.kafka010.KafkaOffsetReaderBase.$anonfun$getOffsetRangesFromResolvedOffsets$10(KafkaOffsetReader.scala:250)
[2026-05-23T10:45:04.394+0000] {subprocess.py:106} INFO - 		at org.apache.spark.sql.kafka010.KafkaMicroBatchStream.reportDataLoss(KafkaMicroBatchStream.scala:444)
[2026-05-23T10:45:04.394+0000] {subprocess.py:106} INFO - 		at org.apache.spark.sql.kafka010.KafkaMicroBatchStream.$anonfun$planInputPartitions$1(KafkaMicroBatchStream.scala:220)
[2026-05-23T10:45:04.394+0000] {subprocess.py:106} INFO - 		at org.apache.spark.sql.kafka010.KafkaMicroBatchStream.$anonfun$planInputPartitions$1$adapted(KafkaMicroBatchStream.scala:220)
[2026-05-23T10:45:04.394+0000] {subprocess.py:106} INFO - 		at org.apache.spark.sql.kafka010.KafkaOffsetReaderBase.$anonfun$getOffsetRangesFromResolvedOffsets$9(KafkaOffsetReader.scala:250)
[2026-05-23T10:45:04.394+0000] {subprocess.py:106} INFO - 		at scala.collection.immutable.List.map(List.scala:236)
[2026-05-23T10:45:04.394+0000] {subprocess.py:106} INFO - 		at scala.collection.immutable.List.map(List.scala:79)
[2026-05-23T10:45:04.394+0000] {subprocess.py:106} INFO - 		at org.apache.spark.sql.kafka010.KafkaOffsetReaderBase.getOffsetRangesFromResolvedOffsets(KafkaOffsetReader.scala:241)
[2026-05-23T10:45:04.394+0000] {subprocess.py:106} INFO - 		at org.apache.spark.sql.kafka010.KafkaMicroBatchStream.planInputPartitions(KafkaMicroBatchStream.scala:220)
[2026-05-23T10:45:04.394+0000] {subprocess.py:106} INFO - 		at org.apache.spark.sql.execution.datasources.v2.MicroBatchScanExec.inputPartitions$lzycompute(MicroBatchScanExec.scala:51)
[2026-05-23T10:45:04.394+0000] {subprocess.py:106} INFO - 		at org.apache.spark.sql.execution.datasources.v2.MicroBatchScanExec.inputPartitions(MicroBatchScanExec.scala:50)
[2026-05-23T10:45:04.394+0000] {subprocess.py:106} INFO - 		at org.apache.spark.sql.execution.datasources.v2.DataSourceV2ScanExecBase.$anonfun$partitions$3(DataSourceV2ScanExecBase.scala:67)
[2026-05-23T10:45:04.394+0000] {subprocess.py:106} INFO - 		at scala.Option.getOrElse(Option.scala:201)
[2026-05-23T10:45:04.394+0000] {subprocess.py:106} INFO - 		at org.apache.spark.sql.execution.datasources.v2.DataSourceV2ScanExecBase.partitions(DataSourceV2ScanExecBase.scala:67)
[2026-05-23T10:45:04.394+0000] {subprocess.py:106} INFO - 		at org.apache.spark.sql.execution.datasources.v2.DataSourceV2ScanExecBase.partitions$(DataSourceV2ScanExecBase.scala:66)
[2026-05-23T10:45:04.395+0000] {subprocess.py:106} INFO - 		at org.apache.spark.sql.execution.datasources.v2.MicroBatchScanExec.partitions(MicroBatchScanExec.scala:31)
[2026-05-23T10:45:04.395+0000] {subprocess.py:106} INFO - 		at org.apache.spark.sql.execution.datasources.v2.MicroBatchScanExec.inputRDD$lzycompute(MicroBatchScanExec.scala:56)
[2026-05-23T10:45:04.395+0000] {subprocess.py:106} INFO - 		at org.apache.spark.sql.execution.datasources.v2.MicroBatchScanExec.inputRDD(MicroBatchScanExec.scala:55)
[2026-05-23T10:45:04.395+0000] {subprocess.py:106} INFO - 		at org.apache.spark.sql.execution.datasources.v2.DataSourceV2ScanExecBase.doExecute(DataSourceV2ScanExecBase.scala:187)
[2026-05-23T10:45:04.395+0000] {subprocess.py:106} INFO - 		at org.apache.spark.sql.execution.datasources.v2.DataSourceV2ScanExecBase.doExecute$(DataSourceV2ScanExecBase.scala:185)
[2026-05-23T10:45:04.395+0000] {subprocess.py:106} INFO - 		at org.apache.spark.sql.execution.datasources.v2.MicroBatchScanExec.doExecute(MicroBatchScanExec.scala:31)
[2026-05-23T10:45:04.395+0000] {subprocess.py:106} INFO - 		at org.apache.spark.sql.execution.SparkPlan.$anonfun$executeRDD$1(SparkPlan.scala:188)
[2026-05-23T10:45:04.395+0000] {subprocess.py:106} INFO - 		at scala.util.Try$.apply(Try.scala:217)
[2026-05-23T10:45:04.395+0000] {subprocess.py:106} INFO - 		at org.apache.spark.util.Utils$.doTryWithCallerStacktrace(Utils.scala:1392)
[2026-05-23T10:45:04.395+0000] {subprocess.py:106} INFO - 		at org.apache.spark.util.LazyTry.tryT$lzycompute(LazyTry.scala:46)
[2026-05-23T10:45:04.395+0000] {subprocess.py:106} INFO - 		at org.apache.spark.util.LazyTry.tryT(LazyTry.scala:46)
[2026-05-23T10:45:04.395+0000] {subprocess.py:106} INFO - 		at org.apache.spark.util.LazyTry.get(LazyTry.scala:58)
[2026-05-23T10:45:04.395+0000] {subprocess.py:106} INFO - 		at org.apache.spark.sql.execution.SparkPlan.$anonfun$execute$1(SparkPlan.scala:201)
[2026-05-23T10:45:04.395+0000] {subprocess.py:106} INFO - 		at org.apache.spark.sql.execution.SparkPlan.$anonfun$executeQuery$1(SparkPlan.scala:260)
[2026-05-23T10:45:04.395+0000] {subprocess.py:106} INFO - 		at org.apache.spark.rdd.RDDOperationScope$.withScope(RDDOperationScope.scala:151)
[2026-05-23T10:45:04.395+0000] {subprocess.py:106} INFO - 		at org.apache.spark.sql.execution.SparkPlan.executeQuery(SparkPlan.scala:257)
[2026-05-23T10:45:04.395+0000] {subprocess.py:106} INFO - 		at org.apache.spark.sql.execution.SparkPlan.execute(SparkPlan.scala:197)
[2026-05-23T10:45:04.395+0000] {subprocess.py:106} INFO - 		at org.apache.spark.sql.execution.InputAdapter.inputRDD(WholeStageCodegenExec.scala:533)
[2026-05-23T10:45:04.395+0000] {subprocess.py:106} INFO - 		at org.apache.spark.sql.execution.InputRDDCodegen.inputRDDs(WholeStageCodegenExec.scala:461)
[2026-05-23T10:45:04.395+0000] {subprocess.py:106} INFO - 		at org.apache.spark.sql.execution.InputRDDCodegen.inputRDDs$(WholeStageCodegenExec.scala:460)
[2026-05-23T10:45:04.395+0000] {subprocess.py:106} INFO - 		at org.apache.spark.sql.execution.InputAdapter.inputRDDs(WholeStageCodegenExec.scala:504)
[2026-05-23T10:45:04.396+0000] {subprocess.py:106} INFO - 		at org.apache.spark.sql.execution.ProjectExec.inputRDDs(basicPhysicalOperators.scala:51)
[2026-05-23T10:45:04.396+0000] {subprocess.py:106} INFO - 		at org.apache.spark.sql.execution.WholeStageCodegenExec.doExecute(WholeStageCodegenExec.scala:763)
[2026-05-23T10:45:04.396+0000] {subprocess.py:106} INFO - 		at org.apache.spark.sql.execution.SparkPlan.$anonfun$executeRDD$1(SparkPlan.scala:188)
[2026-05-23T10:45:04.396+0000] {subprocess.py:106} INFO - 		at scala.util.Try$.apply(Try.scala:217)
[2026-05-23T10:45:04.396+0000] {subprocess.py:106} INFO - 		at org.apache.spark.util.Utils$.doTryWithCallerStacktrace(Utils.scala:1392)
[2026-05-23T10:45:04.396+0000] {subprocess.py:106} INFO - 		at org.apache.spark.util.LazyTry.tryT$lzycompute(LazyTry.scala:46)
[2026-05-23T10:45:04.396+0000] {subprocess.py:106} INFO - 		at org.apache.spark.util.LazyTry.tryT(LazyTry.scala:46)
[2026-05-23T10:45:04.396+0000] {subprocess.py:106} INFO - 		... 44 more
[2026-05-23T10:45:04.481+0000] {subprocess.py:106} INFO - Connecting to Kafka Cluster over SSL...
[2026-05-23T10:45:04.482+0000] {subprocess.py:106} INFO - Stream configured with VARIANT! Waiting for data...
[2026-05-23T10:45:04.482+0000] {subprocess.py:106} INFO - Traceback (most recent call last):
[2026-05-23T10:45:04.482+0000] {subprocess.py:106} INFO -   File "/app/bronze_ingestion.py", line 44, in <module>
[2026-05-23T10:45:04.482+0000] {subprocess.py:106} INFO -     query.awaitTermination()
[2026-05-23T10:45:04.482+0000] {subprocess.py:106} INFO -   File "/home/airflow/.local/lib/python3.12/site-packages/pyspark/sql/streaming/query.py", line 225, in awaitTermination
[2026-05-23T10:45:04.482+0000] {subprocess.py:106} INFO -     return self._jsq.awaitTermination()
[2026-05-23T10:45:04.484+0000] {subprocess.py:106} INFO -            ^^^^^^^^^^^^^^^^^^^^^^^^^^^^
[2026-05-23T10:45:04.484+0000] {subprocess.py:106} INFO -   File "/home/airflow/.local/lib/python3.12/site-packages/py4j/java_gateway.py", line 1362, in __call__
[2026-05-23T10:45:04.485+0000] {subprocess.py:106} INFO -     return_value = get_return_value(
[2026-05-23T10:45:04.486+0000] {subprocess.py:106} INFO -                    ^^^^^^^^^^^^^^^^^
[2026-05-23T10:45:04.486+0000] {subprocess.py:106} INFO -   File "/home/airflow/.local/lib/python3.12/site-packages/pyspark/errors/exceptions/captured.py", line 269, in deco
[2026-05-23T10:45:04.486+0000] {subprocess.py:106} INFO -     raise converted from None
[2026-05-23T10:45:04.486+0000] {subprocess.py:106} INFO - pyspark.errors.exceptions.captured.StreamingQueryException: [STREAM_FAILED] Query [id = c8c3a662-b5c6-4727-899c-6059408c66e8, runId = aae19606-2d48-48ea-be39-914b82529a1f] terminated with exception: Some data may have been lost because they are not available in Kafka any more;
[2026-05-23T10:45:04.486+0000] {subprocess.py:106} INFO - either the data was aged out by Kafka or the topic may have been deleted before all the data in the
[2026-05-23T10:45:04.486+0000] {subprocess.py:106} INFO - topic was processed.
[2026-05-23T10:45:04.487+0000] {subprocess.py:106} INFO - If you don't want your streaming query to fail on such cases, set the source option failOnDataLoss to false.
[2026-05-23T10:45:04.487+0000] {subprocess.py:106} INFO - Reason: Partition raw_transactions_v2-0 offset was changed from 112733 to 4866.
[2026-05-23T10:45:04.487+0000] {subprocess.py:106} INFO - This could be either 1) a user error that the start offset is set beyond available offset when starting query, or 2) the kafka topic-partition is deleted and re-created. SQLSTATE: XXKST
[2026-05-23T10:45:04.487+0000] {subprocess.py:106} INFO - === Streaming Query ===
[2026-05-23T10:45:04.487+0000] {subprocess.py:106} INFO - Identifier: [id = c8c3a662-b5c6-4727-899c-6059408c66e8, runId = aae19606-2d48-48ea-be39-914b82529a1f]
[2026-05-23T10:45:04.487+0000] {subprocess.py:106} INFO - Current Committed Offsets: {KafkaV2[Subscribe[raw_transactions_v2]]: {"raw_transactions_v2":{"0":112733}}}
[2026-05-23T10:45:04.487+0000] {subprocess.py:106} INFO - Current Available Offsets: {KafkaV2[Subscribe[raw_transactions_v2]]: {"raw_transactions_v2":{"0":4866,"1":4824,"2":4973}}}
[2026-05-23T10:45:04.487+0000] {subprocess.py:106} INFO - 
[2026-05-23T10:45:04.490+0000] {subprocess.py:106} INFO - Current State: ACTIVE
[2026-05-23T10:45:04.490+0000] {subprocess.py:106} INFO - Thread State: RUNNABLE
[2026-05-23T10:45:04.490+0000] {subprocess.py:106} INFO - 
[2026-05-23T10:45:04.490+0000] {subprocess.py:106} INFO - Logical Plan:
[2026-05-23T10:45:04.490+0000] {subprocess.py:106} INFO - ~WriteToMicroBatchDataSourceV1 FileSink[file:/app/datalake/bronze/transactions], c8c3a662-b5c6-4727-899c-6059408c66e8, [path=./datalake/bronze/transactions, checkpointLocation=./datalake/bronze/checkpoints/transactions_ckpt], Append
[2026-05-23T10:45:04.490+0000] {subprocess.py:106} INFO - +- ~Project [parse_json(raw_json#14, true) AS variant_data#16, kafka_timestamp#15]
[2026-05-23T10:45:04.490+0000] {subprocess.py:106} INFO -    +- ~Project [cast(value#8 as string) AS raw_json#14, timestamp#12 AS kafka_timestamp#15]
[2026-05-23T10:45:04.490+0000] {subprocess.py:106} INFO -       +- ~StreamingDataSourceV2ScanRelation[key#7, value#8, topic#9, partition#10, offset#11L, timestamp#12, timestampType#13] KafkaTable
[2026-05-23T10:45:04.490+0000] {subprocess.py:106} INFO - 
[2026-05-23T10:45:04.916+0000] {subprocess.py:110} INFO - Command exited with return code 1
[2026-05-23T10:45:04.923+0000] {taskinstance.py:3337} ERROR - Task failed with exception
Traceback (most recent call last):
  File "/home/airflow/.local/lib/python3.12/site-packages/airflow/models/taskinstance.py", line 776, in _execute_task
    result = _execute_callable(context=context, **execute_callable_kwargs)
             ^^^^^^^^^^^^^^^^^^^^^^^^^^^^^^^^^^^^^^^^^^^^^^^^^^^^^^^^^^^^^
  File "/home/airflow/.local/lib/python3.12/site-packages/airflow/models/taskinstance.py", line 742, in _execute_callable
    return ExecutionCallableRunner(
           ^^^^^^^^^^^^^^^^^^^^^^^^
  File "/home/airflow/.local/lib/python3.12/site-packages/airflow/utils/operator_helpers.py", line 252, in run
    return self.func(*args, **kwargs)
           ^^^^^^^^^^^^^^^^^^^^^^^^^^
  File "/home/airflow/.local/lib/python3.12/site-packages/airflow/models/baseoperator.py", line 425, in wrapper
    return func(self, *args, **kwargs)
           ^^^^^^^^^^^^^^^^^^^^^^^^^^^
  File "/home/airflow/.local/lib/python3.12/site-packages/airflow/operators/bash.py", line 276, in execute
    raise AirflowException(
airflow.exceptions.AirflowException: Bash command failed. The command returned a non-zero exit code 1.
[2026-05-23T10:45:04.927+0000] {taskinstance.py:1242} INFO - Marking task as UP_FOR_RETRY. dag_id=fraud_pipeline_bronze_hourly, task_id=run_spark_pyspark_job, run_id=scheduled__2026-05-23T10:40:00+00:00, execution_date=20260523T104000, start_date=20260523T104500, end_date=20260523T104504
[2026-05-23T10:45:04.941+0000] {taskinstance.py:349} INFO - ::group::Post task execution logs
[2026-05-23T10:45:04.941+0000] {standard_task_runner.py:124} ERROR - Failed to execute job 3 for task run_spark_pyspark_job (Bash command failed. The command returned a non-zero exit code 1.; 517)
Traceback (most recent call last):
  File "/home/airflow/.local/lib/python3.12/site-packages/airflow/task/task_runner/standard_task_runner.py", line 117, in _start_by_fork
    ret = args.func(args, dag=self.dag)
          ^^^^^^^^^^^^^^^^^^^^^^^^^^^^^
  File "/home/airflow/.local/lib/python3.12/site-packages/airflow/cli/cli_config.py", line 49, in command
    return func(*args, **kwargs)
           ^^^^^^^^^^^^^^^^^^^^^
  File "/home/airflow/.local/lib/python3.12/site-packages/airflow/utils/cli.py", line 116, in wrapper
    return f(*args, **kwargs)
           ^^^^^^^^^^^^^^^^^^
  File "/home/airflow/.local/lib/python3.12/site-packages/airflow/cli/commands/task_command.py", line 483, in task_run
    task_return_code = _run_task_by_selected_method(args, _dag, ti)
                       ^^^^^^^^^^^^^^^^^^^^^^^^^^^^^^^^^^^^^^^^^^^^
  File "/home/airflow/.local/lib/python3.12/site-packages/airflow/cli/commands/task_command.py", line 256, in _run_task_by_selected_method
    return _run_raw_task(args, ti)
           ^^^^^^^^^^^^^^^^^^^^^^^
  File "/home/airflow/.local/lib/python3.12/site-packages/airflow/cli/commands/task_command.py", line 341, in _run_raw_task
    return ti._run_raw_task(
           ^^^^^^^^^^^^^^^^^
  File "/home/airflow/.local/lib/python3.12/site-packages/airflow/utils/session.py", line 97, in wrapper
    return func(*args, session=session, **kwargs)
           ^^^^^^^^^^^^^^^^^^^^^^^^^^^^^^^^^^^^^^
  File "/home/airflow/.local/lib/python3.12/site-packages/airflow/models/taskinstance.py", line 3030, in _run_raw_task
    return _run_raw_task(
           ^^^^^^^^^^^^^^
  File "/home/airflow/.local/lib/python3.12/site-packages/airflow/models/taskinstance.py", line 282, in _run_raw_task
    TaskInstance._execute_task_with_callbacks(
  File "/home/airflow/.local/lib/python3.12/site-packages/airflow/models/taskinstance.py", line 3185, in _execute_task_with_callbacks
    result = self._execute_task(context, task_orig)
             ^^^^^^^^^^^^^^^^^^^^^^^^^^^^^^^^^^^^^^
  File "/home/airflow/.local/lib/python3.12/site-packages/airflow/models/taskinstance.py", line 3209, in _execute_task
    return _execute_task(self, context, task_orig)
           ^^^^^^^^^^^^^^^^^^^^^^^^^^^^^^^^^^^^^^^
  File "/home/airflow/.local/lib/python3.12/site-packages/airflow/models/taskinstance.py", line 776, in _execute_task
    result = _execute_callable(context=context, **execute_callable_kwargs)
             ^^^^^^^^^^^^^^^^^^^^^^^^^^^^^^^^^^^^^^^^^^^^^^^^^^^^^^^^^^^^^
  File "/home/airflow/.local/lib/python3.12/site-packages/airflow/models/taskinstance.py", line 742, in _execute_callable
    return ExecutionCallableRunner(
           ^^^^^^^^^^^^^^^^^^^^^^^^
  File "/home/airflow/.local/lib/python3.12/site-packages/airflow/utils/operator_helpers.py", line 252, in run
    return self.func(*args, **kwargs)
           ^^^^^^^^^^^^^^^^^^^^^^^^^^
  File "/home/airflow/.local/lib/python3.12/site-packages/airflow/models/baseoperator.py", line 425, in wrapper
    return func(self, *args, **kwargs)
           ^^^^^^^^^^^^^^^^^^^^^^^^^^^
  File "/home/airflow/.local/lib/python3.12/site-packages/airflow/operators/bash.py", line 276, in execute
    raise AirflowException(
airflow.exceptions.AirflowException: Bash command failed. The command returned a non-zero exit code 1.
[2026-05-23T10:45:04.944+0000] {local_task_job_runner.py:266} INFO - Task exited with return code 1
[2026-05-23T10:45:04.954+0000] {taskinstance.py:3925} INFO - 0 downstream tasks scheduled from follow-on schedule check
[2026-05-23T10:45:04.955+0000] {local_task_job_runner.py:245} INFO - ::endgroup::
