[2026-05-23T15:05:01.071+0000] {local_task_job_runner.py:123} INFO - ::group::Pre task execution logs
[2026-05-23T15:05:01.080+0000] {taskinstance.py:2632} INFO - Dependencies all met for dep_context=non-requeueable deps ti=<TaskInstance: fraud_medallion_pipeline.run_bronze_layer scheduled__2026-05-23T15:00:00+00:00 [queued]>
[2026-05-23T15:05:01.082+0000] {taskinstance.py:2632} INFO - Dependencies all met for dep_context=requeueable deps ti=<TaskInstance: fraud_medallion_pipeline.run_bronze_layer scheduled__2026-05-23T15:00:00+00:00 [queued]>
[2026-05-23T15:05:01.082+0000] {taskinstance.py:2885} INFO - Starting attempt 1 of 2
[2026-05-23T15:05:01.090+0000] {taskinstance.py:2908} INFO - Executing <Task(BashOperator): run_bronze_layer> on 2026-05-23 15:00:00+00:00
[2026-05-23T15:05:01.094+0000] {logging_mixin.py:190} WARNING - /home/airflow/.local/lib/python3.12/site-packages/airflow/task/task_runner/standard_task_runner.py:70 DeprecationWarning: This process (pid=57578) is multi-threaded, use of fork() may lead to deadlocks in the child.
[2026-05-23T15:05:01.095+0000] {standard_task_runner.py:72} INFO - Started process 57579 to run task
[2026-05-23T15:05:01.094+0000] {standard_task_runner.py:104} INFO - Running: ['airflow', 'tasks', 'run', 'fraud_medallion_pipeline', 'run_bronze_layer', 'scheduled__2026-05-23T15:00:00+00:00', '--job-id', '59', '--raw', '--subdir', 'DAGS_FOLDER/spark_interval_ingestion.py', '--cfg-path', '/tmp/tmp76pzkyta']
[2026-05-23T15:05:01.096+0000] {standard_task_runner.py:105} INFO - Job 59: Subtask run_bronze_layer
[2026-05-23T15:05:01.123+0000] {task_command.py:467} INFO - Running <TaskInstance: fraud_medallion_pipeline.run_bronze_layer scheduled__2026-05-23T15:00:00+00:00 [running]> on host 03f8e21ba966
[2026-05-23T15:05:01.166+0000] {taskinstance.py:3158} INFO - Exporting env vars: AIRFLOW_CTX_DAG_EMAIL='bjk18261910@gmail.com' AIRFLOW_CTX_DAG_OWNER='agungpribadi' AIRFLOW_CTX_DAG_ID='fraud_medallion_pipeline' AIRFLOW_CTX_TASK_ID='run_bronze_layer' AIRFLOW_CTX_EXECUTION_DATE='2026-05-23T15:00:00+00:00' AIRFLOW_CTX_TRY_NUMBER='1' AIRFLOW_CTX_DAG_RUN_ID='scheduled__2026-05-23T15:00:00+00:00'
[2026-05-23T15:05:01.166+0000] {taskinstance.py:740} INFO - ::endgroup::
[2026-05-23T15:05:01.174+0000] {subprocess.py:78} INFO - Tmp dir root location: /tmp
[2026-05-23T15:05:01.174+0000] {subprocess.py:88} INFO - Running command: ['/usr/bin/bash', '-c', 'cd /app && python bronze_ingestion.py']
[2026-05-23T15:05:01.177+0000] {subprocess.py:99} INFO - Output:
[2026-05-23T15:05:01.560+0000] {subprocess.py:106} INFO - WARNING: Using incubator modules: jdk.incubator.vector
[2026-05-23T15:05:01.979+0000] {subprocess.py:106} INFO - :: loading settings :: url = jar:file:/home/airflow/.local/lib/python3.12/site-packages/pyspark/jars/ivy-2.5.3.jar!/org/apache/ivy/core/settings/ivysettings.xml
[2026-05-23T15:05:02.003+0000] {subprocess.py:106} INFO - Ivy Default Cache set to: /home/airflow/.ivy2.5.2/cache
[2026-05-23T15:05:02.003+0000] {subprocess.py:106} INFO - The jars for the packages stored in: /home/airflow/.ivy2.5.2/jars
[2026-05-23T15:05:02.004+0000] {subprocess.py:106} INFO - org.apache.spark#spark-sql-kafka-0-10_2.13 added as a dependency
[2026-05-23T15:05:02.004+0000] {subprocess.py:106} INFO - :: resolving dependencies :: org.apache.spark#spark-submit-parent-8c5b7d35-0023-444c-8c2d-f4686fd370d8;1.0
[2026-05-23T15:05:02.004+0000] {subprocess.py:106} INFO - 	confs: [default]
[2026-05-23T15:05:02.063+0000] {subprocess.py:106} INFO - 	found org.apache.spark#spark-sql-kafka-0-10_2.13;4.1.1 in central
[2026-05-23T15:05:02.084+0000] {subprocess.py:106} INFO - 	found org.apache.spark#spark-token-provider-kafka-0-10_2.13;4.1.1 in central
[2026-05-23T15:05:02.094+0000] {subprocess.py:106} INFO - 	found org.apache.kafka#kafka-clients;3.9.1 in central
[2026-05-23T15:05:02.102+0000] {subprocess.py:106} INFO - 	found org.lz4#lz4-java;1.8.0 in central
[2026-05-23T15:05:02.111+0000] {subprocess.py:106} INFO - 	found org.xerial.snappy#snappy-java;1.1.10.8 in central
[2026-05-23T15:05:02.117+0000] {subprocess.py:106} INFO - 	found org.slf4j#slf4j-api;2.0.17 in central
[2026-05-23T15:05:02.123+0000] {subprocess.py:106} INFO - 	found org.apache.hadoop#hadoop-client-runtime;3.4.2 in central
[2026-05-23T15:05:02.134+0000] {subprocess.py:106} INFO - 	found org.apache.hadoop#hadoop-client-api;3.4.2 in central
[2026-05-23T15:05:02.140+0000] {subprocess.py:106} INFO - 	found com.google.code.findbugs#jsr305;3.0.0 in central
[2026-05-23T15:05:02.144+0000] {subprocess.py:106} INFO - 	found org.scala-lang.modules#scala-parallel-collections_2.13;1.2.0 in central
[2026-05-23T15:05:02.148+0000] {subprocess.py:106} INFO - 	found org.apache.commons#commons-pool2;2.12.1 in central
[2026-05-23T15:05:02.156+0000] {subprocess.py:106} INFO - :: resolution report :: resolve 148ms :: artifacts dl 4ms
[2026-05-23T15:05:02.157+0000] {subprocess.py:106} INFO - 	:: modules in use:
[2026-05-23T15:05:02.157+0000] {subprocess.py:106} INFO - 	com.google.code.findbugs#jsr305;3.0.0 from central in [default]
[2026-05-23T15:05:02.157+0000] {subprocess.py:106} INFO - 	org.apache.commons#commons-pool2;2.12.1 from central in [default]
[2026-05-23T15:05:02.157+0000] {subprocess.py:106} INFO - 	org.apache.hadoop#hadoop-client-api;3.4.2 from central in [default]
[2026-05-23T15:05:02.157+0000] {subprocess.py:106} INFO - 	org.apache.hadoop#hadoop-client-runtime;3.4.2 from central in [default]
[2026-05-23T15:05:02.157+0000] {subprocess.py:106} INFO - 	org.apache.kafka#kafka-clients;3.9.1 from central in [default]
[2026-05-23T15:05:02.157+0000] {subprocess.py:106} INFO - 	org.apache.spark#spark-sql-kafka-0-10_2.13;4.1.1 from central in [default]
[2026-05-23T15:05:02.157+0000] {subprocess.py:106} INFO - 	org.apache.spark#spark-token-provider-kafka-0-10_2.13;4.1.1 from central in [default]
[2026-05-23T15:05:02.157+0000] {subprocess.py:106} INFO - 	org.lz4#lz4-java;1.8.0 from central in [default]
[2026-05-23T15:05:02.157+0000] {subprocess.py:106} INFO - 	org.scala-lang.modules#scala-parallel-collections_2.13;1.2.0 from central in [default]
[2026-05-23T15:05:02.157+0000] {subprocess.py:106} INFO - 	org.slf4j#slf4j-api;2.0.17 from central in [default]
[2026-05-23T15:05:02.157+0000] {subprocess.py:106} INFO - 	org.xerial.snappy#snappy-java;1.1.10.8 from central in [default]
[2026-05-23T15:05:02.157+0000] {subprocess.py:106} INFO - 	---------------------------------------------------------------------
[2026-05-23T15:05:02.157+0000] {subprocess.py:106} INFO - 	|                  |            modules            ||   artifacts   |
[2026-05-23T15:05:02.157+0000] {subprocess.py:106} INFO - 	|       conf       | number| search|dwnlded|evicted|| number|dwnlded|
[2026-05-23T15:05:02.158+0000] {subprocess.py:106} INFO - 	---------------------------------------------------------------------
[2026-05-23T15:05:02.158+0000] {subprocess.py:106} INFO - 	|      default     |   11  |   0   |   0   |   0   ||   11  |   0   |
[2026-05-23T15:05:02.158+0000] {subprocess.py:106} INFO - 	---------------------------------------------------------------------
[2026-05-23T15:05:02.159+0000] {subprocess.py:106} INFO - :: retrieving :: org.apache.spark#spark-submit-parent-8c5b7d35-0023-444c-8c2d-f4686fd370d8
[2026-05-23T15:05:02.159+0000] {subprocess.py:106} INFO - 	confs: [default]
[2026-05-23T15:05:02.161+0000] {subprocess.py:106} INFO - 	0 artifacts copied, 11 already retrieved (0kB/2ms)
[2026-05-23T15:05:02.240+0000] {subprocess.py:106} INFO - 26/05/23 15:05:02 WARN NativeCodeLoader: Unable to load native-hadoop library for your platform... using builtin-java classes where applicable
[2026-05-23T15:05:02.303+0000] {subprocess.py:106} INFO - Using Spark's default log4j profile: org/apache/spark/log4j2-defaults.properties
[2026-05-23T15:05:02.303+0000] {subprocess.py:106} INFO - Setting default log level to "WARN".
[2026-05-23T15:05:02.304+0000] {subprocess.py:106} INFO - To adjust logging level use sc.setLogLevel(newLevel). For SparkR, use setLogLevel(newLevel).
[2026-05-23T15:05:04.650+0000] {subprocess.py:106} INFO - 26/05/23 15:05:04 WARN ResolveWriteToStream: spark.sql.adaptive.enabled is not supported in streaming DataFrames/Datasets and will be disabled.
[2026-05-23T15:44:51.651+0000] {subprocess.py:106} INFO - 26/05/23 15:44:51 WARN KafkaOffsetReaderAdmin: Error in attempt 1 getting Kafka offsets:
[2026-05-23T15:44:51.651+0000] {subprocess.py:106} INFO - java.util.concurrent.ExecutionException: org.apache.kafka.common.errors.TimeoutException: Timed out waiting for a node assignment. Call: listNodes
[2026-05-23T15:44:51.652+0000] {subprocess.py:106} INFO - 	at java.base/java.util.concurrent.CompletableFuture.reportGet(CompletableFuture.java:396)
[2026-05-23T15:44:51.652+0000] {subprocess.py:106} INFO - 	at java.base/java.util.concurrent.CompletableFuture.get(CompletableFuture.java:2073)
[2026-05-23T15:44:51.652+0000] {subprocess.py:106} INFO - 	at org.apache.kafka.common.internals.KafkaFutureImpl.get(KafkaFutureImpl.java:165)
[2026-05-23T15:44:51.652+0000] {subprocess.py:106} INFO - 	at org.apache.spark.sql.kafka010.ConsumerStrategy.retrieveAllPartitions(ConsumerStrategy.scala:65)
[2026-05-23T15:44:51.652+0000] {subprocess.py:106} INFO - 	at org.apache.spark.sql.kafka010.ConsumerStrategy.retrieveAllPartitions$(ConsumerStrategy.scala:64)
[2026-05-23T15:44:51.652+0000] {subprocess.py:106} INFO - 	at org.apache.spark.sql.kafka010.SubscribeStrategy.retrieveAllPartitions(ConsumerStrategy.scala:102)
[2026-05-23T15:44:51.652+0000] {subprocess.py:106} INFO - 	at org.apache.spark.sql.kafka010.SubscribeStrategy.assignedTopicPartitions(ConsumerStrategy.scala:113)
[2026-05-23T15:44:51.652+0000] {subprocess.py:106} INFO - 	at org.apache.spark.sql.kafka010.KafkaOffsetReaderAdmin.$anonfun$partitionsAssignedToAdmin$1(KafkaOffsetReaderAdmin.scala:447)
[2026-05-23T15:44:51.652+0000] {subprocess.py:106} INFO - 	at org.apache.spark.sql.kafka010.KafkaOffsetReaderAdmin.withRetries(KafkaOffsetReaderAdmin.scala:466)
[2026-05-23T15:44:51.653+0000] {subprocess.py:106} INFO - 	at org.apache.spark.sql.kafka010.KafkaOffsetReaderAdmin.partitionsAssignedToAdmin(KafkaOffsetReaderAdmin.scala:446)
[2026-05-23T15:44:51.653+0000] {subprocess.py:106} INFO - 	at org.apache.spark.sql.kafka010.KafkaOffsetReaderAdmin.fetchLatestOffsets(KafkaOffsetReaderAdmin.scala:302)
[2026-05-23T15:44:51.653+0000] {subprocess.py:106} INFO - 	at org.apache.spark.sql.kafka010.KafkaMicroBatchStream.latestOffset(KafkaMicroBatchStream.scala:145)
[2026-05-23T15:44:51.653+0000] {subprocess.py:106} INFO - 	at org.apache.spark.sql.execution.streaming.runtime.MicroBatchExecution.$anonfun$constructNextBatch$4(MicroBatchExecution.scala:773)
[2026-05-23T15:44:51.653+0000] {subprocess.py:106} INFO - 	at org.apache.spark.sql.execution.streaming.runtime.ProgressContext.reportTimeTaken(ProgressReporter.scala:200)
[2026-05-23T15:44:51.653+0000] {subprocess.py:106} INFO - 	at org.apache.spark.sql.execution.streaming.runtime.MicroBatchExecution.$anonfun$constructNextBatch$2(MicroBatchExecution.scala:772)
[2026-05-23T15:44:51.653+0000] {subprocess.py:106} INFO - 	at scala.collection.immutable.List.map(List.scala:236)
[2026-05-23T15:44:51.653+0000] {subprocess.py:106} INFO - 	at scala.collection.immutable.List.map(List.scala:79)
[2026-05-23T15:44:51.653+0000] {subprocess.py:106} INFO - 	at org.apache.spark.sql.execution.streaming.runtime.MicroBatchExecution.$anonfun$constructNextBatch$1(MicroBatchExecution.scala:761)
[2026-05-23T15:44:51.653+0000] {subprocess.py:106} INFO - 	at scala.runtime.java8.JFunction0$mcZ$sp.apply(JFunction0$mcZ$sp.scala:17)
[2026-05-23T15:44:51.653+0000] {subprocess.py:106} INFO - 	at org.apache.spark.sql.execution.streaming.runtime.MicroBatchExecution.withProgressLocked(MicroBatchExecution.scala:1335)
[2026-05-23T15:44:51.654+0000] {subprocess.py:106} INFO - 	at org.apache.spark.sql.execution.streaming.runtime.MicroBatchExecution.constructNextBatch(MicroBatchExecution.scala:757)
[2026-05-23T15:44:51.654+0000] {subprocess.py:106} INFO - 	at org.apache.spark.sql.execution.streaming.runtime.MicroBatchExecution.$anonfun$executeOneBatch$2(MicroBatchExecution.scala:492)
[2026-05-23T15:44:51.654+0000] {subprocess.py:106} INFO - 	at scala.runtime.java8.JFunction0$mcV$sp.apply(JFunction0$mcV$sp.scala:18)
[2026-05-23T15:44:51.654+0000] {subprocess.py:106} INFO - 	at org.apache.spark.sql.execution.streaming.runtime.ProgressContext.reportTimeTaken(ProgressReporter.scala:200)
[2026-05-23T15:44:51.654+0000] {subprocess.py:106} INFO - 	at org.apache.spark.sql.execution.streaming.runtime.MicroBatchExecution.executeOneBatch(MicroBatchExecution.scala:481)
[2026-05-23T15:44:51.654+0000] {subprocess.py:106} INFO - 	at org.apache.spark.sql.execution.streaming.runtime.MicroBatchExecution.$anonfun$runActivatedStream$1(MicroBatchExecution.scala:461)
[2026-05-23T15:44:51.654+0000] {subprocess.py:106} INFO - 	at org.apache.spark.sql.execution.streaming.runtime.MicroBatchExecution.$anonfun$runActivatedStream$1$adapted(MicroBatchExecution.scala:461)
[2026-05-23T15:44:51.654+0000] {subprocess.py:106} INFO - 	at org.apache.spark.sql.execution.streaming.runtime.TriggerExecutor.runOneBatch(TriggerExecutor.scala:40)
[2026-05-23T15:44:51.654+0000] {subprocess.py:106} INFO - 	at org.apache.spark.sql.execution.streaming.runtime.TriggerExecutor.runOneBatch$(TriggerExecutor.scala:38)
[2026-05-23T15:44:51.654+0000] {subprocess.py:106} INFO - 	at org.apache.spark.sql.execution.streaming.runtime.MultiBatchExecutor.runOneBatch(TriggerExecutor.scala:60)
[2026-05-23T15:44:51.654+0000] {subprocess.py:106} INFO - 	at org.apache.spark.sql.execution.streaming.runtime.MultiBatchExecutor.execute(TriggerExecutor.scala:65)
[2026-05-23T15:44:51.654+0000] {subprocess.py:106} INFO - 	at org.apache.spark.sql.execution.streaming.runtime.MicroBatchExecution.runActivatedStream(MicroBatchExecution.scala:461)
[2026-05-23T15:44:51.654+0000] {subprocess.py:106} INFO - 	at org.apache.spark.sql.execution.streaming.runtime.StreamExecution.$anonfun$runStream$1(StreamExecution.scala:347)
[2026-05-23T15:44:51.654+0000] {subprocess.py:106} INFO - 	at scala.runtime.java8.JFunction0$mcV$sp.apply(JFunction0$mcV$sp.scala:18)
[2026-05-23T15:44:51.654+0000] {subprocess.py:106} INFO - 	at org.apache.spark.sql.SparkSession.withActive(SparkSession.scala:804)
[2026-05-23T15:44:51.654+0000] {subprocess.py:106} INFO - 	at org.apache.spark.sql.execution.streaming.runtime.StreamExecution.org$apache$spark$sql$execution$streaming$runtime$StreamExecution$$runStream(StreamExecution.scala:307)
[2026-05-23T15:44:51.654+0000] {subprocess.py:106} INFO - 	at org.apache.spark.sql.execution.streaming.runtime.StreamExecution$$anon$1.run(StreamExecution.scala:230)
[2026-05-23T15:44:51.654+0000] {subprocess.py:106} INFO - Caused by: org.apache.kafka.common.errors.TimeoutException: Timed out waiting for a node assignment. Call: listNodes
[2026-05-23T15:44:52.790+0000] {job.py:229} INFO - Heartbeat recovered after 2391.74 seconds
[2026-05-23T15:44:54.416+0000] {subprocess.py:106} INFO - [Stage 0:>                                                          (0 + 3) / 3]                                                                                Connecting to Kafka Cluster over SSL...
[2026-05-23T15:44:54.417+0000] {subprocess.py:106} INFO - Batch processing complete. Exiting cleanly.
[2026-05-23T15:44:54.875+0000] {subprocess.py:110} INFO - Command exited with return code 0
[2026-05-23T15:44:54.894+0000] {taskinstance.py:349} INFO - ::group::Post task execution logs
[2026-05-23T15:44:54.895+0000] {taskinstance.py:361} INFO - Marking task as SUCCESS. dag_id=fraud_medallion_pipeline, task_id=run_bronze_layer, run_id=scheduled__2026-05-23T15:00:00+00:00, execution_date=20260523T150000, start_date=20260523T150501, end_date=20260523T154454
[2026-05-23T15:44:54.911+0000] {local_task_job_runner.py:266} INFO - Task exited with return code 0
[2026-05-23T15:44:54.927+0000] {taskinstance.py:3925} INFO - 1 downstream tasks scheduled from follow-on schedule check
[2026-05-23T15:44:54.927+0000] {local_task_job_runner.py:245} INFO - ::endgroup::
