[2026-05-23T13:19:05.723+0000] {local_task_job_runner.py:123} INFO - ::group::Pre task execution logs
[2026-05-23T13:19:05.739+0000] {taskinstance.py:2632} INFO - Dependencies all met for dep_context=non-requeueable deps ti=<TaskInstance: fraud_medallion_pipeline.run_bronze_layer scheduled__2026-05-23T12:55:00+00:00 [queued]>
[2026-05-23T13:19:05.747+0000] {taskinstance.py:2632} INFO - Dependencies all met for dep_context=requeueable deps ti=<TaskInstance: fraud_medallion_pipeline.run_bronze_layer scheduled__2026-05-23T12:55:00+00:00 [queued]>
[2026-05-23T13:19:05.747+0000] {taskinstance.py:2885} INFO - Starting attempt 2 of 2
[2026-05-23T13:19:05.760+0000] {taskinstance.py:2908} INFO - Executing <Task(BashOperator): run_bronze_layer> on 2026-05-23 12:55:00+00:00
[2026-05-23T13:19:05.763+0000] {logging_mixin.py:190} WARNING - /home/airflow/.local/lib/python3.12/site-packages/airflow/task/task_runner/standard_task_runner.py:70 DeprecationWarning: This process (pid=12235) is multi-threaded, use of fork() may lead to deadlocks in the child.
[2026-05-23T13:19:05.764+0000] {standard_task_runner.py:72} INFO - Started process 12403 to run task
[2026-05-23T13:19:05.764+0000] {standard_task_runner.py:104} INFO - Running: ['airflow', 'tasks', 'run', 'fraud_medallion_pipeline', 'run_bronze_layer', 'scheduled__2026-05-23T12:55:00+00:00', '--job-id', '50', '--raw', '--subdir', 'DAGS_FOLDER/spark_interval_ingestion.py', '--cfg-path', '/tmp/tmpk7uzz_s9']
[2026-05-23T13:19:05.766+0000] {standard_task_runner.py:105} INFO - Job 50: Subtask run_bronze_layer
[2026-05-23T13:19:05.804+0000] {task_command.py:467} INFO - Running <TaskInstance: fraud_medallion_pipeline.run_bronze_layer scheduled__2026-05-23T12:55:00+00:00 [running]> on host 03f8e21ba966
[2026-05-23T13:19:05.889+0000] {taskinstance.py:3158} INFO - Exporting env vars: AIRFLOW_CTX_DAG_EMAIL='bjk18261910@gmail.com' AIRFLOW_CTX_DAG_OWNER='agungpribadi' AIRFLOW_CTX_DAG_ID='fraud_medallion_pipeline' AIRFLOW_CTX_TASK_ID='run_bronze_layer' AIRFLOW_CTX_EXECUTION_DATE='2026-05-23T12:55:00+00:00' AIRFLOW_CTX_TRY_NUMBER='2' AIRFLOW_CTX_DAG_RUN_ID='scheduled__2026-05-23T12:55:00+00:00'
[2026-05-23T13:19:05.890+0000] {taskinstance.py:740} INFO - ::endgroup::
[2026-05-23T13:19:05.916+0000] {subprocess.py:78} INFO - Tmp dir root location: /tmp
[2026-05-23T13:19:05.917+0000] {subprocess.py:88} INFO - Running command: ['/usr/bin/bash', '-c', 'cd /app && python bronze_ingestion.py']
[2026-05-23T13:19:05.930+0000] {subprocess.py:99} INFO - Output:
[2026-05-23T13:19:06.654+0000] {subprocess.py:106} INFO - WARNING: Using incubator modules: jdk.incubator.vector
[2026-05-23T13:19:09.416+0000] {subprocess.py:106} INFO - :: loading settings :: url = jar:file:/home/airflow/.local/lib/python3.12/site-packages/pyspark/jars/ivy-2.5.3.jar!/org/apache/ivy/core/settings/ivysettings.xml
[2026-05-23T13:19:09.536+0000] {subprocess.py:106} INFO - Ivy Default Cache set to: /home/airflow/.ivy2.5.2/cache
[2026-05-23T13:19:09.539+0000] {subprocess.py:106} INFO - The jars for the packages stored in: /home/airflow/.ivy2.5.2/jars
[2026-05-23T13:19:09.540+0000] {subprocess.py:106} INFO - org.apache.spark#spark-sql-kafka-0-10_2.13 added as a dependency
[2026-05-23T13:19:09.544+0000] {subprocess.py:106} INFO - :: resolving dependencies :: org.apache.spark#spark-submit-parent-f5fa4618-f377-4542-8c09-fa979208c004;1.0
[2026-05-23T13:19:09.546+0000] {subprocess.py:106} INFO - 	confs: [default]
[2026-05-23T13:19:09.769+0000] {subprocess.py:106} INFO - 	found org.apache.spark#spark-sql-kafka-0-10_2.13;4.1.1 in central
[2026-05-23T13:19:09.913+0000] {subprocess.py:106} INFO - 	found org.apache.spark#spark-token-provider-kafka-0-10_2.13;4.1.1 in central
[2026-05-23T13:19:09.955+0000] {subprocess.py:106} INFO - 	found org.apache.kafka#kafka-clients;3.9.1 in central
[2026-05-23T13:19:09.966+0000] {subprocess.py:106} INFO - 	found org.lz4#lz4-java;1.8.0 in central
[2026-05-23T13:19:10.006+0000] {subprocess.py:106} INFO - 	found org.xerial.snappy#snappy-java;1.1.10.8 in central
[2026-05-23T13:19:10.019+0000] {subprocess.py:106} INFO - 	found org.slf4j#slf4j-api;2.0.17 in central
[2026-05-23T13:19:10.043+0000] {subprocess.py:106} INFO - 	found org.apache.hadoop#hadoop-client-runtime;3.4.2 in central
[2026-05-23T13:19:10.077+0000] {subprocess.py:106} INFO - 	found org.apache.hadoop#hadoop-client-api;3.4.2 in central
[2026-05-23T13:19:10.109+0000] {subprocess.py:106} INFO - 	found com.google.code.findbugs#jsr305;3.0.0 in central
[2026-05-23T13:19:10.120+0000] {subprocess.py:106} INFO - 	found org.scala-lang.modules#scala-parallel-collections_2.13;1.2.0 in central
[2026-05-23T13:19:10.126+0000] {subprocess.py:106} INFO - 	found org.apache.commons#commons-pool2;2.12.1 in central
[2026-05-23T13:19:10.134+0000] {subprocess.py:106} INFO - :: resolution report :: resolve 593ms :: artifacts dl 4ms
[2026-05-23T13:19:10.135+0000] {subprocess.py:106} INFO - 	:: modules in use:
[2026-05-23T13:19:10.135+0000] {subprocess.py:106} INFO - 	com.google.code.findbugs#jsr305;3.0.0 from central in [default]
[2026-05-23T13:19:10.135+0000] {subprocess.py:106} INFO - 	org.apache.commons#commons-pool2;2.12.1 from central in [default]
[2026-05-23T13:19:10.135+0000] {subprocess.py:106} INFO - 	org.apache.hadoop#hadoop-client-api;3.4.2 from central in [default]
[2026-05-23T13:19:10.135+0000] {subprocess.py:106} INFO - 	org.apache.hadoop#hadoop-client-runtime;3.4.2 from central in [default]
[2026-05-23T13:19:10.135+0000] {subprocess.py:106} INFO - 	org.apache.kafka#kafka-clients;3.9.1 from central in [default]
[2026-05-23T13:19:10.135+0000] {subprocess.py:106} INFO - 	org.apache.spark#spark-sql-kafka-0-10_2.13;4.1.1 from central in [default]
[2026-05-23T13:19:10.135+0000] {subprocess.py:106} INFO - 	org.apache.spark#spark-token-provider-kafka-0-10_2.13;4.1.1 from central in [default]
[2026-05-23T13:19:10.135+0000] {subprocess.py:106} INFO - 	org.lz4#lz4-java;1.8.0 from central in [default]
[2026-05-23T13:19:10.136+0000] {subprocess.py:106} INFO - 	org.scala-lang.modules#scala-parallel-collections_2.13;1.2.0 from central in [default]
[2026-05-23T13:19:10.136+0000] {subprocess.py:106} INFO - 	org.slf4j#slf4j-api;2.0.17 from central in [default]
[2026-05-23T13:19:10.136+0000] {subprocess.py:106} INFO - 	org.xerial.snappy#snappy-java;1.1.10.8 from central in [default]
[2026-05-23T13:19:10.136+0000] {subprocess.py:106} INFO - 	---------------------------------------------------------------------
[2026-05-23T13:19:10.136+0000] {subprocess.py:106} INFO - 	|                  |            modules            ||   artifacts   |
[2026-05-23T13:19:10.136+0000] {subprocess.py:106} INFO - 	|       conf       | number| search|dwnlded|evicted|| number|dwnlded|
[2026-05-23T13:19:10.136+0000] {subprocess.py:106} INFO - 	---------------------------------------------------------------------
[2026-05-23T13:19:10.136+0000] {subprocess.py:106} INFO - 	|      default     |   11  |   0   |   0   |   0   ||   11  |   0   |
[2026-05-23T13:19:10.136+0000] {subprocess.py:106} INFO - 	---------------------------------------------------------------------
[2026-05-23T13:19:10.139+0000] {subprocess.py:106} INFO - :: retrieving :: org.apache.spark#spark-submit-parent-f5fa4618-f377-4542-8c09-fa979208c004
[2026-05-23T13:19:10.139+0000] {subprocess.py:106} INFO - 	confs: [default]
[2026-05-23T13:19:10.147+0000] {subprocess.py:106} INFO - 	0 artifacts copied, 11 already retrieved (0kB/7ms)
[2026-05-23T13:19:10.391+0000] {subprocess.py:106} INFO - 26/05/23 13:19:10 WARN NativeCodeLoader: Unable to load native-hadoop library for your platform... using builtin-java classes where applicable
[2026-05-23T13:19:10.655+0000] {subprocess.py:106} INFO - Using Spark's default log4j profile: org/apache/spark/log4j2-defaults.properties
[2026-05-23T13:19:10.656+0000] {subprocess.py:106} INFO - Setting default log level to "WARN".
[2026-05-23T13:19:10.656+0000] {subprocess.py:106} INFO - To adjust logging level use sc.setLogLevel(newLevel). For SparkR, use setLogLevel(newLevel).
[2026-05-23T13:19:14.864+0000] {subprocess.py:106} INFO - 26/05/23 13:19:14 WARN ResolveWriteToStream: spark.sql.adaptive.enabled is not supported in streaming DataFrames/Datasets and will be disabled.
[2026-05-23T13:19:15.733+0000] {subprocess.py:106} INFO - 26/05/23 13:19:15 ERROR MicroBatchExecution: Query [id = 89195f1b-afe4-4952-8bbe-b8b6b757477f, runId = 84deae52-17a6-4a3b-8c0a-0b6e06b20eba] terminated with error
[2026-05-23T13:19:15.734+0000] {subprocess.py:106} INFO - org.apache.spark.SparkException: [CONCURRENT_STREAM_LOG_UPDATE] Concurrent update to the log. Multiple streaming jobs detected for 6.
[2026-05-23T13:19:15.735+0000] {subprocess.py:106} INFO - Please make sure only one streaming job runs on a specific checkpoint location at a time. SQLSTATE: 40000
[2026-05-23T13:19:15.735+0000] {subprocess.py:106} INFO - 	at org.apache.spark.sql.errors.QueryExecutionErrors$.concurrentStreamLogUpdate(QueryExecutionErrors.scala:1284)
[2026-05-23T13:19:15.735+0000] {subprocess.py:106} INFO - 	at org.apache.spark.sql.execution.streaming.runtime.MicroBatchExecution.markMicroBatchStart(MicroBatchExecution.scala:1111)
[2026-05-23T13:19:15.735+0000] {subprocess.py:106} INFO - 	at org.apache.spark.sql.execution.streaming.runtime.MicroBatchExecution.$anonfun$constructNextBatch$15(MicroBatchExecution.scala:821)
[2026-05-23T13:19:15.735+0000] {subprocess.py:106} INFO - 	at scala.runtime.java8.JFunction0$mcV$sp.apply(JFunction0$mcV$sp.scala:18)
[2026-05-23T13:19:15.735+0000] {subprocess.py:106} INFO - 	at org.apache.spark.sql.execution.streaming.runtime.ProgressContext.reportTimeTaken(ProgressReporter.scala:200)
[2026-05-23T13:19:15.735+0000] {subprocess.py:106} INFO - 	at org.apache.spark.sql.execution.streaming.runtime.MicroBatchExecution.$anonfun$constructNextBatch$1(MicroBatchExecution.scala:820)
[2026-05-23T13:19:15.735+0000] {subprocess.py:106} INFO - 	at scala.runtime.java8.JFunction0$mcZ$sp.apply(JFunction0$mcZ$sp.scala:17)
[2026-05-23T13:19:15.735+0000] {subprocess.py:106} INFO - 	at org.apache.spark.sql.execution.streaming.runtime.MicroBatchExecution.withProgressLocked(MicroBatchExecution.scala:1335)
[2026-05-23T13:19:15.735+0000] {subprocess.py:106} INFO - 	at org.apache.spark.sql.execution.streaming.runtime.MicroBatchExecution.constructNextBatch(MicroBatchExecution.scala:757)
[2026-05-23T13:19:15.735+0000] {subprocess.py:106} INFO - 	at org.apache.spark.sql.execution.streaming.runtime.MicroBatchExecution.$anonfun$executeOneBatch$2(MicroBatchExecution.scala:492)
[2026-05-23T13:19:15.736+0000] {subprocess.py:106} INFO - 	at scala.runtime.java8.JFunction0$mcV$sp.apply(JFunction0$mcV$sp.scala:18)
[2026-05-23T13:19:15.736+0000] {subprocess.py:106} INFO - 	at org.apache.spark.sql.execution.streaming.runtime.ProgressContext.reportTimeTaken(ProgressReporter.scala:200)
[2026-05-23T13:19:15.737+0000] {subprocess.py:106} INFO - 	at org.apache.spark.sql.execution.streaming.runtime.MicroBatchExecution.executeOneBatch(MicroBatchExecution.scala:481)
[2026-05-23T13:19:15.739+0000] {subprocess.py:106} INFO - 	at org.apache.spark.sql.execution.streaming.runtime.MicroBatchExecution.$anonfun$runActivatedStream$1(MicroBatchExecution.scala:461)
[2026-05-23T13:19:15.740+0000] {subprocess.py:106} INFO - 	at org.apache.spark.sql.execution.streaming.runtime.MicroBatchExecution.$anonfun$runActivatedStream$1$adapted(MicroBatchExecution.scala:461)
[2026-05-23T13:19:15.740+0000] {subprocess.py:106} INFO - 	at org.apache.spark.sql.execution.streaming.runtime.TriggerExecutor.runOneBatch(TriggerExecutor.scala:40)
[2026-05-23T13:19:15.740+0000] {subprocess.py:106} INFO - 	at org.apache.spark.sql.execution.streaming.runtime.TriggerExecutor.runOneBatch$(TriggerExecutor.scala:38)
[2026-05-23T13:19:15.740+0000] {subprocess.py:106} INFO - 	at org.apache.spark.sql.execution.streaming.runtime.MultiBatchExecutor.runOneBatch(TriggerExecutor.scala:60)
[2026-05-23T13:19:15.740+0000] {subprocess.py:106} INFO - 	at org.apache.spark.sql.execution.streaming.runtime.MultiBatchExecutor.execute(TriggerExecutor.scala:65)
[2026-05-23T13:19:15.741+0000] {subprocess.py:106} INFO - 	at org.apache.spark.sql.execution.streaming.runtime.MicroBatchExecution.runActivatedStream(MicroBatchExecution.scala:461)
[2026-05-23T13:19:15.741+0000] {subprocess.py:106} INFO - 	at org.apache.spark.sql.execution.streaming.runtime.StreamExecution.$anonfun$runStream$1(StreamExecution.scala:347)
[2026-05-23T13:19:15.741+0000] {subprocess.py:106} INFO - 	at scala.runtime.java8.JFunction0$mcV$sp.apply(JFunction0$mcV$sp.scala:18)
[2026-05-23T13:19:15.741+0000] {subprocess.py:106} INFO - 	at org.apache.spark.sql.SparkSession.withActive(SparkSession.scala:804)
[2026-05-23T13:19:15.741+0000] {subprocess.py:106} INFO - 	at org.apache.spark.sql.execution.streaming.runtime.StreamExecution.org$apache$spark$sql$execution$streaming$runtime$StreamExecution$$runStream(StreamExecution.scala:307)
[2026-05-23T13:19:15.741+0000] {subprocess.py:106} INFO - 	at org.apache.spark.sql.execution.streaming.runtime.StreamExecution$$anon$1.run(StreamExecution.scala:230)
[2026-05-23T13:19:15.776+0000] {subprocess.py:106} INFO - Connecting to Kafka Cluster over SSL...
[2026-05-23T13:19:15.776+0000] {subprocess.py:106} INFO - Traceback (most recent call last):
[2026-05-23T13:19:15.777+0000] {subprocess.py:106} INFO -   File "/app/bronze_ingestion.py", line 56, in <module>
[2026-05-23T13:19:15.777+0000] {subprocess.py:106} INFO -     query.awaitTermination()
[2026-05-23T13:19:15.777+0000] {subprocess.py:106} INFO -   File "/home/airflow/.local/lib/python3.12/site-packages/pyspark/sql/streaming/query.py", line 225, in awaitTermination
[2026-05-23T13:19:15.777+0000] {subprocess.py:106} INFO -     return self._jsq.awaitTermination()
[2026-05-23T13:19:15.777+0000] {subprocess.py:106} INFO -            ^^^^^^^^^^^^^^^^^^^^^^^^^^^^
[2026-05-23T13:19:15.777+0000] {subprocess.py:106} INFO -   File "/home/airflow/.local/lib/python3.12/site-packages/py4j/java_gateway.py", line 1362, in __call__
[2026-05-23T13:19:15.777+0000] {subprocess.py:106} INFO -     return_value = get_return_value(
[2026-05-23T13:19:15.777+0000] {subprocess.py:106} INFO -                    ^^^^^^^^^^^^^^^^^
[2026-05-23T13:19:15.778+0000] {subprocess.py:106} INFO -   File "/home/airflow/.local/lib/python3.12/site-packages/pyspark/errors/exceptions/captured.py", line 269, in deco
[2026-05-23T13:19:15.778+0000] {subprocess.py:106} INFO -     raise converted from None
[2026-05-23T13:19:15.778+0000] {subprocess.py:106} INFO - pyspark.errors.exceptions.captured.StreamingQueryException: [STREAM_FAILED] Query [id = 89195f1b-afe4-4952-8bbe-b8b6b757477f, runId = 84deae52-17a6-4a3b-8c0a-0b6e06b20eba] terminated with exception: [CONCURRENT_STREAM_LOG_UPDATE] Concurrent update to the log. Multiple streaming jobs detected for 6.
[2026-05-23T13:19:15.778+0000] {subprocess.py:106} INFO - Please make sure only one streaming job runs on a specific checkpoint location at a time. SQLSTATE: 40000 SQLSTATE: XXKST
[2026-05-23T13:19:15.778+0000] {subprocess.py:106} INFO - === Streaming Query ===
[2026-05-23T13:19:15.778+0000] {subprocess.py:106} INFO - Identifier: [id = 89195f1b-afe4-4952-8bbe-b8b6b757477f, runId = 84deae52-17a6-4a3b-8c0a-0b6e06b20eba]
[2026-05-23T13:19:15.778+0000] {subprocess.py:106} INFO - Current Committed Offsets: {KafkaV2[Subscribe[raw_transactions_v2]]: {"raw_transactions_v2":{"0":207659,"1":208142,"2":207939}}}
[2026-05-23T13:19:15.779+0000] {subprocess.py:106} INFO - Current Available Offsets: {KafkaV2[Subscribe[raw_transactions_v2]]: {"raw_transactions_v2":{"0":208445,"1":208928,"2":208761}}}
[2026-05-23T13:19:15.779+0000] {subprocess.py:106} INFO - 
[2026-05-23T13:19:15.779+0000] {subprocess.py:106} INFO - Current State: ACTIVE
[2026-05-23T13:19:15.779+0000] {subprocess.py:106} INFO - Thread State: RUNNABLE
[2026-05-23T13:19:15.779+0000] {subprocess.py:106} INFO - 
[2026-05-23T13:19:15.779+0000] {subprocess.py:106} INFO - Logical Plan:
[2026-05-23T13:19:15.780+0000] {subprocess.py:106} INFO - ~WriteToMicroBatchDataSourceV1 FileSink[file:/app/datalake/bronze/transactions], 89195f1b-afe4-4952-8bbe-b8b6b757477f, [path=./datalake/bronze/transactions, checkpointLocation=./datalake/bronze/checkpoints/transactions_ckpt], Append
[2026-05-23T13:19:15.780+0000] {subprocess.py:106} INFO - +- ~Project [variant_data#17, kafka_timestamp#15]
[2026-05-23T13:19:15.780+0000] {subprocess.py:106} INFO -    +- ~Project [raw_json#14, kafka_timestamp#15, CASE WHEN isnull(variant_data#16) THEN cast(raise_error(USER_RAISED_EXCEPTION, map(errorMessage, concat(CRITICAL: Invalid JSON detected -> , raw_json#14)), NullType) as variant) ELSE variant_data#16 END AS variant_data#17]
[2026-05-23T13:19:15.781+0000] {subprocess.py:106} INFO -       +- ~Project [raw_json#14, kafka_timestamp#15, parse_json(raw_json#14, true) AS variant_data#16]
[2026-05-23T13:19:15.781+0000] {subprocess.py:106} INFO -          +- ~Project [cast(value#8 as string) AS raw_json#14, timestamp#12 AS kafka_timestamp#15]
[2026-05-23T13:19:15.781+0000] {subprocess.py:106} INFO -             +- ~StreamingDataSourceV2ScanRelation[key#7, value#8, topic#9, partition#10, offset#11L, timestamp#12, timestampType#13] KafkaTable
[2026-05-23T13:19:15.781+0000] {subprocess.py:106} INFO - 
[2026-05-23T13:19:16.344+0000] {subprocess.py:110} INFO - Command exited with return code 1
[2026-05-23T13:19:16.362+0000] {taskinstance.py:3337} ERROR - Task failed with exception
Traceback (most recent call last):
  File "/home/airflow/.local/lib/python3.12/site-packages/airflow/models/taskinstance.py", line 776, in _execute_task
    result = _execute_callable(context=context, **execute_callable_kwargs)
             ^^^^^^^^^^^^^^^^^^^^^^^^^^^^^^^^^^^^^^^^^^^^^^^^^^^^^^^^^^^^^
  File "/home/airflow/.local/lib/python3.12/site-packages/airflow/models/taskinstance.py", line 742, in _execute_callable
    return ExecutionCallableRunner(
           ^^^^^^^^^^^^^^^^^^^^^^^^
  File "/home/airflow/.local/lib/python3.12/site-packages/airflow/utils/operator_helpers.py", line 252, in run
    return self.func(*args, **kwargs)
           ^^^^^^^^^^^^^^^^^^^^^^^^^^
  File "/home/airflow/.local/lib/python3.12/site-packages/airflow/models/baseoperator.py", line 425, in wrapper
    return func(self, *args, **kwargs)
           ^^^^^^^^^^^^^^^^^^^^^^^^^^^
  File "/home/airflow/.local/lib/python3.12/site-packages/airflow/operators/bash.py", line 276, in execute
    raise AirflowException(
airflow.exceptions.AirflowException: Bash command failed. The command returned a non-zero exit code 1.
[2026-05-23T13:19:16.368+0000] {taskinstance.py:1242} INFO - Marking task as FAILED. dag_id=fraud_medallion_pipeline, task_id=run_bronze_layer, run_id=scheduled__2026-05-23T12:55:00+00:00, execution_date=20260523T125500, start_date=20260523T131905, end_date=20260523T131916
[2026-05-23T13:19:16.392+0000] {logging_mixin.py:190} WARNING - /home/airflow/.local/lib/python3.12/site-packages/airflow/utils/email.py:155 RemovedInAirflow3Warning: Fetching SMTP credentials from configuration variables will be deprecated in a future release. Please set credentials using a connection instead.
[2026-05-23T13:19:16.393+0000] {email.py:272} INFO - Email alerting: attempt 1
[2026-05-23T13:19:17.930+0000] {email.py:283} INFO - Sent an alert email to ['bjk18261910@gmail.com']
[2026-05-23T13:19:33.926+0000] {email.py:272} INFO - Email alerting: attempt 1
[2026-05-23T15:00:06.751+0000] {taskinstance.py:1251} ERROR - Failed to send email to: ['bjk18261910@gmail.com']
Traceback (most recent call last):
  File "/home/airflow/.local/lib/python3.12/site-packages/airflow/models/taskinstance.py", line 282, in _run_raw_task
    TaskInstance._execute_task_with_callbacks(
  File "/home/airflow/.local/lib/python3.12/site-packages/airflow/models/taskinstance.py", line 3185, in _execute_task_with_callbacks
    result = self._execute_task(context, task_orig)
             ^^^^^^^^^^^^^^^^^^^^^^^^^^^^^^^^^^^^^^
  File "/home/airflow/.local/lib/python3.12/site-packages/airflow/models/taskinstance.py", line 3209, in _execute_task
    return _execute_task(self, context, task_orig)
           ^^^^^^^^^^^^^^^^^^^^^^^^^^^^^^^^^^^^^^^
  File "/home/airflow/.local/lib/python3.12/site-packages/airflow/models/taskinstance.py", line 776, in _execute_task
    result = _execute_callable(context=context, **execute_callable_kwargs)
             ^^^^^^^^^^^^^^^^^^^^^^^^^^^^^^^^^^^^^^^^^^^^^^^^^^^^^^^^^^^^^
  File "/home/airflow/.local/lib/python3.12/site-packages/airflow/models/taskinstance.py", line 742, in _execute_callable
    return ExecutionCallableRunner(
           ^^^^^^^^^^^^^^^^^^^^^^^^
  File "/home/airflow/.local/lib/python3.12/site-packages/airflow/utils/operator_helpers.py", line 252, in run
    return self.func(*args, **kwargs)
           ^^^^^^^^^^^^^^^^^^^^^^^^^^
  File "/home/airflow/.local/lib/python3.12/site-packages/airflow/models/baseoperator.py", line 425, in wrapper
    return func(self, *args, **kwargs)
           ^^^^^^^^^^^^^^^^^^^^^^^^^^^
  File "/home/airflow/.local/lib/python3.12/site-packages/airflow/operators/bash.py", line 276, in execute
    raise AirflowException(
airflow.exceptions.AirflowException: Bash command failed. The command returned a non-zero exit code 1.

During handling of the above exception, another exception occurred:

Traceback (most recent call last):
  File "/home/airflow/.local/lib/python3.12/site-packages/airflow/models/taskinstance.py", line 1459, in _email_alert
    send_email(task.email, subject, html_content)
  File "/home/airflow/.local/lib/python3.12/site-packages/airflow/utils/email.py", line 80, in send_email
    return backend(
           ^^^^^^^^
  File "/home/airflow/.local/lib/python3.12/site-packages/airflow/utils/email.py", line 155, in send_email_smtp
    send_mime_email(e_from=mail_from, e_to=recipients, mime_msg=msg, conn_id=conn_id, dryrun=dryrun)
  File "/home/airflow/.local/lib/python3.12/site-packages/airflow/utils/email.py", line 284, in send_mime_email
    smtp_conn.sendmail(e_from, e_to, mime_msg.as_string())
  File "/usr/local/lib/python3.12/smtplib.py", line 891, in sendmail
    (code, resp) = self.data(msg)
                   ^^^^^^^^^^^^^^
  File "/usr/local/lib/python3.12/smtplib.py", line 580, in data
    (code, msg) = self.getreply()
                  ^^^^^^^^^^^^^^^
  File "/usr/local/lib/python3.12/smtplib.py", line 405, in getreply
    raise SMTPServerDisconnected("Connection unexpectedly closed")
smtplib.SMTPServerDisconnected: Connection unexpectedly closed

During handling of the above exception, another exception occurred:

Traceback (most recent call last):
  File "/home/airflow/.local/lib/python3.12/site-packages/airflow/models/taskinstance.py", line 1249, in _handle_failure
    task_instance.email_alert(error, failure_context["task"])
  File "/home/airflow/.local/lib/python3.12/site-packages/airflow/models/taskinstance.py", line 3635, in email_alert
    _email_alert(task_instance=self, exception=exception, task=task)
  File "/home/airflow/.local/lib/python3.12/site-packages/airflow/models/taskinstance.py", line 1461, in _email_alert
    send_email(task.email, subject, html_content_err)
  File "/home/airflow/.local/lib/python3.12/site-packages/airflow/utils/email.py", line 80, in send_email
    return backend(
           ^^^^^^^^
  File "/home/airflow/.local/lib/python3.12/site-packages/airflow/utils/email.py", line 155, in send_email_smtp
    send_mime_email(e_from=mail_from, e_to=recipients, mime_msg=msg, conn_id=conn_id, dryrun=dryrun)
  File "/home/airflow/.local/lib/python3.12/site-packages/airflow/utils/email.py", line 282, in send_mime_email
    smtp_conn.login(smtp_user, smtp_password)
  File "/usr/local/lib/python3.12/smtplib.py", line 714, in login
    self.ehlo_or_helo_if_needed()
  File "/usr/local/lib/python3.12/smtplib.py", line 611, in ehlo_or_helo_if_needed
    if not (200 <= self.ehlo()[0] <= 299):
                   ^^^^^^^^^^^
  File "/usr/local/lib/python3.12/smtplib.py", line 452, in ehlo
    (code, msg) = self.getreply()
                  ^^^^^^^^^^^^^^^
  File "/usr/local/lib/python3.12/smtplib.py", line 405, in getreply
    raise SMTPServerDisconnected("Connection unexpectedly closed")
smtplib.SMTPServerDisconnected: Connection unexpectedly closed
[2026-05-23T15:00:06.777+0000] {taskinstance.py:349} INFO - ::group::Post task execution logs
[2026-05-23T15:00:06.777+0000] {standard_task_runner.py:124} ERROR - Failed to execute job 50 for task run_bronze_layer (Bash command failed. The command returned a non-zero exit code 1.; 12403)
Traceback (most recent call last):
  File "/home/airflow/.local/lib/python3.12/site-packages/airflow/task/task_runner/standard_task_runner.py", line 117, in _start_by_fork
    ret = args.func(args, dag=self.dag)
          ^^^^^^^^^^^^^^^^^^^^^^^^^^^^^
  File "/home/airflow/.local/lib/python3.12/site-packages/airflow/cli/cli_config.py", line 49, in command
    return func(*args, **kwargs)
           ^^^^^^^^^^^^^^^^^^^^^
  File "/home/airflow/.local/lib/python3.12/site-packages/airflow/utils/cli.py", line 116, in wrapper
    return f(*args, **kwargs)
           ^^^^^^^^^^^^^^^^^^
  File "/home/airflow/.local/lib/python3.12/site-packages/airflow/cli/commands/task_command.py", line 483, in task_run
    task_return_code = _run_task_by_selected_method(args, _dag, ti)
                       ^^^^^^^^^^^^^^^^^^^^^^^^^^^^^^^^^^^^^^^^^^^^
  File "/home/airflow/.local/lib/python3.12/site-packages/airflow/cli/commands/task_command.py", line 256, in _run_task_by_selected_method
    return _run_raw_task(args, ti)
           ^^^^^^^^^^^^^^^^^^^^^^^
  File "/home/airflow/.local/lib/python3.12/site-packages/airflow/cli/commands/task_command.py", line 341, in _run_raw_task
    return ti._run_raw_task(
           ^^^^^^^^^^^^^^^^^
  File "/home/airflow/.local/lib/python3.12/site-packages/airflow/utils/session.py", line 97, in wrapper
    return func(*args, session=session, **kwargs)
           ^^^^^^^^^^^^^^^^^^^^^^^^^^^^^^^^^^^^^^
  File "/home/airflow/.local/lib/python3.12/site-packages/airflow/models/taskinstance.py", line 3030, in _run_raw_task
    return _run_raw_task(
           ^^^^^^^^^^^^^^
  File "/home/airflow/.local/lib/python3.12/site-packages/airflow/models/taskinstance.py", line 282, in _run_raw_task
    TaskInstance._execute_task_with_callbacks(
  File "/home/airflow/.local/lib/python3.12/site-packages/airflow/models/taskinstance.py", line 3185, in _execute_task_with_callbacks
    result = self._execute_task(context, task_orig)
             ^^^^^^^^^^^^^^^^^^^^^^^^^^^^^^^^^^^^^^
  File "/home/airflow/.local/lib/python3.12/site-packages/airflow/models/taskinstance.py", line 3209, in _execute_task
    return _execute_task(self, context, task_orig)
           ^^^^^^^^^^^^^^^^^^^^^^^^^^^^^^^^^^^^^^^
  File "/home/airflow/.local/lib/python3.12/site-packages/airflow/models/taskinstance.py", line 776, in _execute_task
    result = _execute_callable(context=context, **execute_callable_kwargs)
             ^^^^^^^^^^^^^^^^^^^^^^^^^^^^^^^^^^^^^^^^^^^^^^^^^^^^^^^^^^^^^
  File "/home/airflow/.local/lib/python3.12/site-packages/airflow/models/taskinstance.py", line 742, in _execute_callable
    return ExecutionCallableRunner(
           ^^^^^^^^^^^^^^^^^^^^^^^^
  File "/home/airflow/.local/lib/python3.12/site-packages/airflow/utils/operator_helpers.py", line 252, in run
    return self.func(*args, **kwargs)
           ^^^^^^^^^^^^^^^^^^^^^^^^^^
  File "/home/airflow/.local/lib/python3.12/site-packages/airflow/models/baseoperator.py", line 425, in wrapper
    return func(self, *args, **kwargs)
           ^^^^^^^^^^^^^^^^^^^^^^^^^^^
  File "/home/airflow/.local/lib/python3.12/site-packages/airflow/operators/bash.py", line 276, in execute
    raise AirflowException(
airflow.exceptions.AirflowException: Bash command failed. The command returned a non-zero exit code 1.
[2026-05-23T15:00:06.786+0000] {local_task_job_runner.py:266} INFO - Task exited with return code 1
[2026-05-23T15:00:06.800+0000] {taskinstance.py:3925} INFO - 0 downstream tasks scheduled from follow-on schedule check
[2026-05-23T15:00:06.801+0000] {standard_task_runner.py:217} INFO - Process not found (most likely exited), stop collecting metrics
[2026-05-23T15:00:06.801+0000] {local_task_job_runner.py:245} INFO - ::endgroup::
